node:internal/modules/package_json_reader:301
  throw new ERR_MODULE_NOT_FOUND(packageName, fileURLToPath(base), null);
        ^

Error [ERR_MODULE_NOT_FOUND]: Cannot find package 'zod' imported from /workspace/scratch/adce1c53b293/harness-judge-target/packs/autonomy/repo-template/scripts/quality-orchestrator/classify.mjs
    at Object.getPackageJSONURL (node:internal/modules/package_json_reader:301:9)
    at packageResolve (node:internal/modules/esm/resolve:768:81)
    at moduleResolve (node:internal/modules/esm/resolve:859:18)
    at defaultResolve (node:internal/modules/esm/resolve:992:11)
    at #cachedDefaultResolve (node:internal/modules/esm/loader:701:20)
    at #resolveAndMaybeBlockOnLoaderThread (node:internal/modules/esm/loader:721:38)
    at ModuleLoader.resolveSync (node:internal/modules/esm/loader:759:56)
    at #resolve (node:internal/modules/esm/loader:683:17)
    at ModuleLoader.getOrCreateModuleJob (node:internal/modules/esm/loader:603:35)
    at ModuleJob.syncLink (node:internal/modules/esm/module_job:163:33) {
  code: 'ERR_MODULE_NOT_FOUND'
}

Node.js v24.19.0
✖ packs/autonomy/repo-template/scripts/quality-orchestrator/tests/closure-global-corrections.test.mjs (84.335485ms)
ℹ tests 1
ℹ suites 0
ℹ pass 0
ℹ fail 1
ℹ cancelled 0
ℹ skipped 0
ℹ todo 0
ℹ duration_ms 94.641907

✖ failing tests:

test at packs/autonomy/repo-template/scripts/quality-orchestrator/tests/closure-global-corrections.test.mjs:1:1
✖ packs/autonomy/repo-template/scripts/quality-orchestrator/tests/closure-global-corrections.test.mjs (84.335485ms)
  'test failed'
