test_arch_filters_compile_in_whole_document_preflight (__main__.ReviewRoundOneRegressions.test_arch_filters_compile_in_whole_document_preflight) ... ok
test_arch_rule_requires_explicit_exit_contract (__main__.ReviewRoundOneRegressions.test_arch_rule_requires_explicit_exit_contract) ... ok
test_budgeted_first_run_remains_valid (__main__.ReviewRoundOneRegressions.test_budgeted_first_run_remains_valid) ... ok
test_decision_append_requires_real_line_boundary (__main__.ReviewRoundOneRegressions.test_decision_append_requires_real_line_boundary) ... 
  test_decision_append_requires_real_line_boundary (__main__.ReviewRoundOneRegressions.test_decision_append_requires_real_line_boundary) (invalid_separator='dashes') ... FAIL
  test_decision_append_requires_real_line_boundary (__main__.ReviewRoundOneRegressions.test_decision_append_requires_real_line_boundary) (invalid_separator='spaces-before-newline') ... FAIL
  test_decision_append_requires_real_line_boundary (__main__.ReviewRoundOneRegressions.test_decision_append_requires_real_line_boundary) (invalid_separator='indented-dashes') ... FAIL
test_decision_comparison_preserves_exact_newline_bytes (__main__.ReviewRoundOneRegressions.test_decision_comparison_preserves_exact_newline_bytes) ... ok
test_decision_slug_collision_cannot_discard_entry (__main__.ReviewRoundOneRegressions.test_decision_slug_collision_cannot_discard_entry) ... ok
test_duplicate_arch_keys_reject_before_effects (__main__.ReviewRoundOneRegressions.test_duplicate_arch_keys_reject_before_effects) ... ok
test_duplicate_claim_authority_keys_reject_before_effects (__main__.ReviewRoundOneRegressions.test_duplicate_claim_authority_keys_reject_before_effects) ... ok
test_duplicate_claim_head_keys_reject_before_effects (__main__.ReviewRoundOneRegressions.test_duplicate_claim_head_keys_reject_before_effects) ... ok
test_duplicate_feature_keys_reject_before_effects (__main__.ReviewRoundOneRegressions.test_duplicate_feature_keys_reject_before_effects) ... ok
test_inconsistent_ledger_rejects_before_claim_authority_effects (__main__.ReviewRoundOneRegressions.test_inconsistent_ledger_rejects_before_claim_authority_effects) ... ok
test_inconsistent_ledger_rejects_before_claim_head_effects (__main__.ReviewRoundOneRegressions.test_inconsistent_ledger_rejects_before_claim_head_effects) ... ok
test_inconsistent_ledger_rejects_before_feature_effects (__main__.ReviewRoundOneRegressions.test_inconsistent_ledger_rejects_before_feature_effects) ... ok
test_invalid_arch_filter_cannot_hide_behind_no_match (__main__.ReviewRoundOneRegressions.test_invalid_arch_filter_cannot_hide_behind_no_match) ... ok
test_nul_arch_command_rejects_before_effects (__main__.ReviewRoundOneRegressions.test_nul_arch_command_rejects_before_effects) ... ok
test_nul_claim_command_rejects_before_effects (__main__.ReviewRoundOneRegressions.test_nul_claim_command_rejects_before_effects) ... ok
test_nul_feature_command_rejects_before_effects (__main__.ReviewRoundOneRegressions.test_nul_feature_command_rejects_before_effects) ... ok
test_partial_and_null_claim_ledgers_reject_before_effects (__main__.ReviewRoundOneRegressions.test_partial_and_null_claim_ledgers_reject_before_effects) ... ok
test_partial_and_null_ledgers_reject_before_effects (__main__.ReviewRoundOneRegressions.test_partial_and_null_ledgers_reject_before_effects) ... ok
test_recorded_attempt_requires_recovery_authority (__main__.ReviewRoundOneRegressions.test_recorded_attempt_requires_recovery_authority) ... ok
test_02_empty_command_must_not_execute_repair_text (h01_review_regressions.RegressionTests.test_02_empty_command_must_not_execute_repair_text) ... ok
test_03_claim_parse_failures_must_not_approve_empty_or_partial_claims (h01_review_regressions.RegressionTests.test_03_claim_parse_failures_must_not_approve_empty_or_partial_claims) ... ok
test_04_claims_require_the_explicit_authority_baseline (h01_review_regressions.RegressionTests.test_04_claims_require_the_explicit_authority_baseline) ... ok
test_05_cached_success_must_not_survive_changed_verification_inputs (h01_review_regressions.RegressionTests.test_05_cached_success_must_not_survive_changed_verification_inputs) ... ok
test_06_decisions_require_a_resolvable_explicit_base (h01_review_regressions.RegressionTests.test_06_decisions_require_a_resolvable_explicit_base) ... ok
test_07_decision_whitespace_must_not_change_executable_policy (h01_review_regressions.RegressionTests.test_07_decision_whitespace_must_not_change_executable_policy) ... ok
test_09_exit0_rule_must_reject_false_command (h01_local_regressions.LocalRegressions.test_09_exit0_rule_must_reject_false_command) ... ok
test_10_invalid_arch_root_must_not_pass (h01_local_regressions.LocalRegressions.test_10_invalid_arch_root_must_not_pass) ... ok
test_01_not_started_cannot_skip_activation (h01_state_regressions.StateRegressionTests.test_01_not_started_cannot_skip_activation) ... ok
test_02_wip_violation_blocks_before_execution (h01_state_regressions.StateRegressionTests.test_02_wip_violation_blocks_before_execution) ... ok
test_03_duplicate_ids_cannot_promote_unexecuted_feature (h01_state_regressions.StateRegressionTests.test_03_duplicate_ids_cannot_promote_unexecuted_feature) ... ok

======================================================================
FAIL: test_decision_append_requires_real_line_boundary (__main__.ReviewRoundOneRegressions.test_decision_append_requires_real_line_boundary) (invalid_separator='dashes')
----------------------------------------------------------------------
Traceback (most recent call last):
  File "/workspace/scratch/adce1c53b293/harness-kit/tests/h01-hardening-regressions.py", line 309, in test_decision_append_requires_real_line_boundary
    self.assertNotEqual(
AssertionError: 0 == 0 : separator bytes cannot extend the protected final line

======================================================================
FAIL: test_decision_append_requires_real_line_boundary (__main__.ReviewRoundOneRegressions.test_decision_append_requires_real_line_boundary) (invalid_separator='spaces-before-newline')
----------------------------------------------------------------------
Traceback (most recent call last):
  File "/workspace/scratch/adce1c53b293/harness-kit/tests/h01-hardening-regressions.py", line 309, in test_decision_append_requires_real_line_boundary
    self.assertNotEqual(
AssertionError: 0 == 0 : separator bytes cannot extend the protected final line

======================================================================
FAIL: test_decision_append_requires_real_line_boundary (__main__.ReviewRoundOneRegressions.test_decision_append_requires_real_line_boundary) (invalid_separator='indented-dashes')
----------------------------------------------------------------------
Traceback (most recent call last):
  File "/workspace/scratch/adce1c53b293/harness-kit/tests/h01-hardening-regressions.py", line 309, in test_decision_append_requires_real_line_boundary
    self.assertNotEqual(
AssertionError: 0 == 0 : separator bytes cannot extend the protected final line

----------------------------------------------------------------------
Ran 31 tests in 2.536s

FAILED (failures=3)
