TAP version 13
# Subtest: installed local canary: canonical RED, fresh commits, reused grant, human gate, unavailable release and lossless rollback
not ok 1 - installed local canary: canonical RED, fresh commits, reused grant, human gate, unavailable release and lossless rollback
  ---
  duration_ms: 2759.448689
  type: 'test'
  location: '/workspace/scratch/adce1c53b293/harness-kit/packs/autonomy/tests/canary.test.mjs:16:1'
  failureType: 'testCodeFailure'
  error: |-
    unsupported file mode
    + actual - expected
    
    + 'POLICY'
    - undefined
    
  code: 'ERR_ASSERTION'
  name: 'AssertionError'
  actual: 'POLICY'
  operator: 'strictEqual'
  stack: |-
    effect (file:///workspace/scratch/adce1c53b293/harness-kit/packs/autonomy/tests/canary.test.mjs:72:143)
    TestContext.<anonymous> (file:///workspace/scratch/adce1c53b293/harness-kit/packs/autonomy/tests/canary.test.mjs:74:3)
    async Test.run (node:internal/test_runner/test:1389:7)
    async startSubtestAfterBootstrap (node:internal/test_runner/harness:387:3)
  ...
1..1
# tests 1
# suites 0
# pass 0
# fail 1
# cancelled 0
# skipped 0
# todo 0
# duration_ms 2840.318133
