✖ local PR preparation reads base objects from a linked worktree common Git directory (18527.654809ms)
ℹ tests 1
ℹ suites 0
ℹ pass 0
ℹ fail 1
ℹ cancelled 0
ℹ skipped 0
ℹ todo 0
ℹ duration_ms 18870.257372

✖ failing tests:

test at packs/autonomy/repo-template/scripts/quality-orchestrator/tests/product-linked-worktree.test.mjs:7:1
✖ local PR preparation reads base objects from a linked worktree common Git directory (18527.654809ms)
  AssertionError [ERR_ASSERTION]: {"status":"POLICY","reason":"ENOENT: no such file or directory, lstat '/tmp/product-correction-6fE1bd/repository/.git/worktrees/source/objects'"}
  + actual - expected
  
  + undefined
  - 'HANDOFF_PREPARED'
  
      at TestContext.<anonymous> (file:///workspace/scratch/adce1c53b293/harness-human-interruption/packs/autonomy/repo-template/scripts/quality-orchestrator/tests/product-linked-worktree.test.mjs:12:9)
      at process.processTicksAndRejections (node:internal/process/task_queues:104:5)
      at async Test.run (node:internal/test_runner/test:1389:7)
      at async startSubtestAfterBootstrap (node:internal/test_runner/harness:387:3) {
    generatedMessage: false,
    code: 'ERR_ASSERTION',
    actual: undefined,
    expected: 'HANDOFF_PREPARED',
    operator: 'strictEqual',
    diff: 'simple'
  }
