TAP version 13
# Subtest: e2e: public capability writes canonical source and derived digest with persistent exact receipt
ok 1 - e2e: public capability writes canonical source and derived digest with persistent exact receipt
  ---
  duration_ms: 2689.204384
  type: 'test'
  ...
# Subtest: e2e: actual postcondition mismatch retains pending intent and never repeats a partial write
ok 2 - e2e: actual postcondition mismatch retains pending intent and never repeats a partial write
  ---
  duration_ms: 1822.072186
  type: 'test'
  ...
# Subtest: e2e: crash after complete publication reconciles exact bytes without republishing
ok 3 - e2e: crash after complete publication reconciles exact bytes without republishing
  ---
  duration_ms: 2111.772485
  type: 'test'
  ...
1..3
# tests 3
# suites 0
# pass 3
# fail 0
# cancelled 0
# skipped 0
# todo 0
# duration_ms 6939.583626
