TAP version 13
# Subtest: explicit autonomy installation preserves v1 and root package bytes; rerun never merges a runtime
ok 1 - explicit autonomy installation preserves v1 and root package bytes; rerun never merges a runtime
  ---
  duration_ms: 603.186107
  type: 'test'
  ...
# Subtest: default remains legacy; dry-run and activation option do not write
ok 2 - default remains legacy; dry-run and activation option do not write
  ---
  duration_ms: 154.525946
  type: 'test'
  ...
# Subtest: autonomy diagnostics name missing dependencies and unimplemented positive capabilities
ok 3 - autonomy diagnostics name missing dependencies and unimplemented positive capabilities
  ---
  duration_ms: 240.460124
  type: 'test'
  ...
# Subtest: autonomy install refuses a symlinked scripts parent before writing outside the consumer
ok 4 - autonomy install refuses a symlinked scripts parent before writing outside the consumer
  ---
  duration_ms: 50.170946
  type: 'test'
  ...
1..4
# tests 4
# suites 0
# pass 4
# fail 0
# cancelled 0
# skipped 0
# todo 0
# duration_ms 1146.666015
