TAP version 13
# Subtest: valid pinned adoption and accepted baseline yield opaque instance handles
ok 1 - valid pinned adoption and accepted baseline yield opaque instance handles
  ---
  duration_ms: 19.08081
  type: 'test'
  ...
# Subtest: receipt repo blocks even when signed
ok 2 - receipt repo blocks even when signed
  ---
  duration_ms: 1.621395
  type: 'test'
  ...
# Subtest: receipt subject blocks even when signed
ok 3 - receipt subject blocks even when signed
  ---
  duration_ms: 1.513186
  type: 'test'
  ...
# Subtest: receipt scope blocks even when signed
ok 4 - receipt scope blocks even when signed
  ---
  duration_ms: 1.660563
  type: 'test'
  ...
# Subtest: receipt kind blocks even when signed
ok 5 - receipt kind blocks even when signed
  ---
  duration_ms: 1.606714
  type: 'test'
  ...
# Subtest: receipt role blocks even when signed
ok 6 - receipt role blocks even when signed
  ---
  duration_ms: 1.352268
  type: 'test'
  ...
# Subtest: receipt issuer blocks even when signed
ok 7 - receipt issuer blocks even when signed
  ---
  duration_ms: 1.363484
  type: 'test'
  ...
# Subtest: receipt key blocks even when signed
ok 8 - receipt key blocks even when signed
  ---
  duration_ms: 1.555217
  type: 'test'
  ...
# Subtest: receipt expired blocks even when signed
ok 9 - receipt expired blocks even when signed
  ---
  duration_ms: 1.69925
  type: 'test'
  ...
# Subtest: receipt future blocks even when signed
ok 10 - receipt future blocks even when signed
  ---
  duration_ms: 1.663287
  type: 'test'
  ...
# Subtest: receipt epoch blocks even when signed
ok 11 - receipt epoch blocks even when signed
  ---
  duration_ms: 1.622648
  type: 'test'
  ...
# Subtest: receipt decision blocks even when signed
ok 12 - receipt decision blocks even when signed
  ---
  duration_ms: 1.464594
  type: 'test'
  ...
# Subtest: altered receipt signature and unknown fields block
ok 13 - altered receipt signature and unknown fields block
  ---
  duration_ms: 3.056526
  type: 'test'
  ...
# Subtest: missing time/revocation authority stops and revocation invalidates existing handles
ok 14 - missing time/revocation authority stops and revocation invalidates existing handles
  ---
  duration_ms: 4.058566
  type: 'test'
  ...
# Subtest: trusted inputs are copied and time/checkpoint freshness is checked repeatedly
ok 15 - trusted inputs are copied and time/checkpoint freshness is checked repeatedly
  ---
  duration_ms: 3.113299
  type: 'test'
  ...
# Subtest: authority bytes reject duplicate keys, unknown policy and noncanonical serialization
ok 16 - authority bytes reject duplicate keys, unknown policy and noncanonical serialization
  ---
  duration_ms: 1.367621
  type: 'test'
  ...
# Subtest: signature domain separation prevents signatures over ordinary JSON from authorizing
ok 17 - signature domain separation prevents signatures over ordinary JSON from authorizing
  ---
  duration_ms: 1.633143
  type: 'test'
  ...
# Subtest: recomputes canonical reorder and returns assessment without execution permission
ok 18 - recomputes canonical reorder and returns assessment without execution permission
  ---
  duration_ms: 24.298018
  type: 'test'
  ...
# Subtest: closed derived content digest update is recomputed from accepted/canonical source
ok 19 - closed derived content digest update is recomputed from accepted/canonical source
  ---
  duration_ms: 10.131317
  type: 'test'
  ...
# Subtest: semantic change, docs extension and arbitrary proof names cannot become mechanical
ok 20 - semantic change, docs extension and arbitrary proof names cannot become mechanical
  ---
  duration_ms: 5.303676
  type: 'test'
  ...
# Subtest: before substitution and unsigned/substituted baseline cannot be accepted
ok 21 - before substitution and unsigned/substituted baseline cannot be accepted
  ---
  duration_ms: 5.263917
  type: 'test'
  ...
# Subtest: forged, copied, foreign and stale contexts block
ok 22 - forged, copied, foreign and stale contexts block
  ---
  duration_ms: 7.020202
  type: 'test'
  ...
# Subtest: known normative changes require a human; mixed batches never partially authorize
ok 23 - known normative changes require a human; mixed batches never partially authorize
  ---
  duration_ms: 6.828809
  type: 'test'
  ...
# Subtest: empty batches, duplicate paths and missing before bindings are unknown
ok 24 - empty batches, duplicate paths and missing before bindings are unknown
  ---
  duration_ms: 3.706486
  type: 'test'
  ...
# Subtest: derived source substitution, recursive source and nonmechanical batch source block
ok 25 - derived source substitution, recursive source and nonmechanical batch source block
  ---
  duration_ms: 9.048899
  type: 'test'
  ...
# Subtest: candidate cannot replace schema, trust roots, policy or execution adapter
ok 26 - candidate cannot replace schema, trust roots, policy or execution adapter
  ---
  duration_ms: 3.897858
  type: 'test'
  ...
# Subtest: copied source bytes cannot mutate an already accepted context
ok 27 - copied source bytes cannot mutate an already accepted context
  ---
  duration_ms: 3.261739
  type: 'test'
  ...
# Subtest: baseline order is code-unit deterministic across case and locale
ok 28 - baseline order is code-unit deterministic across case and locale
  ---
  duration_ms: 2.234932
  type: 'test'
  ...
# Subtest: key reorder preserves canonical and semantic identity while content changes
ok 29 - key reorder preserves canonical and semantic identity while content changes
  ---
  duration_ms: 23.727565
  type: 'test'
  ...
# Subtest: lower threshold remains distinct
ok 30 - lower threshold remains distinct
  ---
  duration_ms: 4.563151
  type: 'test'
  ...
# Subtest: large integers remains distinct
ok 31 - large integers remains distinct
  ---
  duration_ms: 4.258572
  type: 'test'
  ...
# Subtest: near decimals remains distinct
ok 32 - near decimals remains distinct
  ---
  duration_ms: 3.961483
  type: 'test'
  ...
# Subtest: signed zero remains distinct
ok 33 - signed zero remains distinct
  ---
  duration_ms: 4.674416
  type: 'test'
  ...
# Subtest: exponents remains distinct
ok 34 - exponents remains distinct
  ---
  duration_ms: 5.971012
  type: 'test'
  ...
# Subtest: decimal spelling remains distinct
ok 35 - decimal spelling remains distinct
  ---
  duration_ms: 3.455065
  type: 'test'
  ...
# Subtest: human text whitespace and enum remain distinct
ok 36 - human text whitespace and enum remain distinct
  ---
  duration_ms: 6.930689
  type: 'test'
  ...
# Subtest: renamed field rejects
ok 37 - renamed field rejects
  ---
  duration_ms: 1.647985
  type: 'test'
  ...
# Subtest: unknown field rejects
ok 38 - unknown field rejects
  ---
  duration_ms: 1.308383
  type: 'test'
  ...
# Subtest: boolean as string rejects
ok 39 - boolean as string rejects
  ---
  duration_ms: 1.102549
  type: 'test'
  ...
# Subtest: number as string rejects
ok 40 - number as string rejects
  ---
  duration_ms: 1.156809
  type: 'test'
  ...
# Subtest: number as bool rejects
ok 41 - number as bool rejects
  ---
  duration_ms: 1.094787
  type: 'test'
  ...
# Subtest: duplicate keys rejects
ok 42 - duplicate keys rejects
  ---
  duration_ms: 1.549759
  type: 'test'
  ...
# Subtest: alias rejects
ok 43 - alias rejects
  ---
  duration_ms: 1.389793
  type: 'test'
  ...
# Subtest: tag rejects
ok 44 - tag rejects
  ---
  duration_ms: 1.776725
  type: 'test'
  ...
# Subtest: lossy form rejects
ok 45 - lossy form rejects
  ---
  duration_ms: 1.224719
  type: 'test'
  ...
# Subtest: hex rejects
ok 46 - hex rejects
  ---
  duration_ms: 1.214374
  type: 'test'
  ...
# Subtest: invalid enum rejects
ok 47 - invalid enum rejects
  ---
  duration_ms: 3.267518
  type: 'test'
  ...
# Subtest: merge key rejects
ok 48 - merge key rejects
  ---
  duration_ms: 2.658708
  type: 'test'
  ...
# Subtest: unknown schema, schema hash claim and invalid UTF8 reject
ok 49 - unknown schema, schema hash claim and invalid UTF8 reject
  ---
  duration_ms: 1.366358
  type: 'test'
  ...
# Subtest: identities cannot be mutated and repository binding changes semantics
ok 50 - identities cannot be mutated and repository binding changes semantics
  ---
  duration_ms: 3.207029
  type: 'test'
  ...
# Subtest: human comments and directives are unsupported instead of silently erased
not ok 51 - human comments and directives are unsupported instead of silently erased
  ---
  duration_ms: 4.213254
  type: 'test'
  location: '/workspace/scratch/adce1c53b293/harness-kit/packs/autonomy/repo-template/scripts/quality-orchestrator/tests/identity.test.mjs:38:1'
  failureType: 'testCodeFailure'
  error: |-
    Expected values to be strictly equal:
    + actual - expected
    
    + 'IDENTIFIED'
    - 'UNKNOWN'
    
  code: 'ERR_ASSERTION'
  name: 'AssertionError'
  expected: 'UNKNOWN'
  actual: 'IDENTIFIED'
  operator: 'strictEqual'
  stack: |-
    TestContext.<anonymous> (file:///workspace/scratch/adce1c53b293/harness-kit/packs/autonomy/repo-template/scripts/quality-orchestrator/tests/identity.test.mjs:39:144)
    Test.runInAsyncScope (node:async_hooks:227:14)
    Test.run (node:internal/test_runner/test:1382:25)
    Test.processPendingSubtests (node:internal/test_runner/test:960:18)
    Test.postRun (node:internal/test_runner/test:1522:19)
    Test.run (node:internal/test_runner/test:1447:12)
    async Test.processPendingSubtests (node:internal/test_runner/test:960:7)
  ...
1..51
# tests 51
# suites 0
# pass 50
# fail 1
# cancelled 0
# skipped 0
# todo 0
# duration_ms 304.770755
