TAP version 13
# Subtest: valid pinned adoption and accepted baseline yield opaque instance handles
ok 1 - valid pinned adoption and accepted baseline yield opaque instance handles
  ---
  duration_ms: 18.120192
  type: 'test'
  ...
# Subtest: receipt repo blocks even when signed
ok 2 - receipt repo blocks even when signed
  ---
  duration_ms: 1.60402
  type: 'test'
  ...
# Subtest: receipt subject blocks even when signed
ok 3 - receipt subject blocks even when signed
  ---
  duration_ms: 1.462762
  type: 'test'
  ...
# Subtest: receipt scope blocks even when signed
ok 4 - receipt scope blocks even when signed
  ---
  duration_ms: 1.643269
  type: 'test'
  ...
# Subtest: receipt kind blocks even when signed
ok 5 - receipt kind blocks even when signed
  ---
  duration_ms: 1.888141
  type: 'test'
  ...
# Subtest: receipt role blocks even when signed
ok 6 - receipt role blocks even when signed
  ---
  duration_ms: 1.504103
  type: 'test'
  ...
# Subtest: receipt issuer blocks even when signed
ok 7 - receipt issuer blocks even when signed
  ---
  duration_ms: 1.4274
  type: 'test'
  ...
# Subtest: receipt key blocks even when signed
ok 8 - receipt key blocks even when signed
  ---
  duration_ms: 1.831387
  type: 'test'
  ...
# Subtest: receipt expired blocks even when signed
ok 9 - receipt expired blocks even when signed
  ---
  duration_ms: 1.622368
  type: 'test'
  ...
# Subtest: receipt future blocks even when signed
ok 10 - receipt future blocks even when signed
  ---
  duration_ms: 1.699342
  type: 'test'
  ...
# Subtest: receipt epoch blocks even when signed
ok 11 - receipt epoch blocks even when signed
  ---
  duration_ms: 1.446548
  type: 'test'
  ...
# Subtest: receipt decision blocks even when signed
ok 12 - receipt decision blocks even when signed
  ---
  duration_ms: 1.491655
  type: 'test'
  ...
# Subtest: altered receipt signature and unknown fields block
ok 13 - altered receipt signature and unknown fields block
  ---
  duration_ms: 1.977653
  type: 'test'
  ...
# Subtest: missing time/revocation authority stops and revocation invalidates existing handles
ok 14 - missing time/revocation authority stops and revocation invalidates existing handles
  ---
  duration_ms: 5.463364
  type: 'test'
  ...
# Subtest: trusted inputs are copied and time/checkpoint freshness is checked repeatedly
ok 15 - trusted inputs are copied and time/checkpoint freshness is checked repeatedly
  ---
  duration_ms: 3.166431
  type: 'test'
  ...
# Subtest: recomputes canonical reorder and returns assessment without execution permission
ok 16 - recomputes canonical reorder and returns assessment without execution permission
  ---
  duration_ms: 17.38195
  type: 'test'
  ...
# Subtest: closed derived content digest update is recomputed from accepted/canonical source
not ok 17 - closed derived content digest update is recomputed from accepted/canonical source
  ---
  duration_ms: 13.146451
  type: 'test'
  location: '/workspace/scratch/adce1c53b293/harness-kit/packs/autonomy/repo-template/scripts/quality-orchestrator/tests/classify.test.mjs:10:1'
  failureType: 'testCodeFailure'
  error: |-
    Expected values to be strictly equal:
    + actual - expected
    
    + 'HUMAN_REQUIRED'
    - 'MECHANICAL_ELIGIBLE'
    
  code: 'ERR_ASSERTION'
  name: 'AssertionError'
  expected: 'MECHANICAL_ELIGIBLE'
  actual: 'HUMAN_REQUIRED'
  operator: 'strictEqual'
  stack: |-
    TestContext.<anonymous> (file:///workspace/scratch/adce1c53b293/harness-kit/packs/autonomy/repo-template/scripts/quality-orchestrator/tests/classify.test.mjs:15:9)
    Test.runInAsyncScope (node:async_hooks:227:14)
    Test.run (node:internal/test_runner/test:1382:25)
    Test.processPendingSubtests (node:internal/test_runner/test:960:18)
    Test.postRun (node:internal/test_runner/test:1522:19)
    Test.run (node:internal/test_runner/test:1447:12)
    async startSubtestAfterBootstrap (node:internal/test_runner/harness:387:3)
  ...
# Subtest: semantic change, docs extension and arbitrary proof names cannot become mechanical
ok 18 - semantic change, docs extension and arbitrary proof names cannot become mechanical
  ---
  duration_ms: 4.516845
  type: 'test'
  ...
# Subtest: before substitution and unsigned/substituted baseline cannot be accepted
ok 19 - before substitution and unsigned/substituted baseline cannot be accepted
  ---
  duration_ms: 3.898061
  type: 'test'
  ...
# Subtest: forged, copied, foreign and stale contexts block
ok 20 - forged, copied, foreign and stale contexts block
  ---
  duration_ms: 5.915724
  type: 'test'
  ...
# Subtest: known normative changes require a human; mixed batches never partially authorize
ok 21 - known normative changes require a human; mixed batches never partially authorize
  ---
  duration_ms: 4.795278
  type: 'test'
  ...
# Subtest: empty batches, duplicate paths and missing before bindings are unknown
ok 22 - empty batches, duplicate paths and missing before bindings are unknown
  ---
  duration_ms: 2.905685
  type: 'test'
  ...
# Subtest: key reorder preserves canonical and semantic identity while content changes
ok 23 - key reorder preserves canonical and semantic identity while content changes
  ---
  duration_ms: 16.348393
  type: 'test'
  ...
# Subtest: lower threshold remains distinct
ok 24 - lower threshold remains distinct
  ---
  duration_ms: 3.338144
  type: 'test'
  ...
# Subtest: large integers remains distinct
ok 25 - large integers remains distinct
  ---
  duration_ms: 3.345755
  type: 'test'
  ...
# Subtest: near decimals remains distinct
ok 26 - near decimals remains distinct
  ---
  duration_ms: 3.183375
  type: 'test'
  ...
# Subtest: signed zero remains distinct
ok 27 - signed zero remains distinct
  ---
  duration_ms: 3.690524
  type: 'test'
  ...
# Subtest: exponents remains distinct
ok 28 - exponents remains distinct
  ---
  duration_ms: 3.005161
  type: 'test'
  ...
# Subtest: decimal spelling remains distinct
ok 29 - decimal spelling remains distinct
  ---
  duration_ms: 2.715153
  type: 'test'
  ...
# Subtest: human text whitespace and enum remain distinct
ok 30 - human text whitespace and enum remain distinct
  ---
  duration_ms: 6.194576
  type: 'test'
  ...
# Subtest: renamed field rejects
ok 31 - renamed field rejects
  ---
  duration_ms: 1.83361
  type: 'test'
  ...
# Subtest: unknown field rejects
ok 32 - unknown field rejects
  ---
  duration_ms: 1.311679
  type: 'test'
  ...
# Subtest: boolean as string rejects
ok 33 - boolean as string rejects
  ---
  duration_ms: 1.137361
  type: 'test'
  ...
# Subtest: number as string rejects
ok 34 - number as string rejects
  ---
  duration_ms: 1.173404
  type: 'test'
  ...
# Subtest: number as bool rejects
ok 35 - number as bool rejects
  ---
  duration_ms: 1.673784
  type: 'test'
  ...
# Subtest: duplicate keys rejects
ok 36 - duplicate keys rejects
  ---
  duration_ms: 1.936873
  type: 'test'
  ...
# Subtest: alias rejects
ok 37 - alias rejects
  ---
  duration_ms: 1.833249
  type: 'test'
  ...
# Subtest: tag rejects
ok 38 - tag rejects
  ---
  duration_ms: 2.162456
  type: 'test'
  ...
# Subtest: lossy form rejects
ok 39 - lossy form rejects
  ---
  duration_ms: 1.674675
  type: 'test'
  ...
# Subtest: hex rejects
ok 40 - hex rejects
  ---
  duration_ms: 5.836968
  type: 'test'
  ...
# Subtest: invalid enum rejects
ok 41 - invalid enum rejects
  ---
  duration_ms: 1.980367
  type: 'test'
  ...
# Subtest: merge key rejects
ok 42 - merge key rejects
  ---
  duration_ms: 2.976479
  type: 'test'
  ...
# Subtest: unknown schema, schema hash claim and invalid UTF8 reject
ok 43 - unknown schema, schema hash claim and invalid UTF8 reject
  ---
  duration_ms: 1.484995
  type: 'test'
  ...
# Subtest: identities cannot be mutated and repository binding changes semantics
ok 44 - identities cannot be mutated and repository binding changes semantics
  ---
  duration_ms: 2.547886
  type: 'test'
  ...
1..44
# tests 44
# suites 0
# pass 43
# fail 1
# cancelled 0
# skipped 0
# todo 0
# duration_ms 245.075019
