TAP version 13
# Subtest: valid pinned adoption and accepted baseline yield opaque instance handles
ok 1 - valid pinned adoption and accepted baseline yield opaque instance handles
  ---
  duration_ms: 22.862536
  type: 'test'
  ...
# Subtest: receipt repo blocks even when signed
ok 2 - receipt repo blocks even when signed
  ---
  duration_ms: 1.72529
  type: 'test'
  ...
# Subtest: receipt subject blocks even when signed
ok 3 - receipt subject blocks even when signed
  ---
  duration_ms: 1.581879
  type: 'test'
  ...
# Subtest: receipt scope blocks even when signed
ok 4 - receipt scope blocks even when signed
  ---
  duration_ms: 1.537634
  type: 'test'
  ...
# Subtest: receipt kind blocks even when signed
ok 5 - receipt kind blocks even when signed
  ---
  duration_ms: 1.985646
  type: 'test'
  ...
# Subtest: receipt role blocks even when signed
ok 6 - receipt role blocks even when signed
  ---
  duration_ms: 1.360902
  type: 'test'
  ...
# Subtest: receipt issuer blocks even when signed
ok 7 - receipt issuer blocks even when signed
  ---
  duration_ms: 1.262336
  type: 'test'
  ...
# Subtest: receipt key blocks even when signed
ok 8 - receipt key blocks even when signed
  ---
  duration_ms: 1.585765
  type: 'test'
  ...
# Subtest: receipt expired blocks even when signed
ok 9 - receipt expired blocks even when signed
  ---
  duration_ms: 1.532716
  type: 'test'
  ...
# Subtest: receipt future blocks even when signed
ok 10 - receipt future blocks even when signed
  ---
  duration_ms: 1.465237
  type: 'test'
  ...
# Subtest: receipt epoch blocks even when signed
ok 11 - receipt epoch blocks even when signed
  ---
  duration_ms: 1.385008
  type: 'test'
  ...
# Subtest: receipt decision blocks even when signed
ok 12 - receipt decision blocks even when signed
  ---
  duration_ms: 2.004744
  type: 'test'
  ...
# Subtest: altered receipt signature and unknown fields block
ok 13 - altered receipt signature and unknown fields block
  ---
  duration_ms: 1.908722
  type: 'test'
  ...
# Subtest: missing time/revocation authority stops and revocation invalidates existing handles
ok 14 - missing time/revocation authority stops and revocation invalidates existing handles
  ---
  duration_ms: 5.770742
  type: 'test'
  ...
# Subtest: trusted inputs are copied and time/checkpoint freshness is checked repeatedly
ok 15 - trusted inputs are copied and time/checkpoint freshness is checked repeatedly
  ---
  duration_ms: 2.790646
  type: 'test'
  ...
# Subtest: recomputes canonical reorder and returns assessment without execution permission
ok 16 - recomputes canonical reorder and returns assessment without execution permission
  ---
  duration_ms: 16.521867
  type: 'test'
  ...
# Subtest: closed derived content digest update is recomputed from accepted/canonical source
ok 17 - closed derived content digest update is recomputed from accepted/canonical source
  ---
  duration_ms: 13.463234
  type: 'test'
  ...
# Subtest: semantic change, docs extension and arbitrary proof names cannot become mechanical
ok 18 - semantic change, docs extension and arbitrary proof names cannot become mechanical
  ---
  duration_ms: 3.622326
  type: 'test'
  ...
# Subtest: before substitution and unsigned/substituted baseline cannot be accepted
ok 19 - before substitution and unsigned/substituted baseline cannot be accepted
  ---
  duration_ms: 3.726229
  type: 'test'
  ...
# Subtest: forged, copied, foreign and stale contexts block
ok 20 - forged, copied, foreign and stale contexts block
  ---
  duration_ms: 4.757703
  type: 'test'
  ...
# Subtest: known normative changes require a human; mixed batches never partially authorize
ok 21 - known normative changes require a human; mixed batches never partially authorize
  ---
  duration_ms: 4.824143
  type: 'test'
  ...
# Subtest: empty batches, duplicate paths and missing before bindings are unknown
ok 22 - empty batches, duplicate paths and missing before bindings are unknown
  ---
  duration_ms: 2.474689
  type: 'test'
  ...
# Subtest: key reorder preserves canonical and semantic identity while content changes
ok 23 - key reorder preserves canonical and semantic identity while content changes
  ---
  duration_ms: 17.798505
  type: 'test'
  ...
# Subtest: lower threshold remains distinct
ok 24 - lower threshold remains distinct
  ---
  duration_ms: 2.952195
  type: 'test'
  ...
# Subtest: large integers remains distinct
ok 25 - large integers remains distinct
  ---
  duration_ms: 2.768603
  type: 'test'
  ...
# Subtest: near decimals remains distinct
ok 26 - near decimals remains distinct
  ---
  duration_ms: 2.989169
  type: 'test'
  ...
# Subtest: signed zero remains distinct
ok 27 - signed zero remains distinct
  ---
  duration_ms: 3.836963
  type: 'test'
  ...
# Subtest: exponents remains distinct
ok 28 - exponents remains distinct
  ---
  duration_ms: 2.626303
  type: 'test'
  ...
# Subtest: decimal spelling remains distinct
ok 29 - decimal spelling remains distinct
  ---
  duration_ms: 3.288963
  type: 'test'
  ...
# Subtest: human text whitespace and enum remain distinct
ok 30 - human text whitespace and enum remain distinct
  ---
  duration_ms: 7.056964
  type: 'test'
  ...
# Subtest: renamed field rejects
ok 31 - renamed field rejects
  ---
  duration_ms: 2.247373
  type: 'test'
  ...
# Subtest: unknown field rejects
ok 32 - unknown field rejects
  ---
  duration_ms: 3.641063
  type: 'test'
  ...
# Subtest: boolean as string rejects
ok 33 - boolean as string rejects
  ---
  duration_ms: 1.33913
  type: 'test'
  ...
# Subtest: number as string rejects
ok 34 - number as string rejects
  ---
  duration_ms: 1.443674
  type: 'test'
  ...
# Subtest: number as bool rejects
ok 35 - number as bool rejects
  ---
  duration_ms: 1.125204
  type: 'test'
  ...
# Subtest: duplicate keys rejects
ok 36 - duplicate keys rejects
  ---
  duration_ms: 1.879869
  type: 'test'
  ...
# Subtest: alias rejects
ok 37 - alias rejects
  ---
  duration_ms: 1.419088
  type: 'test'
  ...
# Subtest: tag rejects
ok 38 - tag rejects
  ---
  duration_ms: 1.548429
  type: 'test'
  ...
# Subtest: lossy form rejects
ok 39 - lossy form rejects
  ---
  duration_ms: 1.367813
  type: 'test'
  ...
# Subtest: hex rejects
ok 40 - hex rejects
  ---
  duration_ms: 1.418107
  type: 'test'
  ...
# Subtest: invalid enum rejects
ok 41 - invalid enum rejects
  ---
  duration_ms: 1.76491
  type: 'test'
  ...
# Subtest: merge key rejects
ok 42 - merge key rejects
  ---
  duration_ms: 2.341201
  type: 'test'
  ...
# Subtest: unknown schema, schema hash claim and invalid UTF8 reject
ok 43 - unknown schema, schema hash claim and invalid UTF8 reject
  ---
  duration_ms: 1.122149
  type: 'test'
  ...
# Subtest: identities cannot be mutated and repository binding changes semantics
ok 44 - identities cannot be mutated and repository binding changes semantics
  ---
  duration_ms: 2.203718
  type: 'test'
  ...
1..44
# tests 44
# suites 0
# pass 44
# fail 0
# cancelled 0
# skipped 0
# todo 0
# duration_ms 261.763005
