✖ valid pinned adoption and accepted baseline yield opaque instance handles (8.278706ms)
✔ receipt repo blocks even when signed (1.83368ms)
✔ receipt subject blocks even when signed (1.067909ms)
✔ receipt scope blocks even when signed (0.831299ms)
✔ receipt kind blocks even when signed (3.400886ms)
✔ receipt role blocks even when signed (0.847102ms)
✔ receipt issuer blocks even when signed (0.755797ms)
✔ receipt key blocks even when signed (0.842115ms)
✔ receipt expired blocks even when signed (1.300803ms)
✔ receipt future blocks even when signed (0.993268ms)
✔ receipt epoch blocks even when signed (0.823887ms)
✖ receipt decision blocks even when signed (1.177601ms)
✔ altered receipt signature and unknown fields block (0.994119ms)
✖ missing time/revocation authority stops and revocation invalidates existing handles (10.33173ms)
✖ trusted inputs are copied and time/checkpoint freshness is checked repeatedly (2.698077ms)
✖ recomputes canonical reorder and returns assessment without execution permission (31.524728ms)
✖ closed derived content digest update is recomputed from accepted/canonical source (14.553771ms)
✖ semantic change, docs extension and arbitrary proof names cannot become mechanical (2.985943ms)
✖ before substitution and unsigned/substituted baseline cannot be accepted (3.131268ms)
✖ forged, copied, foreign and stale contexts block (3.844523ms)
✖ known normative changes require a human; mixed batches never partially authorize (1.684911ms)
✔ empty batches, duplicate paths and missing before bindings are unknown (3.021226ms)
✔ key reorder preserves canonical and semantic identity while content changes (14.784302ms)
✔ lower threshold remains distinct (2.63166ms)
✔ large integers remains distinct (2.093725ms)
✔ near decimals remains distinct (3.461851ms)
✔ signed zero remains distinct (3.218878ms)
✔ exponents remains distinct (1.952436ms)
✔ decimal spelling remains distinct (2.811185ms)
✔ human text whitespace and enum remain distinct (3.706989ms)
✔ renamed field rejects (1.623149ms)
✔ unknown field rejects (2.249544ms)
✔ boolean as string rejects (0.907341ms)
✔ number as string rejects (1.009752ms)
✔ number as bool rejects (1.022091ms)
✔ duplicate keys rejects (1.09655ms)
✔ alias rejects (0.934751ms)
✔ tag rejects (3.577868ms)
✔ lossy form rejects (0.998416ms)
✔ hex rejects (0.901031ms)
✔ invalid enum rejects (0.853071ms)
✔ merge key rejects (1.510002ms)
✔ unknown schema, schema hash claim and invalid UTF8 reject (0.849605ms)
✔ identities cannot be mutated and repository binding changes semantics (2.245419ms)
ℹ tests 44
ℹ suites 0
ℹ pass 34
ℹ fail 10
ℹ cancelled 0
ℹ skipped 0
ℹ todo 0
ℹ duration_ms 234.109263

✖ failing tests:

test at packs/autonomy/repo-template/scripts/quality-orchestrator/tests/authority.test.mjs:5:1
✖ valid pinned adoption and accepted baseline yield opaque instance handles (8.278706ms)
  AssertionError [ERR_ASSERTION]: Expected values to be strictly equal:
  + actual - expected
  
  + 'UNKNOWN'
  - 'VERIFIED_AUTHORITY'
  
      at TestContext.<anonymous> (file:///workspace/scratch/adce1c53b293/harness-kit/packs/autonomy/repo-template/scripts/quality-orchestrator/tests/authority.test.mjs:6:27)
      at Test.runInAsyncScope (node:async_hooks:227:14)
      at Test.run (node:internal/test_runner/test:1382:25)
      at Test.start (node:internal/test_runner/test:1242:17)
      at startSubtestAfterBootstrap (node:internal/test_runner/harness:387:17) {
    generatedMessage: true,
    code: 'ERR_ASSERTION',
    actual: 'UNKNOWN',
    expected: 'VERIFIED_AUTHORITY',
    operator: 'strictEqual',
    diff: 'simple'
  }

test at packs/autonomy/repo-template/scripts/quality-orchestrator/tests/authority.test.mjs:11:349
✖ receipt decision blocks even when signed (1.177601ms)
  ZodError: [
    {
      "code": "invalid_value",
      "values": [
        "approve"
      ],
      "path": [
        "decision"
      ],
      "message": "Invalid input: expected \"approve\""
    }
  ]
      at approvalSigningBytes (file:///workspace/scratch/adce1c53b293/harness-kit/packs/autonomy/repo-template/scripts/quality-orchestrator/authority.mjs:13:24)
      at Object.receipt (file:///workspace/scratch/adce1c53b293/harness-kit/packs/autonomy/repo-template/scripts/quality-orchestrator/tests/helpers.mjs:18:45)
      at TestContext.<anonymous> (file:///workspace/scratch/adce1c53b293/harness-kit/packs/autonomy/repo-template/scripts/quality-orchestrator/tests/authority.test.mjs:12:91)
      at Test.runInAsyncScope (node:async_hooks:227:14)
      at Test.run (node:internal/test_runner/test:1382:25)
      at Test.processPendingSubtests (node:internal/test_runner/test:960:18)
      at Test.postRun (node:internal/test_runner/test:1522:19)
      at Test.run (node:internal/test_runner/test:1447:12)
      at async Test.processPendingSubtests (node:internal/test_runner/test:960:7)

test at packs/autonomy/repo-template/scripts/quality-orchestrator/tests/authority.test.mjs:19:1
✖ missing time/revocation authority stops and revocation invalidates existing handles (10.33173ms)
  AssertionError [ERR_ASSERTION]: Expected values to be strictly equal:
  + actual - expected
  
  + 'UNKNOWN'
  - 'BLOCKED_BY_STALE_AUTHORITY'
  
      at TestContext.<anonymous> (file:///workspace/scratch/adce1c53b293/harness-kit/packs/autonomy/repo-template/scripts/quality-orchestrator/tests/authority.test.mjs:21:68)
      at Test.runInAsyncScope (node:async_hooks:227:14)
      at Test.run (node:internal/test_runner/test:1382:25)
      at Test.processPendingSubtests (node:internal/test_runner/test:960:18)
      at Test.postRun (node:internal/test_runner/test:1522:19)
      at Test.run (node:internal/test_runner/test:1447:12)
      at async Test.processPendingSubtests (node:internal/test_runner/test:960:7) {
    generatedMessage: true,
    code: 'ERR_ASSERTION',
    actual: 'UNKNOWN',
    expected: 'BLOCKED_BY_STALE_AUTHORITY',
    operator: 'strictEqual',
    diff: 'simple'
  }

test at packs/autonomy/repo-template/scripts/quality-orchestrator/tests/authority.test.mjs:24:1
✖ trusted inputs are copied and time/checkpoint freshness is checked repeatedly (2.698077ms)
  AssertionError [ERR_ASSERTION]: Expected values to be strictly equal:
  + actual - expected
  
  + 'UNKNOWN'
  - 'VERIFIED_CONTEXT'
  
      at TestContext.<anonymous> (file:///workspace/scratch/adce1c53b293/harness-kit/packs/autonomy/repo-template/scripts/quality-orchestrator/tests/authority.test.mjs:26:9)
      at Test.runInAsyncScope (node:async_hooks:227:14)
      at Test.run (node:internal/test_runner/test:1382:25)
      at Test.processPendingSubtests (node:internal/test_runner/test:960:18)
      at Test.postRun (node:internal/test_runner/test:1522:19)
      at Test.run (node:internal/test_runner/test:1447:12)
      at async Test.processPendingSubtests (node:internal/test_runner/test:960:7) {
    generatedMessage: true,
    code: 'ERR_ASSERTION',
    actual: 'UNKNOWN',
    expected: 'VERIFIED_CONTEXT',
    operator: 'strictEqual',
    diff: 'simple'
  }

test at packs/autonomy/repo-template/scripts/quality-orchestrator/tests/classify.test.mjs:6:1
✖ recomputes canonical reorder and returns assessment without execution permission (31.524728ms)
  AssertionError [ERR_ASSERTION]: Expected values to be strictly equal:
  + actual - expected
  
  + 'UNKNOWN'
  - 'MECHANICAL_ELIGIBLE'
  
      at TestContext.<anonymous> (file:///workspace/scratch/adce1c53b293/harness-kit/packs/autonomy/repo-template/scripts/quality-orchestrator/tests/classify.test.mjs:8:9)
      at Test.runInAsyncScope (node:async_hooks:227:14)
      at Test.run (node:internal/test_runner/test:1382:25)
      at Test.start (node:internal/test_runner/test:1242:17)
      at startSubtestAfterBootstrap (node:internal/test_runner/harness:387:17) {
    generatedMessage: true,
    code: 'ERR_ASSERTION',
    actual: 'UNKNOWN',
    expected: 'MECHANICAL_ELIGIBLE',
    operator: 'strictEqual',
    diff: 'simple'
  }

test at packs/autonomy/repo-template/scripts/quality-orchestrator/tests/classify.test.mjs:10:1
✖ closed derived content digest update is recomputed from accepted/canonical source (14.553771ms)
  AssertionError [ERR_ASSERTION]: Expected values to be strictly equal:
  + actual - expected
  
  + 'UNKNOWN'
  - 'MECHANICAL_ELIGIBLE'
  
      at TestContext.<anonymous> (file:///workspace/scratch/adce1c53b293/harness-kit/packs/autonomy/repo-template/scripts/quality-orchestrator/tests/classify.test.mjs:15:9)
      at Test.runInAsyncScope (node:async_hooks:227:14)
      at Test.run (node:internal/test_runner/test:1382:25)
      at Test.processPendingSubtests (node:internal/test_runner/test:960:18)
      at Test.postRun (node:internal/test_runner/test:1522:19)
      at Test.run (node:internal/test_runner/test:1447:12)
      at async startSubtestAfterBootstrap (node:internal/test_runner/harness:387:3) {
    generatedMessage: true,
    code: 'ERR_ASSERTION',
    actual: 'UNKNOWN',
    expected: 'MECHANICAL_ELIGIBLE',
    operator: 'strictEqual',
    diff: 'simple'
  }

test at packs/autonomy/repo-template/scripts/quality-orchestrator/tests/classify.test.mjs:18:1
✖ semantic change, docs extension and arbitrary proof names cannot become mechanical (2.985943ms)
  AssertionError [ERR_ASSERTION]: Expected values to be strictly equal:
  + actual - expected
  
  + 'UNKNOWN'
  - 'HUMAN_REQUIRED'
  
      at TestContext.<anonymous> (file:///workspace/scratch/adce1c53b293/harness-kit/packs/autonomy/repo-template/scripts/quality-orchestrator/tests/classify.test.mjs:20:9)
      at Test.runInAsyncScope (node:async_hooks:227:14)
      at Test.run (node:internal/test_runner/test:1382:25)
      at Test.processPendingSubtests (node:internal/test_runner/test:960:18)
      at Test.postRun (node:internal/test_runner/test:1522:19)
      at Test.run (node:internal/test_runner/test:1447:12)
      at async Test.processPendingSubtests (node:internal/test_runner/test:960:7) {
    generatedMessage: true,
    code: 'ERR_ASSERTION',
    actual: 'UNKNOWN',
    expected: 'HUMAN_REQUIRED',
    operator: 'strictEqual',
    diff: 'simple'
  }

test at packs/autonomy/repo-template/scripts/quality-orchestrator/tests/classify.test.mjs:23:1
✖ before substitution and unsigned/substituted baseline cannot be accepted (3.131268ms)
  AssertionError [ERR_ASSERTION]: Expected values to be strictly equal:
  + actual - expected
  
  + 'UNKNOWN'
  - 'BLOCKED_BY_AUTHORITY_MISMATCH'
  
      at TestContext.<anonymous> (file:///workspace/scratch/adce1c53b293/harness-kit/packs/autonomy/repo-template/scripts/quality-orchestrator/tests/classify.test.mjs:28:9)
      at Test.runInAsyncScope (node:async_hooks:227:14)
      at Test.run (node:internal/test_runner/test:1382:25)
      at Test.processPendingSubtests (node:internal/test_runner/test:960:18)
      at Test.postRun (node:internal/test_runner/test:1522:19)
      at Test.run (node:internal/test_runner/test:1447:12)
      at async Test.processPendingSubtests (node:internal/test_runner/test:960:7) {
    generatedMessage: true,
    code: 'ERR_ASSERTION',
    actual: 'UNKNOWN',
    expected: 'BLOCKED_BY_AUTHORITY_MISMATCH',
    operator: 'strictEqual',
    diff: 'simple'
  }

test at packs/autonomy/repo-template/scripts/quality-orchestrator/tests/classify.test.mjs:30:1
✖ forged, copied, foreign and stale contexts block (3.844523ms)
  AssertionError [ERR_ASSERTION]: Expected values to be strictly equal:
  + actual - expected
  
  + 'UNKNOWN'
  - 'BLOCKED'
  
      at TestContext.<anonymous> (file:///workspace/scratch/adce1c53b293/harness-kit/packs/autonomy/repo-template/scripts/quality-orchestrator/tests/classify.test.mjs:33:24)
      at Test.runInAsyncScope (node:async_hooks:227:14)
      at Test.run (node:internal/test_runner/test:1382:25)
      at Test.processPendingSubtests (node:internal/test_runner/test:960:18)
      at Test.postRun (node:internal/test_runner/test:1522:19)
      at Test.run (node:internal/test_runner/test:1447:12)
      at async Test.processPendingSubtests (node:internal/test_runner/test:960:7) {
    generatedMessage: true,
    code: 'ERR_ASSERTION',
    actual: 'UNKNOWN',
    expected: 'BLOCKED',
    operator: 'strictEqual',
    diff: 'simple'
  }

test at packs/autonomy/repo-template/scripts/quality-orchestrator/tests/classify.test.mjs:35:1
✖ known normative changes require a human; mixed batches never partially authorize (1.684911ms)
  AssertionError [ERR_ASSERTION]: Expected values to be strictly equal:
  + actual - expected
  
  + 'UNKNOWN'
  - 'HUMAN_REQUIRED'
  
      at TestContext.<anonymous> (file:///workspace/scratch/adce1c53b293/harness-kit/packs/autonomy/repo-template/scripts/quality-orchestrator/tests/classify.test.mjs:38:9)
      at Test.runInAsyncScope (node:async_hooks:227:14)
      at Test.run (node:internal/test_runner/test:1382:25)
      at Test.processPendingSubtests (node:internal/test_runner/test:960:18)
      at Test.postRun (node:internal/test_runner/test:1522:19)
      at Test.run (node:internal/test_runner/test:1447:12)
      at async Test.processPendingSubtests (node:internal/test_runner/test:960:7) {
    generatedMessage: true,
    code: 'ERR_ASSERTION',
    actual: 'UNKNOWN',
    expected: 'HUMAN_REQUIRED',
    operator: 'strictEqual',
    diff: 'simple'
  }
