TAP version 13
# Subtest: valid pinned adoption and accepted baseline yield opaque instance handles
ok 1 - valid pinned adoption and accepted baseline yield opaque instance handles
  ---
  duration_ms: 17.654655
  type: 'test'
  ...
# Subtest: receipt repo blocks even when signed
ok 2 - receipt repo blocks even when signed
  ---
  duration_ms: 1.539124
  type: 'test'
  ...
# Subtest: receipt subject blocks even when signed
ok 3 - receipt subject blocks even when signed
  ---
  duration_ms: 1.356925
  type: 'test'
  ...
# Subtest: receipt scope blocks even when signed
ok 4 - receipt scope blocks even when signed
  ---
  duration_ms: 1.45518
  type: 'test'
  ...
# Subtest: receipt kind blocks even when signed
ok 5 - receipt kind blocks even when signed
  ---
  duration_ms: 1.470031
  type: 'test'
  ...
# Subtest: receipt role blocks even when signed
ok 6 - receipt role blocks even when signed
  ---
  duration_ms: 1.226612
  type: 'test'
  ...
# Subtest: receipt issuer blocks even when signed
ok 7 - receipt issuer blocks even when signed
  ---
  duration_ms: 1.367851
  type: 'test'
  ...
# Subtest: receipt key blocks even when signed
ok 8 - receipt key blocks even when signed
  ---
  duration_ms: 1.503852
  type: 'test'
  ...
# Subtest: receipt expired blocks even when signed
ok 9 - receipt expired blocks even when signed
  ---
  duration_ms: 1.625021
  type: 'test'
  ...
# Subtest: receipt future blocks even when signed
ok 10 - receipt future blocks even when signed
  ---
  duration_ms: 1.490032
  type: 'test'
  ...
# Subtest: receipt epoch blocks even when signed
ok 11 - receipt epoch blocks even when signed
  ---
  duration_ms: 1.285239
  type: 'test'
  ...
# Subtest: receipt decision blocks even when signed
ok 12 - receipt decision blocks even when signed
  ---
  duration_ms: 1.40782
  type: 'test'
  ...
# Subtest: altered receipt signature and unknown fields block
ok 13 - altered receipt signature and unknown fields block
  ---
  duration_ms: 2.678808
  type: 'test'
  ...
# Subtest: missing time/revocation authority stops and revocation invalidates existing handles
ok 14 - missing time/revocation authority stops and revocation invalidates existing handles
  ---
  duration_ms: 3.487683
  type: 'test'
  ...
# Subtest: trusted inputs are copied and time/checkpoint freshness is checked repeatedly
ok 15 - trusted inputs are copied and time/checkpoint freshness is checked repeatedly
  ---
  duration_ms: 2.790733
  type: 'test'
  ...
# Subtest: authority bytes reject duplicate keys, unknown policy and noncanonical serialization
ok 16 - authority bytes reject duplicate keys, unknown policy and noncanonical serialization
  ---
  duration_ms: 1.256446
  type: 'test'
  ...
# Subtest: signature domain separation prevents signatures over ordinary JSON from authorizing
ok 17 - signature domain separation prevents signatures over ordinary JSON from authorizing
  ---
  duration_ms: 1.327511
  type: 'test'
  ...
# Subtest: recomputes canonical reorder and returns assessment without execution permission
ok 18 - recomputes canonical reorder and returns assessment without execution permission
  ---
  duration_ms: 23.748838
  type: 'test'
  ...
# Subtest: closed derived content digest update is recomputed from accepted/canonical source
ok 19 - closed derived content digest update is recomputed from accepted/canonical source
  ---
  duration_ms: 21.689506
  type: 'test'
  ...
# Subtest: semantic change, docs extension and arbitrary proof names cannot become mechanical
ok 20 - semantic change, docs extension and arbitrary proof names cannot become mechanical
  ---
  duration_ms: 5.43481
  type: 'test'
  ...
# Subtest: before substitution and unsigned/substituted baseline cannot be accepted
ok 21 - before substitution and unsigned/substituted baseline cannot be accepted
  ---
  duration_ms: 3.673307
  type: 'test'
  ...
# Subtest: forged, copied, foreign and stale contexts block
ok 22 - forged, copied, foreign and stale contexts block
  ---
  duration_ms: 4.71121
  type: 'test'
  ...
# Subtest: known normative changes require a human; mixed batches never partially authorize
ok 23 - known normative changes require a human; mixed batches never partially authorize
  ---
  duration_ms: 4.421422
  type: 'test'
  ...
# Subtest: empty batches, duplicate paths and missing before bindings are unknown
ok 24 - empty batches, duplicate paths and missing before bindings are unknown
  ---
  duration_ms: 2.32849
  type: 'test'
  ...
# Subtest: derived source substitution, recursive source and nonmechanical batch source block
ok 25 - derived source substitution, recursive source and nonmechanical batch source block
  ---
  duration_ms: 4.205974
  type: 'test'
  ...
# Subtest: candidate cannot replace schema, trust roots, policy or execution adapter
ok 26 - candidate cannot replace schema, trust roots, policy or execution adapter
  ---
  duration_ms: 3.173389
  type: 'test'
  ...
# Subtest: copied source bytes cannot mutate an already accepted context
ok 27 - copied source bytes cannot mutate an already accepted context
  ---
  duration_ms: 2.719798
  type: 'test'
  ...
# Subtest: baseline order is code-unit deterministic across case and locale
not ok 28 - baseline order is code-unit deterministic across case and locale
  ---
  duration_ms: 3.725023
  type: 'test'
  location: '/workspace/scratch/adce1c53b293/harness-kit/packs/autonomy/repo-template/scripts/quality-orchestrator/tests/classify.test.mjs:62:1'
  failureType: 'testCodeFailure'
  error: |-
    Expected values to be strictly deep-equal:
    + actual - expected
    
      [
    +   'a.yaml',
        'B.yaml',
    -   'a.yaml'
      ]
    
  code: 'ERR_ASSERTION'
  name: 'AssertionError'
  expected:
    0: 'B.yaml'
    1: 'a.yaml'
  actual:
    0: 'a.yaml'
    1: 'B.yaml'
  operator: 'deepStrictEqual'
  stack: |-
    TestContext.<anonymous> (file:///workspace/scratch/adce1c53b293/harness-kit/packs/autonomy/repo-template/scripts/quality-orchestrator/tests/classify.test.mjs:65:9)
    Test.runInAsyncScope (node:async_hooks:227:14)
    Test.run (node:internal/test_runner/test:1382:25)
    Test.processPendingSubtests (node:internal/test_runner/test:960:18)
    Test.postRun (node:internal/test_runner/test:1522:19)
    Test.run (node:internal/test_runner/test:1447:12)
    async Test.processPendingSubtests (node:internal/test_runner/test:960:7)
  ...
# Subtest: key reorder preserves canonical and semantic identity while content changes
ok 29 - key reorder preserves canonical and semantic identity while content changes
  ---
  duration_ms: 22.810311
  type: 'test'
  ...
# Subtest: lower threshold remains distinct
ok 30 - lower threshold remains distinct
  ---
  duration_ms: 3.860974
  type: 'test'
  ...
# Subtest: large integers remains distinct
ok 31 - large integers remains distinct
  ---
  duration_ms: 3.711674
  type: 'test'
  ...
# Subtest: near decimals remains distinct
ok 32 - near decimals remains distinct
  ---
  duration_ms: 3.235471
  type: 'test'
  ...
# Subtest: signed zero remains distinct
ok 33 - signed zero remains distinct
  ---
  duration_ms: 4.769707
  type: 'test'
  ...
# Subtest: exponents remains distinct
ok 34 - exponents remains distinct
  ---
  duration_ms: 3.876357
  type: 'test'
  ...
# Subtest: decimal spelling remains distinct
ok 35 - decimal spelling remains distinct
  ---
  duration_ms: 3.710738
  type: 'test'
  ...
# Subtest: human text whitespace and enum remain distinct
ok 36 - human text whitespace and enum remain distinct
  ---
  duration_ms: 5.497342
  type: 'test'
  ...
# Subtest: renamed field rejects
ok 37 - renamed field rejects
  ---
  duration_ms: 1.960416
  type: 'test'
  ...
# Subtest: unknown field rejects
ok 38 - unknown field rejects
  ---
  duration_ms: 1.433568
  type: 'test'
  ...
# Subtest: boolean as string rejects
ok 39 - boolean as string rejects
  ---
  duration_ms: 1.129438
  type: 'test'
  ...
# Subtest: number as string rejects
ok 40 - number as string rejects
  ---
  duration_ms: 1.074507
  type: 'test'
  ...
# Subtest: number as bool rejects
ok 41 - number as bool rejects
  ---
  duration_ms: 1.454198
  type: 'test'
  ...
# Subtest: duplicate keys rejects
ok 42 - duplicate keys rejects
  ---
  duration_ms: 1.58374
  type: 'test'
  ...
# Subtest: alias rejects
ok 43 - alias rejects
  ---
  duration_ms: 1.393028
  type: 'test'
  ...
# Subtest: tag rejects
ok 44 - tag rejects
  ---
  duration_ms: 1.454639
  type: 'test'
  ...
# Subtest: lossy form rejects
ok 45 - lossy form rejects
  ---
  duration_ms: 1.351697
  type: 'test'
  ...
# Subtest: hex rejects
ok 46 - hex rejects
  ---
  duration_ms: 1.311307
  type: 'test'
  ...
# Subtest: invalid enum rejects
ok 47 - invalid enum rejects
  ---
  duration_ms: 1.300231
  type: 'test'
  ...
# Subtest: merge key rejects
ok 48 - merge key rejects
  ---
  duration_ms: 2.411233
  type: 'test'
  ...
# Subtest: unknown schema, schema hash claim and invalid UTF8 reject
ok 49 - unknown schema, schema hash claim and invalid UTF8 reject
  ---
  duration_ms: 1.08958
  type: 'test'
  ...
# Subtest: identities cannot be mutated and repository binding changes semantics
ok 50 - identities cannot be mutated and repository binding changes semantics
  ---
  duration_ms: 2.461266
  type: 'test'
  ...
1..50
# tests 50
# suites 0
# pass 49
# fail 1
# cancelled 0
# skipped 0
# todo 0
# duration_ms 264.618051
