TAP version 13
# Subtest: valid pinned adoption and accepted baseline yield opaque instance handles
ok 1 - valid pinned adoption and accepted baseline yield opaque instance handles
  ---
  duration_ms: 21.176427
  type: 'test'
  ...
# Subtest: receipt repo blocks even when signed
ok 2 - receipt repo blocks even when signed
  ---
  duration_ms: 2.284575
  type: 'test'
  ...
# Subtest: receipt subject blocks even when signed
ok 3 - receipt subject blocks even when signed
  ---
  duration_ms: 1.985754
  type: 'test'
  ...
# Subtest: receipt scope blocks even when signed
ok 4 - receipt scope blocks even when signed
  ---
  duration_ms: 1.898074
  type: 'test'
  ...
# Subtest: receipt kind blocks even when signed
ok 5 - receipt kind blocks even when signed
  ---
  duration_ms: 1.579533
  type: 'test'
  ...
# Subtest: receipt role blocks even when signed
ok 6 - receipt role blocks even when signed
  ---
  duration_ms: 1.783645
  type: 'test'
  ...
# Subtest: receipt issuer blocks even when signed
ok 7 - receipt issuer blocks even when signed
  ---
  duration_ms: 3.043686
  type: 'test'
  ...
# Subtest: receipt key blocks even when signed
ok 8 - receipt key blocks even when signed
  ---
  duration_ms: 2.071841
  type: 'test'
  ...
# Subtest: receipt expired blocks even when signed
ok 9 - receipt expired blocks even when signed
  ---
  duration_ms: 2.190526
  type: 'test'
  ...
# Subtest: receipt future blocks even when signed
ok 10 - receipt future blocks even when signed
  ---
  duration_ms: 2.082557
  type: 'test'
  ...
# Subtest: receipt epoch blocks even when signed
ok 11 - receipt epoch blocks even when signed
  ---
  duration_ms: 1.729355
  type: 'test'
  ...
# Subtest: receipt decision blocks even when signed
ok 12 - receipt decision blocks even when signed
  ---
  duration_ms: 1.938464
  type: 'test'
  ...
# Subtest: altered receipt signature and unknown fields block
ok 13 - altered receipt signature and unknown fields block
  ---
  duration_ms: 4.540448
  type: 'test'
  ...
# Subtest: missing time/revocation authority stops and revocation invalidates existing handles
ok 14 - missing time/revocation authority stops and revocation invalidates existing handles
  ---
  duration_ms: 4.990153
  type: 'test'
  ...
# Subtest: trusted inputs are copied and time/checkpoint freshness is checked repeatedly
ok 15 - trusted inputs are copied and time/checkpoint freshness is checked repeatedly
  ---
  duration_ms: 6.17288
  type: 'test'
  ...
# Subtest: authority bytes reject duplicate keys, unknown policy and noncanonical serialization
ok 16 - authority bytes reject duplicate keys, unknown policy and noncanonical serialization
  ---
  duration_ms: 1.839748
  type: 'test'
  ...
# Subtest: signature domain separation prevents signatures over ordinary JSON from authorizing
ok 17 - signature domain separation prevents signatures over ordinary JSON from authorizing
  ---
  duration_ms: 1.559965
  type: 'test'
  ...
# Subtest: adoption rejects even host-pinned signed authority for a different runtime/schema contract
ok 18 - adoption rejects even host-pinned signed authority for a different runtime/schema contract
  ---
  duration_ms: 0.745271
  type: 'test'
  ...
# Subtest: recomputes canonical reorder and returns assessment without execution permission
ok 19 - recomputes canonical reorder and returns assessment without execution permission
  ---
  duration_ms: 17.114385
  type: 'test'
  ...
# Subtest: closed derived content digest update is recomputed from accepted/canonical source
ok 20 - closed derived content digest update is recomputed from accepted/canonical source
  ---
  duration_ms: 8.078275
  type: 'test'
  ...
# Subtest: semantic change, docs extension and arbitrary proof names cannot become mechanical
ok 21 - semantic change, docs extension and arbitrary proof names cannot become mechanical
  ---
  duration_ms: 3.76323
  type: 'test'
  ...
# Subtest: before substitution and unsigned/substituted baseline cannot be accepted
ok 22 - before substitution and unsigned/substituted baseline cannot be accepted
  ---
  duration_ms: 3.730261
  type: 'test'
  ...
# Subtest: forged, copied, foreign and stale contexts block
ok 23 - forged, copied, foreign and stale contexts block
  ---
  duration_ms: 5.902871
  type: 'test'
  ...
# Subtest: known normative changes require a human; mixed batches never partially authorize
ok 24 - known normative changes require a human; mixed batches never partially authorize
  ---
  duration_ms: 4.899969
  type: 'test'
  ...
# Subtest: empty batches, duplicate paths and missing before bindings are unknown
ok 25 - empty batches, duplicate paths and missing before bindings are unknown
  ---
  duration_ms: 2.560122
  type: 'test'
  ...
# Subtest: derived source substitution, recursive source and nonmechanical batch source block
ok 26 - derived source substitution, recursive source and nonmechanical batch source block
  ---
  duration_ms: 5.218029
  type: 'test'
  ...
# Subtest: candidate cannot replace schema, trust roots, policy or execution adapter
ok 27 - candidate cannot replace schema, trust roots, policy or execution adapter
  ---
  duration_ms: 3.422476
  type: 'test'
  ...
# Subtest: copied source bytes cannot mutate an already accepted context
ok 28 - copied source bytes cannot mutate an already accepted context
  ---
  duration_ms: 3.037788
  type: 'test'
  ...
# Subtest: baseline order is code-unit deterministic across case and locale
ok 29 - baseline order is code-unit deterministic across case and locale
  ---
  duration_ms: 2.730634
  type: 'test'
  ...
# Subtest: key reorder preserves canonical and semantic identity while content changes
ok 30 - key reorder preserves canonical and semantic identity while content changes
  ---
  duration_ms: 16.032187
  type: 'test'
  ...
# Subtest: lower threshold remains distinct
ok 31 - lower threshold remains distinct
  ---
  duration_ms: 3.340355
  type: 'test'
  ...
# Subtest: large integers remains distinct
ok 32 - large integers remains distinct
  ---
  duration_ms: 3.287607
  type: 'test'
  ...
# Subtest: near decimals remains distinct
ok 33 - near decimals remains distinct
  ---
  duration_ms: 3.154631
  type: 'test'
  ...
# Subtest: signed zero remains distinct
ok 34 - signed zero remains distinct
  ---
  duration_ms: 3.319834
  type: 'test'
  ...
# Subtest: exponents remains distinct
ok 35 - exponents remains distinct
  ---
  duration_ms: 2.547333
  type: 'test'
  ...
# Subtest: decimal spelling remains distinct
ok 36 - decimal spelling remains distinct
  ---
  duration_ms: 2.395459
  type: 'test'
  ...
# Subtest: human text whitespace and enum remain distinct
ok 37 - human text whitespace and enum remain distinct
  ---
  duration_ms: 5.673282
  type: 'test'
  ...
# Subtest: renamed field rejects
ok 38 - renamed field rejects
  ---
  duration_ms: 1.872016
  type: 'test'
  ...
# Subtest: unknown field rejects
ok 39 - unknown field rejects
  ---
  duration_ms: 1.362784
  type: 'test'
  ...
# Subtest: boolean as string rejects
ok 40 - boolean as string rejects
  ---
  duration_ms: 1.187104
  type: 'test'
  ...
# Subtest: number as string rejects
ok 41 - number as string rejects
  ---
  duration_ms: 1.208546
  type: 'test'
  ...
# Subtest: number as bool rejects
ok 42 - number as bool rejects
  ---
  duration_ms: 1.142468
  type: 'test'
  ...
# Subtest: duplicate keys rejects
ok 43 - duplicate keys rejects
  ---
  duration_ms: 1.74659
  type: 'test'
  ...
# Subtest: alias rejects
ok 44 - alias rejects
  ---
  duration_ms: 1.46179
  type: 'test'
  ...
# Subtest: tag rejects
ok 45 - tag rejects
  ---
  duration_ms: 1.550431
  type: 'test'
  ...
# Subtest: lossy form rejects
ok 46 - lossy form rejects
  ---
  duration_ms: 1.418306
  type: 'test'
  ...
# Subtest: hex rejects
ok 47 - hex rejects
  ---
  duration_ms: 1.381801
  type: 'test'
  ...
# Subtest: invalid enum rejects
ok 48 - invalid enum rejects
  ---
  duration_ms: 1.290467
  type: 'test'
  ...
# Subtest: merge key rejects
ok 49 - merge key rejects
  ---
  duration_ms: 2.248753
  type: 'test'
  ...
# Subtest: unknown schema, schema hash claim and invalid UTF8 reject
ok 50 - unknown schema, schema hash claim and invalid UTF8 reject
  ---
  duration_ms: 1.139794
  type: 'test'
  ...
# Subtest: identities cannot be mutated and repository binding changes semantics
ok 51 - identities cannot be mutated and repository binding changes semantics
  ---
  duration_ms: 2.655343
  type: 'test'
  ...
# Subtest: human comments and directives are unsupported instead of silently erased
ok 52 - human comments and directives are unsupported instead of silently erased
  ---
  duration_ms: 8.137733
  type: 'test'
  ...
1..52
# tests 52
# suites 0
# pass 52
# fail 0
# cancelled 0
# skipped 0
# todo 0
# duration_ms 243.166702
