Verifying F19

── Layer: static
$ make lint && bash docs/implementation/2026-09-05-harness-hardening/final-fix-1/verify-static.sh
make[1]: Entering directory '/workspace/scratch/adce1c53b293/harness-kit'
shellcheck -S warning bin/*.sh scripts/*.sh tests/*.sh \
  templates/full/scripts/*.sh packs/*/verify-pack.sh
make[1]: Leaving directory '/workspace/scratch/adce1c53b293/harness-kit'
PASS: H05 runtime, integration and focal test syntax
PASS: current selected sources, causal RED receipt, unchanged workflow gates and unsigned candidate manifests
Layer 'static' passed.

── Layer: runtime
$ node --test --test-reporter=tap --test-skip-pattern='e2e:' packs/autonomy/repo-template/scripts/quality-orchestrator/tests/capabilities.test.mjs packs/autonomy/repo-template/scripts/quality-orchestrator/tests/literal-filename.test.mjs
TAP version 13
# Subtest: H04 maximum accepted key reconciles without widening candidate keys
ok 1 - H04 maximum accepted key reconciles without widening candidate keys
  ---
  duration_ms: 736.259566
  type: 'test'
  ...
# Subtest: H04 publication retains verified intermediate B before successor C
ok 2 - H04 publication retains verified intermediate B before successor C
  ---
  duration_ms: 350.695258
  type: 'test'
  ...
# Subtest: canonical write uses exact numeric lexemes and preserves accepted semantics
ok 3 - canonical write uses exact numeric lexemes and preserves accepted semantics
  ---
  duration_ms: 1310.41988
  type: 'test'
  ...
# Subtest: capability rejects traversal before mutation
ok 4 - capability rejects traversal before mutation
  ---
  duration_ms: 404.653912
  type: 'test'
  ...
# Subtest: capability rejects deny before mutation
ok 5 - capability rejects deny before mutation
  ---
  duration_ms: 443.121671
  type: 'test'
  ...
# Subtest: capability rejects symlink before mutation
ok 6 - capability rejects symlink before mutation
  ---
  duration_ms: 434.086456
  type: 'test'
  ...
# Subtest: capability rejects hardlink before mutation
ok 7 - capability rejects hardlink before mutation
  ---
  duration_ms: 435.419536
  type: 'test'
  ...
# Subtest: capability rejects extra before mutation
ok 8 - capability rejects extra before mutation
  ---
  duration_ms: 309.557614
  type: 'test'
  ...
# Subtest: capability rejects callback before mutation
ok 9 - capability rejects callback before mutation
  ---
  duration_ms: 313.241569
  type: 'test'
  ...
# Subtest: deny wins even when host allowlist overlaps
ok 10 - deny wins even when host allowlist overlaps
  ---
  duration_ms: 535.9223
  type: 'test'
  ...
# Subtest: forged context, grant, permit and lease never confer execution authority
ok 11 - forged context, grant, permit and lease never confer execution authority
  ---
  duration_ms: 912.612505
  type: 'test'
  ...
# Subtest: execute rechecks source after prepare
ok 12 - execute rechecks source after prepare
  ---
  duration_ms: 1029.160108
  type: 'test'
  ...
# Subtest: execute rechecks frozen after prepare
ok 13 - execute rechecks frozen after prepare
  ---
  duration_ms: 1011.632481
  type: 'test'
  ...
# Subtest: execute rechecks commit after prepare
ok 14 - execute rechecks commit after prepare
  ---
  duration_ms: 1092.229241
  type: 'test'
  ...
# Subtest: execute rechecks alias after prepare
ok 15 - execute rechecks alias after prepare
  ---
  duration_ms: 1016.272705
  type: 'test'
  ...
# Subtest: execute rechecks mode after prepare
ok 16 - execute rechecks mode after prepare
  ---
  duration_ms: 1022.870511
  type: 'test'
  ...
# Subtest: exclusive leases reject second owner and stale handles after release
ok 17 - exclusive leases reject second owner and stale handles after release
  ---
  duration_ms: 2088.394541
  type: 'test'
  ...
# Subtest: untrusted subprocess capability refuses missing real containment before spawn
ok 18 - untrusted subprocess capability refuses missing real containment before spawn
  ---
  duration_ms: 294.051289
  type: 'test'
  ...
# Subtest: canonical preparation validates dependent frozen documents before any effect
ok 19 - canonical preparation validates dependent frozen documents before any effect
  ---
  duration_ms: 446.546541
  type: 'test'
  ...
# Subtest: expired grant stops a previously prepared effect before spend
ok 20 - expired grant stops a previously prepared effect before spend
  ---
  duration_ms: 724.557994
  type: 'test'
  ...
# Subtest: runtime and transitive dependency bundle changes block prepared effects
ok 21 - runtime and transitive dependency bundle changes block prepared effects
  ---
  duration_ms: 896.432143
  type: 'test'
  ...
# Subtest: host must pin installed implementation and claim only supported local mode
ok 22 - host must pin installed implementation and claim only supported local mode
  ---
  duration_ms: 303.821849
  type: 'test'
  ...
# Subtest: oversized source and symlink ancestors are refused before write
ok 23 - oversized source and symlink ancestors are refused before write
  ---
  duration_ms: 445.074246
  type: 'test'
  ...
# Subtest: supervisor rejects unexpected frozen delta after last output publication
ok 24 - supervisor rejects unexpected frozen delta after last output publication
  ---
  duration_ms: 1531.85723
  type: 'test'
  ...
# Subtest: generic target reconciliation cannot substitute a supervised capability receipt (reopen=false)
ok 25 - generic target reconciliation cannot substitute a supervised capability receipt (reopen=false)
  ---
  duration_ms: 1608.200712
  type: 'test'
  ...
# Subtest: generic target reconciliation cannot substitute a supervised capability receipt (reopen=true)
ok 26 - generic target reconciliation cannot substitute a supervised capability receipt (reopen=true)
  ---
  duration_ms: 1620.613597
  type: 'test'
  ...
# Subtest: H05-R1 rejects canonical output missing accepted-before identity before permit, spend or effects
ok 27 - H05-R1 rejects canonical output missing accepted-before identity before permit, spend or effects
  ---
  duration_ms: 587.883597
  type: 'test'
  ...
# Subtest: H05-R1 rejects canonical output outside adopted scope before permit, spend or effects
ok 28 - H05-R1 rejects canonical output outside adopted scope before permit, spend or effects
  ---
  duration_ms: 585.152464
  type: 'test'
  ...
# Subtest: H05-R1 rejects derived target omitted from accepted context before permit, spend or effects
ok 29 - H05-R1 rejects derived target omitted from accepted context before permit, spend or effects
  ---
  duration_ms: 646.212539
  type: 'test'
  ...
# Subtest: H05-R1 rejects derived source and target outside adopted context before permit, spend or effects
ok 30 - H05-R1 rejects derived source and target outside adopted context before permit, spend or effects
  ---
  duration_ms: 591.346936
  type: 'test'
  ...
# Subtest: prepared capability rejects a changed frozen file named frozen.txt before effects or spending
ok 31 - prepared capability rejects a changed frozen file named frozen.txt before effects or spending
  ---
  duration_ms: 1364.438098
  type: 'test'
  ...
# Subtest: prepared capability rejects a changed frozen file named __proto__ before effects or spending
ok 32 - prepared capability rejects a changed frozen file named __proto__ before effects or spending
  ---
  duration_ms: 1049.499463
  type: 'test'
  ...
1..32
# tests 32
# suites 0
# pass 32
# fail 0
# cancelled 0
# skipped 0
# todo 0
# duration_ms 24080.055719
Layer 'runtime' passed.

── Layer: e2e
$ node --test --test-reporter=tap --test-name-pattern='^e2e:' packs/autonomy/repo-template/scripts/quality-orchestrator/tests/capabilities.test.mjs
TAP version 13
# Subtest: e2e: public capability writes canonical source and derived digest with persistent exact receipt
ok 1 - e2e: public capability writes canonical source and derived digest with persistent exact receipt
  ---
  duration_ms: 2718.205397
  type: 'test'
  ...
# Subtest: e2e: actual postcondition mismatch retains pending intent and never repeats a partial write
ok 2 - e2e: actual postcondition mismatch retains pending intent and never repeats a partial write
  ---
  duration_ms: 1881.579126
  type: 'test'
  ...
# Subtest: e2e: crash after complete publication reconciles exact bytes without republishing
ok 3 - e2e: crash after complete publication reconciles exact bytes without republishing
  ---
  duration_ms: 1926.667696
  type: 'test'
  ...
1..3
# tests 3
# suites 0
# pass 3
# fail 0
# cancelled 0
# skipped 0
# todo 0
# duration_ms 6847.782263
Layer 'e2e' passed.

F19 -> passing (evidence recorded in feature_list.json)
Next: update PROGRESS.md and commit.
