Verifying F17

── Layer: static
$ make lint && for runtime_source in packs/autonomy/repo-template/scripts/quality-orchestrator/*.mjs packs/autonomy/repo-template/scripts/quality-orchestrator/tests/*.mjs; do node --check "$runtime_source" || exit; done && echo autonomy-static-ok
make[1]: Entering directory '/workspace/scratch/adce1c53b293/harness-kit'
shellcheck -S warning bin/*.sh scripts/*.sh tests/*.sh \
  templates/full/scripts/*.sh packs/*/verify-pack.sh
make[1]: Leaving directory '/workspace/scratch/adce1c53b293/harness-kit'
autonomy-static-ok
Layer 'static' passed.

── Layer: runtime
$ node --test --test-reporter=tap packs/autonomy/repo-template/scripts/quality-orchestrator/tests/identity.test.mjs packs/autonomy/repo-template/scripts/quality-orchestrator/tests/authority.test.mjs
TAP version 13
# Subtest: valid pinned adoption and accepted baseline yield opaque instance handles
ok 1 - valid pinned adoption and accepted baseline yield opaque instance handles
  ---
  duration_ms: 17.461519
  type: 'test'
  ...
# Subtest: receipt repo blocks even when signed
ok 2 - receipt repo blocks even when signed
  ---
  duration_ms: 1.554768
  type: 'test'
  ...
# Subtest: receipt subject blocks even when signed
ok 3 - receipt subject blocks even when signed
  ---
  duration_ms: 1.372128
  type: 'test'
  ...
# Subtest: receipt scope blocks even when signed
ok 4 - receipt scope blocks even when signed
  ---
  duration_ms: 1.573827
  type: 'test'
  ...
# Subtest: receipt kind blocks even when signed
ok 5 - receipt kind blocks even when signed
  ---
  duration_ms: 1.450604
  type: 'test'
  ...
# Subtest: receipt role blocks even when signed
ok 6 - receipt role blocks even when signed
  ---
  duration_ms: 1.261144
  type: 'test'
  ...
# Subtest: receipt issuer blocks even when signed
ok 7 - receipt issuer blocks even when signed
  ---
  duration_ms: 1.257048
  type: 'test'
  ...
# Subtest: receipt key blocks even when signed
ok 8 - receipt key blocks even when signed
  ---
  duration_ms: 1.686994
  type: 'test'
  ...
# Subtest: receipt expired blocks even when signed
ok 9 - receipt expired blocks even when signed
  ---
  duration_ms: 1.547097
  type: 'test'
  ...
# Subtest: receipt future blocks even when signed
ok 10 - receipt future blocks even when signed
  ---
  duration_ms: 1.428201
  type: 'test'
  ...
# Subtest: receipt epoch blocks even when signed
ok 11 - receipt epoch blocks even when signed
  ---
  duration_ms: 1.213995
  type: 'test'
  ...
# Subtest: receipt decision blocks even when signed
ok 12 - receipt decision blocks even when signed
  ---
  duration_ms: 1.449413
  type: 'test'
  ...
# Subtest: altered receipt signature and unknown fields block
ok 13 - altered receipt signature and unknown fields block
  ---
  duration_ms: 2.673832
  type: 'test'
  ...
# Subtest: missing time/revocation authority stops and revocation invalidates existing handles
ok 14 - missing time/revocation authority stops and revocation invalidates existing handles
  ---
  duration_ms: 3.711195
  type: 'test'
  ...
# Subtest: trusted inputs are copied and time/checkpoint freshness is checked repeatedly
ok 15 - trusted inputs are copied and time/checkpoint freshness is checked repeatedly
  ---
  duration_ms: 3.336762
  type: 'test'
  ...
# Subtest: authority bytes reject duplicate keys, unknown policy and noncanonical serialization
ok 16 - authority bytes reject duplicate keys, unknown policy and noncanonical serialization
  ---
  duration_ms: 1.287953
  type: 'test'
  ...
# Subtest: signature domain separation prevents signatures over ordinary JSON from authorizing
ok 17 - signature domain separation prevents signatures over ordinary JSON from authorizing
  ---
  duration_ms: 1.514168
  type: 'test'
  ...
# Subtest: adoption rejects even host-pinned signed authority for a different runtime/schema contract
ok 18 - adoption rejects even host-pinned signed authority for a different runtime/schema contract
  ---
  duration_ms: 0.833632
  type: 'test'
  ...
# Subtest: unavailable trusted clock is a structured stop on existing handles
ok 19 - unavailable trusted clock is a structured stop on existing handles
  ---
  duration_ms: 2.736545
  type: 'test'
  ...
# Subtest: loadAuthority preserves the expired stop at constructor reinspection
ok 20 - loadAuthority preserves the expired stop at constructor reinspection
  ---
  duration_ms: 2.023561
  type: 'test'
  ...
# Subtest: loadAuthority preserves the unavailable stop at constructor reinspection
ok 21 - loadAuthority preserves the unavailable stop at constructor reinspection
  ---
  duration_ms: 1.888862
  type: 'test'
  ...
# Subtest: loadAuthority preserves an original verifyApproval signature stop
ok 22 - loadAuthority preserves an original verifyApproval signature stop
  ---
  duration_ms: 1.676308
  type: 'test'
  ...
# Subtest: verifyContext preserves the expired stop at constructor reinspection
ok 23 - verifyContext preserves the expired stop at constructor reinspection
  ---
  duration_ms: 2.464733
  type: 'test'
  ...
# Subtest: verifyContext preserves the unavailable stop at constructor reinspection
ok 24 - verifyContext preserves the unavailable stop at constructor reinspection
  ---
  duration_ms: 4.055915
  type: 'test'
  ...
# Subtest: verifyContext preserves an original verifyApproval signature stop
ok 25 - verifyContext preserves an original verifyApproval signature stop
  ---
  duration_ms: 2.109298
  type: 'test'
  ...
# Subtest: key reorder preserves canonical and semantic identity while content changes
ok 26 - key reorder preserves canonical and semantic identity while content changes
  ---
  duration_ms: 15.871098
  type: 'test'
  ...
# Subtest: lower threshold remains distinct
ok 27 - lower threshold remains distinct
  ---
  duration_ms: 3.147132
  type: 'test'
  ...
# Subtest: large integers remains distinct
ok 28 - large integers remains distinct
  ---
  duration_ms: 3.135605
  type: 'test'
  ...
# Subtest: near decimals remains distinct
ok 29 - near decimals remains distinct
  ---
  duration_ms: 2.988246
  type: 'test'
  ...
# Subtest: signed zero remains distinct
ok 30 - signed zero remains distinct
  ---
  duration_ms: 3.282722
  type: 'test'
  ...
# Subtest: exponents remains distinct
ok 31 - exponents remains distinct
  ---
  duration_ms: 2.628665
  type: 'test'
  ...
# Subtest: decimal spelling remains distinct
ok 32 - decimal spelling remains distinct
  ---
  duration_ms: 3.346597
  type: 'test'
  ...
# Subtest: human text whitespace and enum remain distinct
ok 33 - human text whitespace and enum remain distinct
  ---
  duration_ms: 4.482896
  type: 'test'
  ...
# Subtest: renamed field rejects
ok 34 - renamed field rejects
  ---
  duration_ms: 1.855402
  type: 'test'
  ...
# Subtest: unknown field rejects
ok 35 - unknown field rejects
  ---
  duration_ms: 1.355443
  type: 'test'
  ...
# Subtest: boolean as string rejects
ok 36 - boolean as string rejects
  ---
  duration_ms: 1.478696
  type: 'test'
  ...
# Subtest: number as string rejects
ok 37 - number as string rejects
  ---
  duration_ms: 1.349265
  type: 'test'
  ...
# Subtest: number as bool rejects
ok 38 - number as bool rejects
  ---
  duration_ms: 1.322184
  type: 'test'
  ...
# Subtest: duplicate keys rejects
ok 39 - duplicate keys rejects
  ---
  duration_ms: 1.584772
  type: 'test'
  ...
# Subtest: alias rejects
ok 40 - alias rejects
  ---
  duration_ms: 1.667865
  type: 'test'
  ...
# Subtest: tag rejects
ok 41 - tag rejects
  ---
  duration_ms: 1.548139
  type: 'test'
  ...
# Subtest: lossy form rejects
ok 42 - lossy form rejects
  ---
  duration_ms: 1.379549
  type: 'test'
  ...
# Subtest: hex rejects
ok 43 - hex rejects
  ---
  duration_ms: 1.335314
  type: 'test'
  ...
# Subtest: invalid enum rejects
ok 44 - invalid enum rejects
  ---
  duration_ms: 2.154995
  type: 'test'
  ...
# Subtest: merge key rejects
ok 45 - merge key rejects
  ---
  duration_ms: 2.305237
  type: 'test'
  ...
# Subtest: unknown schema, schema hash claim and invalid UTF8 reject
ok 46 - unknown schema, schema hash claim and invalid UTF8 reject
  ---
  duration_ms: 1.02837
  type: 'test'
  ...
# Subtest: identities cannot be mutated and repository binding changes semantics
ok 47 - identities cannot be mutated and repository binding changes semantics
  ---
  duration_ms: 2.223767
  type: 'test'
  ...
# Subtest: human comments and directives are unsupported instead of silently erased
ok 48 - human comments and directives are unsupported instead of silently erased
  ---
  duration_ms: 2.783485
  type: 'test'
  ...
# Subtest: a YAML mapping cannot impersonate the internal numeric domain representation
ok 49 - a YAML mapping cannot impersonate the internal numeric domain representation
  ---
  duration_ms: 1.279191
  type: 'test'
  ...
# Subtest: explicit default-handle TAG directives reject instead of inheriting implicit defaults
ok 50 - explicit default-handle TAG directives reject instead of inheriting implicit defaults
  ---
  duration_ms: 3.096407
  type: 'test'
  ...
1..50
# tests 50
# suites 0
# pass 50
# fail 0
# cancelled 0
# skipped 0
# todo 0
# duration_ms 225.241201
Layer 'runtime' passed.

── Layer: e2e
$ node --test --test-reporter=tap packs/autonomy/repo-template/scripts/quality-orchestrator/tests/classify.test.mjs
TAP version 13
# Subtest: recomputes canonical reorder and returns assessment without execution permission
ok 1 - recomputes canonical reorder and returns assessment without execution permission
  ---
  duration_ms: 16.985636
  type: 'test'
  ...
# Subtest: closed derived content digest update is recomputed from accepted/canonical source
ok 2 - closed derived content digest update is recomputed from accepted/canonical source
  ---
  duration_ms: 7.816264
  type: 'test'
  ...
# Subtest: semantic change, docs extension and arbitrary proof names cannot become mechanical
ok 3 - semantic change, docs extension and arbitrary proof names cannot become mechanical
  ---
  duration_ms: 3.838043
  type: 'test'
  ...
# Subtest: before substitution and unsigned/substituted baseline cannot be accepted
ok 4 - before substitution and unsigned/substituted baseline cannot be accepted
  ---
  duration_ms: 4.24188
  type: 'test'
  ...
# Subtest: forged, copied, foreign and stale contexts block
ok 5 - forged, copied, foreign and stale contexts block
  ---
  duration_ms: 6.24414
  type: 'test'
  ...
# Subtest: known normative changes require a human; mixed batches never partially authorize
ok 6 - known normative changes require a human; mixed batches never partially authorize
  ---
  duration_ms: 3.426775
  type: 'test'
  ...
# Subtest: empty batches, duplicate paths and missing before bindings are unknown
ok 7 - empty batches, duplicate paths and missing before bindings are unknown
  ---
  duration_ms: 2.260542
  type: 'test'
  ...
# Subtest: derived source substitution, recursive source and nonmechanical batch source block
ok 8 - derived source substitution, recursive source and nonmechanical batch source block
  ---
  duration_ms: 5.547029
  type: 'test'
  ...
# Subtest: candidate cannot replace schema, trust roots, policy or execution adapter
ok 9 - candidate cannot replace schema, trust roots, policy or execution adapter
  ---
  duration_ms: 3.352906
  type: 'test'
  ...
# Subtest: copied source bytes cannot mutate an already accepted context
ok 10 - copied source bytes cannot mutate an already accepted context
  ---
  duration_ms: 2.886626
  type: 'test'
  ...
# Subtest: baseline order is code-unit deterministic across case and locale
ok 11 - baseline order is code-unit deterministic across case and locale
  ---
  duration_ms: 3.180491
  type: 'test'
  ...
# Subtest: adding an explicit default TAG directive cannot earn canonical reorder eligibility
ok 12 - adding an explicit default TAG directive cannot earn canonical reorder eligibility
  ---
  duration_ms: 2.696255
  type: 'test'
  ...
1..12
# tests 12
# suites 0
# pass 12
# fail 0
# cancelled 0
# skipped 0
# todo 0
# duration_ms 213.270984
Layer 'e2e' passed.

F17 -> passing (evidence recorded in feature_list.json)
Next: update PROGRESS.md and commit.
