✔ A01 canonical representation and derived golden corpus recover within the original grant (18791.555093ms)
✔ A02 stale mechanical run binding is replaced and replayed without resetting counts (25376.239103ms)
✔ A03 unqualified credential-shaped infrastructure rejection stays diagnostic without retry (23804.238325ms)
✔ A04 invalid evidence refs retry within tooling budget then bind only exact source (26132.081558ms)
✔ A05 invalid durable test id is deterministically generated from approved case (19053.941596ms)
✔ e2e A06 output lost before ingest recovers durable bytes from retained output on resume (20463.096027ms)
✔ A07 invalid output consumes tooling attempts and only one valid FULL judgment (25072.114138ms)
✔ A08 bounded correction completes with original approval and independent focal reviewer (47675.080602ms)
✔ A09 prior approval survives only proved already-authorized golden corpus refresh (26090.70241ms)
✔ negative repeated invalid output exhausts operational resources without fabricated PO decision (22688.271733ms)
✔ negative semantic threshold and out-of-scope remediation do not inherit approval (2808.437269ms)
✔ negative expired authority cannot be refreshed by equivalent remediation (2609.007963ms)
✔ negative invented evidence never reaches ingest or permission (20826.497972ms)
✔ negative pending effect without retained acknowledgement is never redispatched (4792.23145ms)
✔ release driver with no target capability reports operational blocker without a production claim (1757.460495ms)
✔ A10 repeated mechanical blockers recover within signed retry limits and make delivery progress (47271.816466ms)
✔ e2e release driver advances two supplied authorized obligations and reuses their receipts (8375.727617ms)
✔ negative release authorization failure stays diagnostic and dispatches zero effects (2166.146826ms)
✔ negative invalid focal output spends no FIX judgment before valid durable ingest (39602.602683ms)
✔ negative terminal run cannot authorize a representation correction (2796.175682ms)
✔ e2e release driver consumes authorized production trace through distinct smoke and observability (46262.444724ms)
✔ publication contention reconciles retained v1 verifier evidence once (6427.310371ms)
✔ publication contention reconciles retained v2 review evidence once (20252.328926ms)
✔ negative persistent publication lock keeps retained effect pending without redispatch (8782.187482ms)
✔ negative publication retry rechecks authority after the owner releases its lock (5153.487762ms)
✔ pilot unavailable runtime produces honest parseable offline JSON and nonzero (68.977262ms)
✔ pilot loaded runtime remains installation observation with identity and no false READY (1162.307425ms)
✔ journal v1 binding remains exact while product journals opt into a distinct contract (2140.553249ms)
✔ no product operation is available without authentic authority and capability (2370.79647ms)
✔ known differences block slice approval PASS next slice and baseline promotion (47092.573972ms)
✔ two control cycles without product value block a third before spending (6064.71161ms)
✔ direct mutation bypass invalidates authority before effect (5843.021408ms)
✔ SHA change invalidates bound authority and review before effect (4385.982735ms)
✔ health or loaded zero exit without version and schema identity is UNKNOWN (6083.527065ms)
✔ valid nonce cannot authorize frozen path patch (11613.850015ms)
✔ text checker green and open authenticated High block PASS despite required gates green (20165.890215ms)
✔ two unsuccessful fixes retain original finding and stop without third full review (53869.216916ms)
✔ gate reuse requires exact bindings and resume performs zero duplicate dispatch (8074.168858ms)
✔ e2e objective moves RED patch GREEN independent full review causal fix focal review and handoff automatically (47825.058682ms)
✔ e2e two actual processes competing for one step nonce create one verifier effect (7731.757794ms)
✔ e2e actual CLI source passes through product RED author patch High remediation and local PR preparation (39861.752015ms)
✔ a mechanically fresh journal run cannot inherit the previous product grant (2819.82156ms)
✔ fix1 H1 terminal FAILED STALE INCOMPLETE runs reject effects and promotions (9980.581282ms)
✔ fix1 H2 difference arriving during review cannot restore canonical PASS (16975.438612ms)
✔ fix1 H3 a known functional VERIFY RED settles and enters bounded correction (31880.227006ms)
✔ fix1 H4 a GREEN case cannot borrow another findings RED (22289.799583ms)
✔ e2e fix1 H4 two findings close in separate rounds without losing causal chains or backlog (57098.217056ms)
✔ fix1 M2 pilot coverage enumerates every surface and binds applicable observed cases (45086.930419ms)
✔ fix1 H4 conflicting finding identities cannot hide a High behind a Low (18325.150938ms)
✔ fix2 M2 coverage binds an observed nested regression GREEN to its containing VERIFY receipt (34342.67593ms)
✔ H08 missing release API is an observable unmet objective (117.049041ms)
✔ HIST-11: green slice and merged PR continue through every obligation (40.321881ms)
✔ production simulation never becomes production certification (113.309792ms)
✔ wrong artifact binding cannot discharge integrated-verification (1.022688ms)
✔ wrong artifact binding cannot discharge deployment (7.864972ms)
✔ wrong artifact binding cannot discharge smoke (0.78521ms)
✔ wrong artifact binding cannot discharge observability (0.714351ms)
✔ deployment A cannot consume smoke B: deploymentId (9.133713ms)
✔ deployment A cannot consume smoke B: target (13.71083ms)
✔ deployment A cannot consume smoke B: commit (0.804428ms)
✔ preview and successful model JSON cannot satisfy production receipts (6.081697ms)
✔ functional smoke and observability require separate actual execution identities in the contract (0.795849ms)
✔ freshness expiration future dates and later failure prevent reuse (1.481161ms)
✔ merge requires revalidation after integration even on the same commit (1.044952ms)
✔ crash resume retains exact pending deployment key and refuses duplicate uncertain intent (5.890349ms)
✔ deployment must reconcile matching prior approval and operation key (1.06345ms)
✔ rollback invalidates current objective without deleting deployment history (5.923254ms)
✔ external gate is exact and independent from deployment permission (2.122909ms)
✔ strict closed schemas reject unknown fields missing obligations and callbacks (5.367598ms)
✔ e2e runtime: exact approved objective refuses production and preserves budget across reopen (99.890419ms)
✔ wrong artifact approval, bounded grant and expired deployment approval do not authorize deployment (29.94691ms)
✔ forged stale serialized and cross-runtime handles cannot certify (73.351843ms)
✔ integrated commit change requires a newly scoped objective and revalidation (21.541024ms)
✔ objective wire requires exact acceptance and scope binding (15.64952ms)
✔ rollback permission is exact and cannot reuse deployment approval (33.150768ms)
✔ e2e continuation budgets survive unavailable release work and scoped grants do not authorize deployment (120.912618ms)
✔ signed preflight freezes approved preference, isolated configuration and opaque ownership (1843.298415ms)
✔ absent remote schema keeps exact model/effort/auth and local schema (1943.76725ms)
✔ preflight blocks auth without catalog ranking guesses (962.041119ms)
✔ preflight blocks cancelled without catalog ranking guesses (827.598671ms)
✔ preflight blocks partial without catalog ranking guesses (918.909232ms)
✔ preflight blocks unsupported without catalog ranking guesses (1007.340625ms)
✔ preflight blocks duplicates without catalog ranking guesses (1116.323979ms)
✔ changed binary blocks between rounds (1648.403648ms)
✔ changed dependency blocks between rounds (1366.661587ms)
✔ changed protocol blocks between rounds (1310.642078ms)
✔ schema/bundle/config pins and approval freshness cannot change (2239.23636ms)
✔ trusted shadow copies exact Git objects and modes without inherited config, hooks or credentials (1544.01961ms)
✔ trusted shadow rejects symlink (1137.556695ms)
✔ trusted shadow rejects alternates (1346.316543ms)
✔ trusted shadow rejects dirty-primary (1395.270292ms)
✔ trusted shadow rejects shadow-tamper (1724.579405ms)
✔ prototype-shaped filename remains covered by primary manifest (2581.831379ms)
✔ prototype-shaped filename remains covered by shadow manifest (1860.584732ms)
✔ e2e case 7: exact shadow stops before unavailable reviewer launch and budget spending (3020.865481ms)
✔ e2e case 8: only closed local output validates; no fixture or PASS becomes acceptance (1971.694379ms)
✔ local output fails closed for malformed (1899.673894ms)
✔ local output fails closed for extra (1347.99059ms)
✔ local output fails closed for duplicate (1133.019384ms)
✔ local output fails closed for cancelled (1513.197057ms)
✔ local output fails closed for mismatch (1212.254347ms)
✔ local output fails closed for location (1702.726444ms)
✔ local output fails closed for oversize (1564.280824ms)
✔ e2e case 9: fabricated execution receipt cannot authorize independent review (2856.114425ms)
ℹ tests 104
ℹ suites 0
ℹ pass 104
ℹ fail 0
ℹ cancelled 0
ℹ skipped 0
ℹ todo 0
ℹ duration_ms 503749.003421
