✖ F27 M1 denies remediation before intent or writes after HEAD (3837.36284ms)
✖ F27 M2 denies remediation before intent or writes after deleted-frozen (3860.683673ms)
✖ F27 M6 pending first correction rejects a second rule then reconciles only the original intent (5015.960179ms)
✖ F27 M3 late retained original acknowledgement after operational checkpoint and process reopen via resume (9565.967204ms)
✖ F27 M3 late retained original acknowledgement after operational checkpoint and process reopen via run (7815.598457ms)
ℹ tests 5
ℹ suites 0
ℹ pass 0
ℹ fail 5
ℹ cancelled 0
ℹ skipped 0
ℹ todo 0
ℹ duration_ms 30469.630502

✖ failing tests:

test at packs/autonomy/repo-template/scripts/quality-orchestrator/tests/f27-corrections.test.mjs:9:49
✖ F27 M1 denies remediation before intent or writes after HEAD (3837.36284ms)
  AssertionError [ERR_ASSERTION]: denied remediation must not write or reserve
  + actual - expected
  
    {
      files: {
  +     'corpus.json': 'eyJyZWNvcmQiOnsiZW5hYmxlZCI6dHJ1ZSwic3RhdHVzIjoiYWN0aXZlIiwidGhyZXNob2xkIjp7ImxleGVtZSI6IjEwMCIsInR5cGUiOiJudW1iZXIifSwidGl0bGUiOiJoZWxsbyJ9LCJzb3VyY2VQYXRoIjoicmVjb3JkLnlhbWwifQ==',
  +     'golden.json': 'eyJjYW5vbmljYWxEaWdlc3QiOiI1ZmVkNGY4ODg4ZGE4MDY4ZWYyMWYxNzhiNmRkMGNiZDhjOGM4NmQ3Nzc3ZGUwZTE0ODBkNDdjMWY3ODE0YmM3Iiwic2VtYW50aWNEaWdlc3QiOiI0MzhhZGIxN2Q3YzlhMWRkYmEwM2UxMjBhYTU5ZTJiNjNkYzU1YjlmNzFkODExY2I5NmRiNWI2NTZkNWZlNDJmIiwic291cmNlUGF0aCI6InJlY29yZC55YW1sIn0=',
  +     'record.yaml': 'ZW5hYmxlZDogdHJ1ZQpzdGF0dXM6ICJhY3RpdmUiCnRocmVzaG9sZDogMTAwCnRpdGxlOiAiaGVsbG8iCg=='
  -     'corpus.json': 'W10=',
  -     'golden.json': 'e30=',
  -     'record.yaml': 'dGhyZXNob2xkOiAxMDAKZW5hYmxlZDogdHJ1ZQpzdGF0dXM6IGFjdGl2ZQp0aXRsZTogaGVsbG8K'
      },
      signature: 'NU5gTO4jdgjP+j6iTbC2ALB9we3NRREpCzqVBwgOaN3TRJqM6R/bZIycgKEkVwuGaUF1FBaewxVNxU/TlMrHCA==',
  +   spent: 1,
  +   starts: 1
  -   spent: 0,
  -   starts: 0
    }
  
      at TestContext.<anonymous> (file:///workspace/scratch/adce1c53b293/harness-human-interruption/packs/autonomy/repo-template/scripts/quality-orchestrator/tests/f27-corrections.test.mjs:13:9)
      at Test.runInAsyncScope (node:async_hooks:227:14)
      at Test.run (node:internal/test_runner/test:1382:25)
      at Test.start (node:internal/test_runner/test:1242:17)
      at startSubtestAfterBootstrap (node:internal/test_runner/harness:387:17) {
    generatedMessage: false,
    code: 'ERR_ASSERTION',
    actual: { files: { 'record.yaml': 'ZW5hYmxlZDogdHJ1ZQpzdGF0dXM6ICJhY3RpdmUiCnRocmVzaG9sZDogMTAwCnRpdGxlOiAiaGVsbG8iCg==', 'golden.json': 'eyJjYW5vbmljYWxEaWdlc3QiOiI1ZmVkNGY4ODg4ZGE4MDY4ZWYyMWYxNzhiNmRkMGNiZDhjOGM4NmQ3Nzc3ZGUwZTE0ODBkNDdjMWY3ODE0YmM3Iiwic2VtYW50aWNEaWdlc3QiOiI0MzhhZGIxN2Q3YzlhMWRkYmEwM2UxMjBhYTU5ZTJiNjNkYzU1YjlmNzFkODExY2I5NmRiNWI2NTZkNWZlNDJmIiwic291cmNlUGF0aCI6InJlY29yZC55YW1sIn0=', 'corpus.json': 'eyJyZWNvcmQiOnsiZW5hYmxlZCI6dHJ1ZSwic3RhdHVzIjoiYWN0aXZlIiwidGhyZXNob2xkIjp7ImxleGVtZSI6IjEwMCIsInR5cGUiOiJudW1iZXIifSwidGl0bGUiOiJoZWxsbyJ9LCJzb3VyY2VQYXRoIjoicmVjb3JkLnlhbWwifQ==' }, spent: 1, starts: 1, signature: 'NU5gTO4jdgjP+j6iTbC2ALB9we3NRREpCzqVBwgOaN3TRJqM6R/bZIycgKEkVwuGaUF1FBaewxVNxU/TlMrHCA==' },
    expected: { files: { 'record.yaml': 'dGhyZXNob2xkOiAxMDAKZW5hYmxlZDogdHJ1ZQpzdGF0dXM6IGFjdGl2ZQp0aXRsZTogaGVsbG8K', 'golden.json': 'e30=', 'corpus.json': 'W10=' }, spent: 0, starts: 0, signature: 'NU5gTO4jdgjP+j6iTbC2ALB9we3NRREpCzqVBwgOaN3TRJqM6R/bZIycgKEkVwuGaUF1FBaewxVNxU/TlMrHCA==' },
    operator: 'deepStrictEqual',
    diff: 'simple'
  }

test at packs/autonomy/repo-template/scripts/quality-orchestrator/tests/f27-corrections.test.mjs:9:49
✖ F27 M2 denies remediation before intent or writes after deleted-frozen (3860.683673ms)
  AssertionError [ERR_ASSERTION]: denied remediation must not write or reserve
  + actual - expected
  
    {
      files: {
  +     'corpus.json': 'eyJyZWNvcmQiOnsiZW5hYmxlZCI6dHJ1ZSwic3RhdHVzIjoiYWN0aXZlIiwidGhyZXNob2xkIjp7ImxleGVtZSI6IjEwMCIsInR5cGUiOiJudW1iZXIifSwidGl0bGUiOiJoZWxsbyJ9LCJzb3VyY2VQYXRoIjoicmVjb3JkLnlhbWwifQ==',
  +     'golden.json': 'eyJjYW5vbmljYWxEaWdlc3QiOiI1ZmVkNGY4ODg4ZGE4MDY4ZWYyMWYxNzhiNmRkMGNiZDhjOGM4NmQ3Nzc3ZGUwZTE0ODBkNDdjMWY3ODE0YmM3Iiwic2VtYW50aWNEaWdlc3QiOiI0MzhhZGIxN2Q3YzlhMWRkYmEwM2UxMjBhYTU5ZTJiNjNkYzU1YjlmNzFkODExY2I5NmRiNWI2NTZkNWZlNDJmIiwic291cmNlUGF0aCI6InJlY29yZC55YW1sIn0=',
  +     'record.yaml': 'ZW5hYmxlZDogdHJ1ZQpzdGF0dXM6ICJhY3RpdmUiCnRocmVzaG9sZDogMTAwCnRpdGxlOiAiaGVsbG8iCg=='
  -     'corpus.json': 'W10=',
  -     'golden.json': 'e30=',
  -     'record.yaml': 'dGhyZXNob2xkOiAxMDAKZW5hYmxlZDogdHJ1ZQpzdGF0dXM6IGFjdGl2ZQp0aXRsZTogaGVsbG8K'
      },
      signature: 'giiIGVnwkOUlNYNuzb8AmH4aXwlZ4df+nUMg/gFLmggr0SmtCab/kT3tfhccVpFqIhwo/ujrUO8tyfhKQJR/DQ==',
  +   spent: 1,
  +   starts: 1
  -   spent: 0,
  -   starts: 0
    }
  
      at TestContext.<anonymous> (file:///workspace/scratch/adce1c53b293/harness-human-interruption/packs/autonomy/repo-template/scripts/quality-orchestrator/tests/f27-corrections.test.mjs:13:9)
      at Test.runInAsyncScope (node:async_hooks:227:14)
      at Test.run (node:internal/test_runner/test:1382:25)
      at Test.processPendingSubtests (node:internal/test_runner/test:960:18)
      at Test.postRun (node:internal/test_runner/test:1522:19)
      at Test.run (node:internal/test_runner/test:1447:12)
      at async startSubtestAfterBootstrap (node:internal/test_runner/harness:387:3) {
    generatedMessage: false,
    code: 'ERR_ASSERTION',
    actual: { files: { 'record.yaml': 'ZW5hYmxlZDogdHJ1ZQpzdGF0dXM6ICJhY3RpdmUiCnRocmVzaG9sZDogMTAwCnRpdGxlOiAiaGVsbG8iCg==', 'golden.json': 'eyJjYW5vbmljYWxEaWdlc3QiOiI1ZmVkNGY4ODg4ZGE4MDY4ZWYyMWYxNzhiNmRkMGNiZDhjOGM4NmQ3Nzc3ZGUwZTE0ODBkNDdjMWY3ODE0YmM3Iiwic2VtYW50aWNEaWdlc3QiOiI0MzhhZGIxN2Q3YzlhMWRkYmEwM2UxMjBhYTU5ZTJiNjNkYzU1YjlmNzFkODExY2I5NmRiNWI2NTZkNWZlNDJmIiwic291cmNlUGF0aCI6InJlY29yZC55YW1sIn0=', 'corpus.json': 'eyJyZWNvcmQiOnsiZW5hYmxlZCI6dHJ1ZSwic3RhdHVzIjoiYWN0aXZlIiwidGhyZXNob2xkIjp7ImxleGVtZSI6IjEwMCIsInR5cGUiOiJudW1iZXIifSwidGl0bGUiOiJoZWxsbyJ9LCJzb3VyY2VQYXRoIjoicmVjb3JkLnlhbWwifQ==' }, spent: 1, starts: 1, signature: 'giiIGVnwkOUlNYNuzb8AmH4aXwlZ4df+nUMg/gFLmggr0SmtCab/kT3tfhccVpFqIhwo/ujrUO8tyfhKQJR/DQ==' },
    expected: { files: { 'record.yaml': 'dGhyZXNob2xkOiAxMDAKZW5hYmxlZDogdHJ1ZQpzdGF0dXM6IGFjdGl2ZQp0aXRsZTogaGVsbG8K', 'golden.json': 'e30=', 'corpus.json': 'W10=' }, spent: 0, starts: 0, signature: 'giiIGVnwkOUlNYNuzb8AmH4aXwlZ4df+nUMg/gFLmggr0SmtCab/kT3tfhccVpFqIhwo/ujrUO8tyfhKQJR/DQ==' },
    operator: 'deepStrictEqual',
    diff: 'simple'
  }

test at packs/autonomy/repo-template/scripts/quality-orchestrator/tests/f27-corrections.test.mjs:15:1
✖ F27 M6 pending first correction rejects a second rule then reconciles only the original intent (5015.960179ms)
  AssertionError [ERR_ASSERTION]: second correction must not write under the first intent
  + actual - expected
  
    {
      files: {
        'corpus.json': 'W10=',
  +     'corpus2.json': 'eyJyZWNvcmQiOnsiZW5hYmxlZCI6dHJ1ZSwic3RhdHVzIjoiYWN0aXZlIiwidGhyZXNob2xkIjp7ImxleGVtZSI6IjEwMCIsInR5cGUiOiJudW1iZXIifSwidGl0bGUiOiJoZWxsbyJ9LCJzb3VyY2VQYXRoIjoiZGlnZXN0LnlhbWwifQ==',
  +     'digest.yaml': 'ZW5hYmxlZDogdHJ1ZQpzdGF0dXM6ICJhY3RpdmUiCnRocmVzaG9sZDogMTAwCnRpdGxlOiAiaGVsbG8iCg==',
  -     'corpus2.json': 'W10=',
  -     'digest.yaml': 'dGhyZXNob2xkOiAxMDAKZW5hYmxlZDogdHJ1ZQpzdGF0dXM6IGFjdGl2ZQp0aXRsZTogaGVsbG8K',
        'golden.json': 'e30=',
  +     'golden2.json': 'eyJjYW5vbmljYWxEaWdlc3QiOiI1ZmVkNGY4ODg4ZGE4MDY4ZWYyMWYxNzhiNmRkMGNiZDhjOGM4NmQ3Nzc3ZGUwZTE0ODBkNDdjMWY3ODE0YmM3Iiwic2VtYW50aWNEaWdlc3QiOiI0MzhhZGIxN2Q3YzlhMWRkYmEwM2UxMjBhYTU5ZTJiNjNkYzU1YjlmNzFkODExY2I5NmRiNWI2NTZkNWZlNDJmIiwic291cmNlUGF0aCI6ImRpZ2VzdC55YW1sIn0=',
  -     'golden2.json': 'e30=',
        'record.yaml': 'dGhyZXNob2xkOiAxMDAKZW5hYmxlZDogdHJ1ZQpzdGF0dXM6IGFjdGl2ZQp0aXRsZTogaGVsbG8K'
      },
      signature: 'SGCpJx+bNiy6Yb+Gps5QsQVue1eWYiXQ8azcw8TNm2CePIVutASGly57qn8I/wtGDSoo0NM3YdxdhdcFyMnaCQ==',
      spent: 1,
      starts: 1
  
      at TestContext.<anonymous> (file:///workspace/scratch/adce1c53b293/harness-human-interruption/packs/autonomy/repo-template/scripts/quality-orchestrator/tests/f27-corrections.test.mjs:20:9)
      at Test.runInAsyncScope (node:async_hooks:227:14)
      at Test.run (node:internal/test_runner/test:1382:25)
      at Test.processPendingSubtests (node:internal/test_runner/test:960:18)
      at Test.postRun (node:internal/test_runner/test:1522:19)
      at Test.run (node:internal/test_runner/test:1447:12)
      at async Test.processPendingSubtests (node:internal/test_runner/test:960:7) {
    generatedMessage: false,
    code: 'ERR_ASSERTION',
    actual: { files: { 'record.yaml': 'dGhyZXNob2xkOiAxMDAKZW5hYmxlZDogdHJ1ZQpzdGF0dXM6IGFjdGl2ZQp0aXRsZTogaGVsbG8K', 'golden.json': 'e30=', 'corpus.json': 'W10=', 'digest.yaml': 'ZW5hYmxlZDogdHJ1ZQpzdGF0dXM6ICJhY3RpdmUiCnRocmVzaG9sZDogMTAwCnRpdGxlOiAiaGVsbG8iCg==', 'golden2.json': 'eyJjYW5vbmljYWxEaWdlc3QiOiI1ZmVkNGY4ODg4ZGE4MDY4ZWYyMWYxNzhiNmRkMGNiZDhjOGM4NmQ3Nzc3ZGUwZTE0ODBkNDdjMWY3ODE0YmM3Iiwic2VtYW50aWNEaWdlc3QiOiI0MzhhZGIxN2Q3YzlhMWRkYmEwM2UxMjBhYTU5ZTJiNjNkYzU1YjlmNzFkODExY2I5NmRiNWI2NTZkNWZlNDJmIiwic291cmNlUGF0aCI6ImRpZ2VzdC55YW1sIn0=', 'corpus2.json': 'eyJyZWNvcmQiOnsiZW5hYmxlZCI6dHJ1ZSwic3RhdHVzIjoiYWN0aXZlIiwidGhyZXNob2xkIjp7ImxleGVtZSI6IjEwMCIsInR5cGUiOiJudW1iZXIifSwidGl0bGUiOiJoZWxsbyJ9LCJzb3VyY2VQYXRoIjoiZGlnZXN0LnlhbWwifQ==' }, spent: 1, starts: 1, signature: 'SGCpJx+bNiy6Yb+Gps5QsQVue1eWYiXQ8azcw8TNm2CePIVutASGly57qn8I/wtGDSoo0NM3YdxdhdcFyMnaCQ==' },
    expected: { files: { 'record.yaml': 'dGhyZXNob2xkOiAxMDAKZW5hYmxlZDogdHJ1ZQpzdGF0dXM6IGFjdGl2ZQp0aXRsZTogaGVsbG8K', 'golden.json': 'e30=', 'corpus.json': 'W10=', 'digest.yaml': 'dGhyZXNob2xkOiAxMDAKZW5hYmxlZDogdHJ1ZQpzdGF0dXM6IGFjdGl2ZQp0aXRsZTogaGVsbG8K', 'golden2.json': 'e30=', 'corpus2.json': 'W10=' }, spent: 1, starts: 1, signature: 'SGCpJx+bNiy6Yb+Gps5QsQVue1eWYiXQ8azcw8TNm2CePIVutASGly57qn8I/wtGDSoo0NM3YdxdhdcFyMnaCQ==' },
    operator: 'deepStrictEqual',
    diff: 'simple'
  }

test at packs/autonomy/repo-template/scripts/quality-orchestrator/tests/f27-corrections.test.mjs:23:36
✖ F27 M3 late retained original acknowledgement after operational checkpoint and process reopen via resume (9565.967204ms)
  AssertionError [ERR_ASSERTION]: {"out":{"status":"OPERATIONAL_BLOCKED","activeRunId":"ad4851c02bdd3661309c242094ed6ba269c2251402200f0eb7092624d81ff360","fixProposals":0,"files":{"frozen.txt":{"digest":"3e58bada6a180c0d7f817bdae51fba96a461575b309bfbc17a6918d20c6617c7","mode":"100644","lines":1},"product.json":{"digest":"de36c33562545508206d840be2e7670d6a9d31a94cb0065b038c1327dd63d479","mode":"100644","lines":1}},"rebindings":[],"remediations":[],"remediationPending":null,"normalized":{},"ingestions":[],"tooling":{"failures":0,"retries":{},"fingerprints":{}},"interruption":{"classification":"AUTO_REMEDIABLE","cause":"UNCERTAIN_EFFECT_REQUIRES_ORIGINAL_OBSERVATION","evidenceDigest":"3ad2ede14f42dc04aa9eb2ba39c087f285c89935b377dfacc6013b406705c225"},"objectiveDigest":"469038b739f5052e383bb40a77718633bbe4a351bc8c4d0bfd34a9a4fd7d0713","stage":"OPERATIONAL_BLOCKED","manifestDigest":"aa97a8ced1cf0ef5e22c170ef76e234b3a9d58c8a321e79121a8588a81095c68","productDigest":"7c7e3a444a6c2752b94ec7d4e191dbfc52d83f8d029c5af868efef4df7d267c7","steps":[],"gates":[],"authorship":[],"review":null,"fullReview":null,"findings":[],"causalEvidence":[],"resolutions":[],"differences":[],"counters":{"fullReview":0,"fixAttempts":0,"controlOnlyWithoutValue":0,"starts":1},"causalRed":null,"verified_state":"UNKNOWN","desired_state":"Autonomous mechanical recovery","observed_state":"OBJECTIVE_BOUND","reported_state":{"classification":"REPORTED","value":"No model prose certifies this objective"},"executionAssurance":"FIXTURE","readiness":"NOT_P0_READY","metrics":{"interventionsPerObjective":"UNKNOWN","timeToFirstRED":"UNKNOWN","timeToActualPRReady":"UNKNOWN","duplicateGateMinutesAvoided":"UNKNOWN","findingsAfterFalseReady":"UNKNOWN","highCriticalRegressionRate":"UNKNOWN","autonomousObjectivesCompleted":0,"fixtureObjectivesCompleted":0},"coverage":[{"invariantId":"offline","surface":"CLI","mutationPath":"product.json","principal":"local-user","negativeTestId":"value","applicability":"APPLICABLE","basis":"Actual local product verification","caseId":"value","observedResult":"UNKNOWN","evidenceDigest":null,"sourceManifestDigest":"aa97a8ced1cf0ef5e22c170ef76e234b3a9d58c8a321e79121a8588a81095c68"},{"invariantId":"offline","surface":"UI","mutationPath":"N/A","principal":"N/A","negativeTestId":null,"applicability":"N/A","basis":"No such surface in the offline synthetic fixture","caseId":null,"observedResult":"N/A","evidenceDigest":null},{"invariantId":"offline","surface":"API_SERVER_ACTION","mutationPath":"N/A","principal":"N/A","negativeTestId":null,"applicability":"N/A","basis":"No such surface in the offline synthetic fixture","caseId":null,"observedResult":"N/A","evidenceDigest":null},{"invariantId":"offline","surface":"RPC","mutationPath":"N/A","principal":"N/A","negativeTestId":null,"applicability":"N/A","basis":"No such surface in the offline synthetic fixture","caseId":null,"observedResult":"N/A","evidenceDigest":null},{"invariantId":"offline","surface":"DIRECT_DML_POSTGREST","mutationPath":"N/A","principal":"N/A","negativeTestId":null,"applicability":"N/A","basis":"No such surface in the offline synthetic fixture","caseId":null,"observedResult":"N/A","evidenceDigest":null},{"invariantId":"offline","surface":"BATCH_SYNC","mutationPath":"N/A","principal":"N/A","negativeTestId":null,"applicability":"N/A","basis":"No such surface in the offline synthetic fixture","caseId":null,"observedResult":"N/A","evidenceDigest":null},{"invariantId":"offline","surface":"STORAGE","mutationPath":"N/A","principal":"N/A","negativeTestId":null,"applicability":"N/A","basis":"No such surface in the offline synthetic fixture","caseId":null,"observedResult":"N/A","evidenceDigest":null},{"invariantId":"offline","surface":"TRIGGERS","mutationPath":"N/A","principal":"N/A","negativeTestId":null,"applicability":"N/A","basis":"No such surface in the offline synthetic fixture","caseId":null,"observedResult":"N/A","evidenceDigest":null},{"invariantId":"offline","surface":"MIGRATIONS","mutationPath":"N/A","principal":"N/A","negativeTestId":null,"applicability":"N/A","basis":"No such surface in the offline synthetic fixture","caseId":null,"observedResult":"N/A","evidenceDigest":null},{"invariantId":"offline","surface":"PRIVILEGED_CLIENTS","mutationPath":"N/A","principal":"N/A","negativeTestId":null,"applicability":"N/A","basis":"No such surface in the offline synthetic fixture","caseId":null,"observedResult":"N/A","evidenceDigest":null}],"pending":{"key":"red:0","kind":"RED"},"claims":[{"classification":"VERIFIED","value":"UNKNOWN","basis":[]},{"classification":"OBSERVED","value":"OBJECTIVE_BOUND"},{"classification":"UNKNOWN","value":"production, external authority acceptance and actual PR"}],"handoff":null},"ctx":{},"h":{},"replay":{"status":"REPLAYED","assurance":"LOCAL_UNWITNESSED","version":3,"repositoryId":"repo-A","objectiveId":"hir","journalId":"hir-journal","authorityDigest":"1271cbc40ec71b510cda95c0b7b10506bbcf91bdd8469427936339ebcd6f51ef","runtimeDigest":"d1b84739a1b93abef64e43497f8d796d408166577733287fa2ed605df6549d87","sequence":4,"headDigest":"fec40c52df468d01f89b96db846a1226e0320b1f6c41ebd45996d5f69ba756c7","baselineDigest":"afa30f014b14249d102c145f29cfad30424a7c5ddfeac9bf1c58df18fbe9d785","budget":{"limit":30,"spent":1,"limits":null,"byKind":{"product-semantic-review":0,"harness-implementation-review":0,"mechanical-remediation-verification":0}},"continuations":{"grants":{},"revoked":[]},"runs":[{"version":1,"runId":"ad4851c02bdd3661309c242094ed6ba269c2251402200f0eb7092624d81ff360","parentRunId":null,"binding":{"commit":"4e28ced5e53f1cac025cbd4b21600715d1e51b70","manifestDigest":"afa30f014b14249d102c145f29cfad30424a7c5ddfeac9bf1c58df18fbe9d785","documents":[{"path":"record.yaml","bytesBase64":"dGl0bGU6IGhlbGxvCnN0YXR1czogYWN0aXZlCmVuYWJsZWQ6IHRydWUKdGhyZXNob2xkOiAxMDAK"}]},"verdict":"OPEN"}],"pending":[],"legacy":null,"product":{"activeRunId":"ad4851c02bdd3661309c242094ed6ba269c2251402200f0eb7092624d81ff360","fixProposals":0,"files":{"frozen.txt":{"digest":"3e58bada6a180c0d7f817bdae51fba96a461575b309bfbc17a6918d20c6617c7","mode":"100644","lines":1},"product.json":{"digest":"de36c33562545508206d840be2e7670d6a9d31a94cb0065b038c1327dd63d479","mode":"100644","lines":1}},"rebindings":[],"remediations":[],"remediationPending":null,"normalized":{},"ingestions":[],"tooling":{"failures":0,"retries":{},"fingerprints":{}},"interruption":{"classification":"AUTO_REMEDIABLE","cause":"UNCERTAIN_EFFECT_REQUIRES_ORIGINAL_OBSERVATION","evidenceDigest":"3ad2ede14f42dc04aa9eb2ba39c087f285c89935b377dfacc6013b406705c225"},"objectiveDigest":"469038b739f5052e383bb40a77718633bbe4a351bc8c4d0bfd34a9a4fd7d0713","stage":"OPERATIONAL_BLOCKED","manifestDigest":"aa97a8ced1cf0ef5e22c170ef76e234b3a9d58c8a321e79121a8588a81095c68","productDigest":"7c7e3a444a6c2752b94ec7d4e191dbfc52d83f8d029c5af868efef4df7d267c7","pending":{"type":"INTENT","key":"red:0","kind":"RED","binding":"04317bcfec143e6bd2362a4c8e78e0176c26460a04b567798f27fa3bf6e6b05a","request":{"key":"red:0","kind":"RED","manifestDigest":"aa97a8ced1cf0ef5e22c170ef76e234b3a9d58c8a321e79121a8588a81095c68"}},"steps":[],"gates":[],"authorship":[],"review":null,"fullReview":null,"findings":[],"causalEvidence":[],"resolutions":[],"differences":[],"counters":{"fullReview":0,"fixAttempts":0,"controlOnlyWithoutValue":0,"starts":1},"patch":null,"causalRed":null,"verified_state":"UNKNOWN","desired_state":"Autonomous mechanical recovery","observed_state":"OBJECTIVE_BOUND","reported_state":{"classification":"REPORTED","value":"No model prose certifies this objective"},"executionAssurance":"FIXTURE","readiness":"NOT_P0_READY","metrics":{"interventionsPerObjective":"UNKNOWN","timeToFirstRED":"UNKNOWN","timeToActualPRReady":"UNKNOWN","duplicateGateMinutesAvoided":"UNKNOWN","findingsAfterFalseReady":"UNKNOWN","highCriticalRegressionRate":"UNKNOWN","autonomousObjectivesCompleted":0,"fixtureObjectivesCompleted":0},"wire":{"objective":{"version":2,"domain":"harness.product-objective.v2","repositoryId":"repo-A","authorityDigest":"1271cbc40ec71b510cda95c0b7b10506bbcf91bdd8469427936339ebcd6f51ef","baselineDigest":"afa30f014b14249d102c145f29cfad30424a7c5ddfeac9bf1c58df18fbe9d785","journalId":"hir-journal","runId":"ad4851c02bdd3661309c242094ed6ba269c2251402200f0eb7092624d81ff360","input":{"version":2,"objectiveId":"hir","outcome":"Autonomous mechanical recovery","scope":{"paths":["product.json"],"frozenPaths":["frozen.txt"]},"acceptance":[{"id":"value","expected":true}],"regressions":[{"id":"semantic","expected":true}],"coverage":[{"invariantId":"offline","surface":"CLI","mutationPath":"product.json","principal":"local-user","negativeTestId":"value","applicability":"APPLICABLE","basis":"Actual local product verification"},{"invariantId":"offline","surface":"UI","mutationPath":"N/A","principal":"N/A","negativeTestId":null,"applicability":"N/A","basis":"No such surface in the offline synthetic fixture"},{"invariantId":"offline","surface":"API_SERVER_ACTION","mutationPath":"N/A","principal":"N/A","negativeTestId":null,"applicability":"N/A","basis":"No such surface in the offline synthetic fixture"},{"invariantId":"offline","surface":"RPC","mutationPath":"N/A","principal":"N/A","negativeTestId":null,"applicability":"N/A","basis":"No such surface in the offline synthetic fixture"},{"invariantId":"offline","surface":"DIRECT_DML_POSTGREST","mutationPath":"N/A","principal":"N/A","negativeTestId":null,"applicability":"N/A","basis":"No such surface in the offline synthetic fixture"},{"invariantId":"offline","surface":"BATCH_SYNC","mutationPath":"N/A","principal":"N/A","negativeTestId":null,"applicability":"N/A","basis":"No such surface in the offline synthetic fixture"},{"invariantId":"offline","surface":"STORAGE","mutationPath":"N/A","principal":"N/A","negativeTestId":null,"applicability":"N/A","basis":"No such surface in the offline synthetic fixture"},{"invariantId":"offline","surface":"TRIGGERS","mutationPath":"N/A","principal":"N/A","negativeTestId":null,"applicability":"N/A","basis":"No such surface in the offline synthetic fixture"},{"invariantId":"offline","surface":"MIGRATIONS","mutationPath":"N/A","principal":"N/A","negativeTestId":null,"applicability":"N/A","basis":"No such surface in the offline synthetic fixture"},{"invariantId":"offline","surface":"PRIVILEGED_CLIENTS","mutationPath":"N/A","principal":"N/A","negativeTestId":null,"applicability":"N/A","basis":"No such surface in the offline synthetic fixture"}],"expiresAt":1400,"maxSteps":30,"operations":{"toolingRetries":2,"noProgressLimit":2},"remediations":[]},"scope":{"paths":["product.json"],"frozenPaths":["frozen.txt"]},"baseCommit":"4e28ced5e53f1cac025cbd4b21600715d1e51b70","initialManifestDigest":"aa97a8ced1cf0ef5e22c170ef76e234b3a9d58c8a321e79121a8588a81095c68","configDigest":"8117cc840d2922acc20a914ed281bcaf0b0a0ddfe898129fa83076acab22462f","runtimeDigest":"83118bfc440038b4f5d00282d313baf369cd0203fce7cd754b98cbc00c95d20d","initialFiles":{"frozen.txt":{"digest":"3e58bada6a180c0d7f817bdae51fba96a461575b309bfbc17a6918d20c6617c7","mode":"100644","lines":1},"product.json":{"digest":"de36c33562545508206d840be2e7670d6a9d31a94cb0065b038c1327dd63d479","mode":"100644","lines":1}},"remediationProofs":[]},"approval":{"authorityDigest":"1271cbc40ec71b510cda95c0b7b10506bbcf91bdd8469427936339ebcd6f51ef","decision":"approve","expiresAt":1500,"issuedAt":950,"issuer":"owner","issuerRole":"owner","keyId":"one","kind":"bounded-grant","receiptId":"receipt-bounded-grant","repositoryId":"repo-A","revocationEpoch":7,"scopeDigest":"3f862cad510b9a11ca0445a134b41bed6d8ee72de521a4804bfddfd7f2005a6b","signature":"9vgRQ9ova1jq5wJJ5SSLbq8Em6qLTnKmNflzF9h6Wlwi6hmND1CZADivJ4u0Fmob1dKb4a5WLYum8IMOq9BKDg==","subjectDigest":"469038b739f5052e383bb40a77718633bbe4a351bc8c4d0bfd34a9a4fd7d0713","version":1}}}},"spent":1}
  
  + actual - expected
  
  + 'OPERATIONAL_BLOCKED'
  - 'PRODUCT_REPLAYED'
  
      at TestContext.<anonymous> (file:///workspace/scratch/adce1c53b293/harness-human-interruption/packs/autonomy/repo-template/scripts/quality-orchestrator/tests/f27-corrections.test.mjs:33:9)
      at process.processTicksAndRejections (node:internal/process/task_queues:104:5)
      at async Test.run (node:internal/test_runner/test:1389:7)
      at async Test.processPendingSubtests (node:internal/test_runner/test:960:7) {
    generatedMessage: false,
    code: 'ERR_ASSERTION',
    actual: 'OPERATIONAL_BLOCKED',
    expected: 'PRODUCT_REPLAYED',
    operator: 'strictEqual',
    diff: 'simple'
  }

test at packs/autonomy/repo-template/scripts/quality-orchestrator/tests/f27-corrections.test.mjs:23:36
✖ F27 M3 late retained original acknowledgement after operational checkpoint and process reopen via run (7815.598457ms)
  AssertionError [ERR_ASSERTION]: {"out":{"status":"OPERATIONAL_BLOCKED","activeRunId":"911b2e6a94d146a31bb1ec6df12a771c6f81e3a7bd129152e862f9d2160f9cc7","fixProposals":0,"files":{"frozen.txt":{"digest":"3e58bada6a180c0d7f817bdae51fba96a461575b309bfbc17a6918d20c6617c7","mode":"100644","lines":1},"product.json":{"digest":"de36c33562545508206d840be2e7670d6a9d31a94cb0065b038c1327dd63d479","mode":"100644","lines":1}},"rebindings":[],"remediations":[],"remediationPending":null,"normalized":{},"ingestions":[],"tooling":{"failures":0,"retries":{},"fingerprints":{}},"interruption":{"classification":"AUTO_REMEDIABLE","cause":"UNCERTAIN_EFFECT_REQUIRES_ORIGINAL_OBSERVATION","evidenceDigest":"3ad2ede14f42dc04aa9eb2ba39c087f285c89935b377dfacc6013b406705c225"},"objectiveDigest":"301b72618f3e3157aab217a7c6c838b2842df1a9af4235ac7fb36f844e56f65a","stage":"OPERATIONAL_BLOCKED","manifestDigest":"aa97a8ced1cf0ef5e22c170ef76e234b3a9d58c8a321e79121a8588a81095c68","productDigest":"6cd73bd137f7a1e06722f3e8e59816b269193843da60dde7195893ced9b3c2a0","steps":[],"gates":[],"authorship":[],"review":null,"fullReview":null,"findings":[],"causalEvidence":[],"resolutions":[],"differences":[],"counters":{"fullReview":0,"fixAttempts":0,"controlOnlyWithoutValue":0,"starts":1},"causalRed":null,"verified_state":"UNKNOWN","desired_state":"Autonomous mechanical recovery","observed_state":"OBJECTIVE_BOUND","reported_state":{"classification":"REPORTED","value":"No model prose certifies this objective"},"executionAssurance":"FIXTURE","readiness":"NOT_P0_READY","metrics":{"interventionsPerObjective":"UNKNOWN","timeToFirstRED":"UNKNOWN","timeToActualPRReady":"UNKNOWN","duplicateGateMinutesAvoided":"UNKNOWN","findingsAfterFalseReady":"UNKNOWN","highCriticalRegressionRate":"UNKNOWN","autonomousObjectivesCompleted":0,"fixtureObjectivesCompleted":0},"coverage":[{"invariantId":"offline","surface":"CLI","mutationPath":"product.json","principal":"local-user","negativeTestId":"value","applicability":"APPLICABLE","basis":"Actual local product verification","caseId":"value","observedResult":"UNKNOWN","evidenceDigest":null,"sourceManifestDigest":"aa97a8ced1cf0ef5e22c170ef76e234b3a9d58c8a321e79121a8588a81095c68"},{"invariantId":"offline","surface":"UI","mutationPath":"N/A","principal":"N/A","negativeTestId":null,"applicability":"N/A","basis":"No such surface in the offline synthetic fixture","caseId":null,"observedResult":"N/A","evidenceDigest":null},{"invariantId":"offline","surface":"API_SERVER_ACTION","mutationPath":"N/A","principal":"N/A","negativeTestId":null,"applicability":"N/A","basis":"No such surface in the offline synthetic fixture","caseId":null,"observedResult":"N/A","evidenceDigest":null},{"invariantId":"offline","surface":"RPC","mutationPath":"N/A","principal":"N/A","negativeTestId":null,"applicability":"N/A","basis":"No such surface in the offline synthetic fixture","caseId":null,"observedResult":"N/A","evidenceDigest":null},{"invariantId":"offline","surface":"DIRECT_DML_POSTGREST","mutationPath":"N/A","principal":"N/A","negativeTestId":null,"applicability":"N/A","basis":"No such surface in the offline synthetic fixture","caseId":null,"observedResult":"N/A","evidenceDigest":null},{"invariantId":"offline","surface":"BATCH_SYNC","mutationPath":"N/A","principal":"N/A","negativeTestId":null,"applicability":"N/A","basis":"No such surface in the offline synthetic fixture","caseId":null,"observedResult":"N/A","evidenceDigest":null},{"invariantId":"offline","surface":"STORAGE","mutationPath":"N/A","principal":"N/A","negativeTestId":null,"applicability":"N/A","basis":"No such surface in the offline synthetic fixture","caseId":null,"observedResult":"N/A","evidenceDigest":null},{"invariantId":"offline","surface":"TRIGGERS","mutationPath":"N/A","principal":"N/A","negativeTestId":null,"applicability":"N/A","basis":"No such surface in the offline synthetic fixture","caseId":null,"observedResult":"N/A","evidenceDigest":null},{"invariantId":"offline","surface":"MIGRATIONS","mutationPath":"N/A","principal":"N/A","negativeTestId":null,"applicability":"N/A","basis":"No such surface in the offline synthetic fixture","caseId":null,"observedResult":"N/A","evidenceDigest":null},{"invariantId":"offline","surface":"PRIVILEGED_CLIENTS","mutationPath":"N/A","principal":"N/A","negativeTestId":null,"applicability":"N/A","basis":"No such surface in the offline synthetic fixture","caseId":null,"observedResult":"N/A","evidenceDigest":null}],"pending":{"key":"red:0","kind":"RED"},"claims":[{"classification":"VERIFIED","value":"UNKNOWN","basis":[]},{"classification":"OBSERVED","value":"OBJECTIVE_BOUND"},{"classification":"UNKNOWN","value":"production, external authority acceptance and actual PR"}],"handoff":null},"ctx":{},"h":{},"replay":{"status":"REPLAYED","assurance":"LOCAL_UNWITNESSED","version":3,"repositoryId":"repo-A","objectiveId":"hir","journalId":"hir-journal","authorityDigest":"1271cbc40ec71b510cda95c0b7b10506bbcf91bdd8469427936339ebcd6f51ef","runtimeDigest":"d1b84739a1b93abef64e43497f8d796d408166577733287fa2ed605df6549d87","sequence":4,"headDigest":"2d4ee5624e2b69a27f523dc56fb5acd5d6fbccdee557b8873715c8293997c179","baselineDigest":"afa30f014b14249d102c145f29cfad30424a7c5ddfeac9bf1c58df18fbe9d785","budget":{"limit":30,"spent":1,"limits":null,"byKind":{"product-semantic-review":0,"harness-implementation-review":0,"mechanical-remediation-verification":0}},"continuations":{"grants":{},"revoked":[]},"runs":[{"version":1,"runId":"911b2e6a94d146a31bb1ec6df12a771c6f81e3a7bd129152e862f9d2160f9cc7","parentRunId":null,"binding":{"commit":"7dfb62cbe464670b131531e24fe4281a083c47e5","manifestDigest":"afa30f014b14249d102c145f29cfad30424a7c5ddfeac9bf1c58df18fbe9d785","documents":[{"path":"record.yaml","bytesBase64":"dGl0bGU6IGhlbGxvCnN0YXR1czogYWN0aXZlCmVuYWJsZWQ6IHRydWUKdGhyZXNob2xkOiAxMDAK"}]},"verdict":"OPEN"}],"pending":[],"legacy":null,"product":{"activeRunId":"911b2e6a94d146a31bb1ec6df12a771c6f81e3a7bd129152e862f9d2160f9cc7","fixProposals":0,"files":{"frozen.txt":{"digest":"3e58bada6a180c0d7f817bdae51fba96a461575b309bfbc17a6918d20c6617c7","mode":"100644","lines":1},"product.json":{"digest":"de36c33562545508206d840be2e7670d6a9d31a94cb0065b038c1327dd63d479","mode":"100644","lines":1}},"rebindings":[],"remediations":[],"remediationPending":null,"normalized":{},"ingestions":[],"tooling":{"failures":0,"retries":{},"fingerprints":{}},"interruption":{"classification":"AUTO_REMEDIABLE","cause":"UNCERTAIN_EFFECT_REQUIRES_ORIGINAL_OBSERVATION","evidenceDigest":"3ad2ede14f42dc04aa9eb2ba39c087f285c89935b377dfacc6013b406705c225"},"objectiveDigest":"301b72618f3e3157aab217a7c6c838b2842df1a9af4235ac7fb36f844e56f65a","stage":"OPERATIONAL_BLOCKED","manifestDigest":"aa97a8ced1cf0ef5e22c170ef76e234b3a9d58c8a321e79121a8588a81095c68","productDigest":"6cd73bd137f7a1e06722f3e8e59816b269193843da60dde7195893ced9b3c2a0","pending":{"type":"INTENT","key":"red:0","kind":"RED","binding":"841e831e65e6873fa389f43080c29ba424cfdb85aac328427c46ef4c8be98b74","request":{"key":"red:0","kind":"RED","manifestDigest":"aa97a8ced1cf0ef5e22c170ef76e234b3a9d58c8a321e79121a8588a81095c68"}},"steps":[],"gates":[],"authorship":[],"review":null,"fullReview":null,"findings":[],"causalEvidence":[],"resolutions":[],"differences":[],"counters":{"fullReview":0,"fixAttempts":0,"controlOnlyWithoutValue":0,"starts":1},"patch":null,"causalRed":null,"verified_state":"UNKNOWN","desired_state":"Autonomous mechanical recovery","observed_state":"OBJECTIVE_BOUND","reported_state":{"classification":"REPORTED","value":"No model prose certifies this objective"},"executionAssurance":"FIXTURE","readiness":"NOT_P0_READY","metrics":{"interventionsPerObjective":"UNKNOWN","timeToFirstRED":"UNKNOWN","timeToActualPRReady":"UNKNOWN","duplicateGateMinutesAvoided":"UNKNOWN","findingsAfterFalseReady":"UNKNOWN","highCriticalRegressionRate":"UNKNOWN","autonomousObjectivesCompleted":0,"fixtureObjectivesCompleted":0},"wire":{"objective":{"version":2,"domain":"harness.product-objective.v2","repositoryId":"repo-A","authorityDigest":"1271cbc40ec71b510cda95c0b7b10506bbcf91bdd8469427936339ebcd6f51ef","baselineDigest":"afa30f014b14249d102c145f29cfad30424a7c5ddfeac9bf1c58df18fbe9d785","journalId":"hir-journal","runId":"911b2e6a94d146a31bb1ec6df12a771c6f81e3a7bd129152e862f9d2160f9cc7","input":{"version":2,"objectiveId":"hir","outcome":"Autonomous mechanical recovery","scope":{"paths":["product.json"],"frozenPaths":["frozen.txt"]},"acceptance":[{"id":"value","expected":true}],"regressions":[{"id":"semantic","expected":true}],"coverage":[{"invariantId":"offline","surface":"CLI","mutationPath":"product.json","principal":"local-user","negativeTestId":"value","applicability":"APPLICABLE","basis":"Actual local product verification"},{"invariantId":"offline","surface":"UI","mutationPath":"N/A","principal":"N/A","negativeTestId":null,"applicability":"N/A","basis":"No such surface in the offline synthetic fixture"},{"invariantId":"offline","surface":"API_SERVER_ACTION","mutationPath":"N/A","principal":"N/A","negativeTestId":null,"applicability":"N/A","basis":"No such surface in the offline synthetic fixture"},{"invariantId":"offline","surface":"RPC","mutationPath":"N/A","principal":"N/A","negativeTestId":null,"applicability":"N/A","basis":"No such surface in the offline synthetic fixture"},{"invariantId":"offline","surface":"DIRECT_DML_POSTGREST","mutationPath":"N/A","principal":"N/A","negativeTestId":null,"applicability":"N/A","basis":"No such surface in the offline synthetic fixture"},{"invariantId":"offline","surface":"BATCH_SYNC","mutationPath":"N/A","principal":"N/A","negativeTestId":null,"applicability":"N/A","basis":"No such surface in the offline synthetic fixture"},{"invariantId":"offline","surface":"STORAGE","mutationPath":"N/A","principal":"N/A","negativeTestId":null,"applicability":"N/A","basis":"No such surface in the offline synthetic fixture"},{"invariantId":"offline","surface":"TRIGGERS","mutationPath":"N/A","principal":"N/A","negativeTestId":null,"applicability":"N/A","basis":"No such surface in the offline synthetic fixture"},{"invariantId":"offline","surface":"MIGRATIONS","mutationPath":"N/A","principal":"N/A","negativeTestId":null,"applicability":"N/A","basis":"No such surface in the offline synthetic fixture"},{"invariantId":"offline","surface":"PRIVILEGED_CLIENTS","mutationPath":"N/A","principal":"N/A","negativeTestId":null,"applicability":"N/A","basis":"No such surface in the offline synthetic fixture"}],"expiresAt":1400,"maxSteps":30,"operations":{"toolingRetries":2,"noProgressLimit":2},"remediations":[]},"scope":{"paths":["product.json"],"frozenPaths":["frozen.txt"]},"baseCommit":"7dfb62cbe464670b131531e24fe4281a083c47e5","initialManifestDigest":"aa97a8ced1cf0ef5e22c170ef76e234b3a9d58c8a321e79121a8588a81095c68","configDigest":"59fc6d3458501ca7d5be4d57f6d1780d98edc5ca1e1d4c81880a2b78197c74b2","runtimeDigest":"83118bfc440038b4f5d00282d313baf369cd0203fce7cd754b98cbc00c95d20d","initialFiles":{"frozen.txt":{"digest":"3e58bada6a180c0d7f817bdae51fba96a461575b309bfbc17a6918d20c6617c7","mode":"100644","lines":1},"product.json":{"digest":"de36c33562545508206d840be2e7670d6a9d31a94cb0065b038c1327dd63d479","mode":"100644","lines":1}},"remediationProofs":[]},"approval":{"authorityDigest":"1271cbc40ec71b510cda95c0b7b10506bbcf91bdd8469427936339ebcd6f51ef","decision":"approve","expiresAt":1500,"issuedAt":950,"issuer":"owner","issuerRole":"owner","keyId":"one","kind":"bounded-grant","receiptId":"receipt-bounded-grant","repositoryId":"repo-A","revocationEpoch":7,"scopeDigest":"3f862cad510b9a11ca0445a134b41bed6d8ee72de521a4804bfddfd7f2005a6b","signature":"lg/Sa9kStaGcm8zdrvxTqGfDXM5E5p/OOJP8S4/alIUgoabpl38vYU6K+AbA+Wjn4ZOacp3waVe6v+cmA9VoBw==","subjectDigest":"301b72618f3e3157aab217a7c6c838b2842df1a9af4235ac7fb36f844e56f65a","version":1}}}},"spent":1}
  
  + actual - expected
  
  + 'OPERATIONAL_BLOCKED'
  - 'PRODUCT_REPLAYED'
  
      at TestContext.<anonymous> (file:///workspace/scratch/adce1c53b293/harness-human-interruption/packs/autonomy/repo-template/scripts/quality-orchestrator/tests/f27-corrections.test.mjs:33:9)
      at process.processTicksAndRejections (node:internal/process/task_queues:104:5)
      at async Test.run (node:internal/test_runner/test:1389:7)
      at async Test.processPendingSubtests (node:internal/test_runner/test:960:7) {
    generatedMessage: false,
    code: 'ERR_ASSERTION',
    actual: 'OPERATIONAL_BLOCKED',
    expected: 'PRODUCT_REPLAYED',
    operator: 'strictEqual',
    diff: 'simple'
  }
