✖ F27 M3 late retained original acknowledgement after operational checkpoint and process reopen via resume (7163.523317ms)
ℹ tests 1
ℹ suites 0
ℹ pass 0
ℹ fail 1
ℹ cancelled 0
ℹ skipped 0
ℹ todo 0
ℹ duration_ms 7549.248826

✖ failing tests:

test at packs/autonomy/repo-template/scripts/quality-orchestrator/tests/f27-corrections.test.mjs:23:36
✖ F27 M3 late retained original acknowledgement after operational checkpoint and process reopen via resume (7163.523317ms)
  AssertionError [ERR_ASSERTION]: {"out":{"status":"POLICY","reason":"foreign or forged objective"},"ctx":{"status":"UNKNOWN","reason":"foreign or forged authority handle"},"h":{"status":"UNKNOWN","reason":"foreign or forged context handle"},"replay":{"status":"UNKNOWN","reason":"foreign or forged context handle"}}
  
  + actual - expected
  
  + 'POLICY'
  - 'PRODUCT_REPLAYED'
  
      at TestContext.<anonymous> (file:///workspace/scratch/adce1c53b293/harness-human-interruption/packs/autonomy/repo-template/scripts/quality-orchestrator/tests/f27-corrections.test.mjs:33:9)
      at process.processTicksAndRejections (node:internal/process/task_queues:104:5)
      at async Test.run (node:internal/test_runner/test:1389:7)
      at async startSubtestAfterBootstrap (node:internal/test_runner/harness:387:3) {
    generatedMessage: false,
    code: 'ERR_ASSERTION',
    actual: 'POLICY',
    expected: 'PRODUCT_REPLAYED',
    operator: 'strictEqual',
    diff: 'simple'
  }
