file:///workspace/scratch/adce1c53b293/harness-human-interruption/packs/autonomy/repo-template/scripts/quality-orchestrator/tests/f27-corrections.test.mjs:68
 const expected=f.r.describeReleaseApproval(f.handle,'readback',{operationKey:'deploy'});assert.equal(expected.status,'RELEASE_APPROVAL_DESCRIBED');const approval=f.f.receipt(expected.kind,expected.subjectDigest,{scopeDigest:expected.scopeDigest,issuedAt:1000}),input={operationKey:'readback',limits:f.limits,actionApproval:approval},d=f.r.describeReleaseExecution(f.handle,input);assert.equal(d.status,'EXECUTION_DESCRIBED');
                                                                                                                                                                                                                                                                      ^

SyntaxError: Identifier 'input' has already been declared
    at compileSourceTextModule (node:internal/modules/esm/utils:318:16)
    at ModuleLoader.moduleStrategy (node:internal/modules/esm/translators:89:18)
    at #translate (node:internal/modules/esm/loader:434:20)
    at afterLoad (node:internal/modules/esm/loader:502:29)
    at ModuleLoader.loadAndTranslate (node:internal/modules/esm/loader:507:12)
    at #getOrCreateModuleJobAfterResolve (node:internal/modules/esm/loader:560:36)
    at afterResolve (node:internal/modules/esm/loader:607:52)
    at ModuleLoader.getOrCreateModuleJob (node:internal/modules/esm/loader:613:12)
    at node:internal/modules/esm/loader:632:32
    at TracingChannel.tracePromise (node:diagnostics_channel:362:14)

Node.js v24.19.0
✖ packs/autonomy/repo-template/scripts/quality-orchestrator/tests/f27-corrections.test.mjs (66.267658ms)
ℹ tests 1
ℹ suites 0
ℹ pass 0
ℹ fail 1
ℹ cancelled 0
ℹ skipped 0
ℹ todo 0
ℹ duration_ms 73.66594

✖ failing tests:

test at packs/autonomy/repo-template/scripts/quality-orchestrator/tests/f27-corrections.test.mjs:1:1
✖ packs/autonomy/repo-template/scripts/quality-orchestrator/tests/f27-corrections.test.mjs (66.267658ms)
  'test failed'
