verify-pack: k6 k6 v2.1.0 (commit/83a87a41e2, go1.26.4, linux/amd64)

1. sintaxis
  ok   bin/perf-check es bash válido
  ok   bin/perf-check no anula códigos de salida
  ok   los scripts de k6 son JS válido
fixture-server healthy owned-pid=596 port=46639 work=/tmp/tmp.NeYv1dSopf
fixture-server redirect-login owned-pid=653 port=44447 work=/tmp/tmp.NeYv1dSopf
fixture-server login-200 owned-pid=707 port=36873 work=/tmp/tmp.NeYv1dSopf
fixture-server slow owned-pid=763 port=33731 work=/tmp/tmp.NeYv1dSopf
fixture-server unauthorized owned-pid=799 port=32997 work=/tmp/tmp.NeYv1dSopf
fixture-server shell owned-pid=830 port=40825 work=/tmp/tmp.NeYv1dSopf

2. la compuerta aprueba cuando debe
  ok   app sana con marcador aprueba

3. la compuerta bloquea el falso verde
  ok   redirección a pantalla de autenticación
  ok   200 sin el marcador de la aplicación
  ok   objetivo autenticado sin marcador declarado
  ok   credencial rechazada con 401
  ok   credencial ausente para el modo declarado
  ok   PERF_TARGET sin definir

4. la compuerta bloquea por umbral y por deriva
  ok   umbral de latencia incumplido
  ok   degradación frente a la línea base

5. la compuerta bloquea un script roto
  ok   error de runtime en el script no aprueba

6. la compuerta bloquea sin evidencia
  ok   corrida sin resumen no aprueba

7. el instalador instala y no pisa
  ok   --dry-run no crea archivos
  ok   --dry-run describe lo que haría
  ok   instala los escenarios de k6
  ok   instala el verificador ejecutable
  ok   instala el resolvedor de objetivo
  ok   instala el flujo de CI
  ok   ignora .env.perf
  ok   ignora el directorio de resultados
  ok   no ignora la línea base
  ok   segunda corrida no duplica .gitignore
  ok   segunda corrida no pisa sin --force
  ok   sin remoto, informa que omite CI
  ok   detecta el stack Next.js
  ok   las rutas no conservan page.tsx
  ok   detecta una ruta anidada limpia
  ok   excluye rutas con segmento dinámico
  ok   sólo un id numérico cuenta como regla existente
  ok   el límite de plan se reporta de forma específica
  ok   el instalador sale 0 cuando no configura CI
  ok   no usa set -e (un fallo de gh no debe matar la instalación)
  ok   la rama del límite de plan no aborta

8. el resolvedor distingue 'sin despliegue' de 'error'
  ok   sin sha devuelve error de uso (2)
  ok   sin repositorio devuelve error de uso (2)
  omit commit sin despliegue: salida vacía — requiere gh autenticado
  omit commit sin despliegue: no es un error de rendimiento — requiere gh autenticado

9. el flujo de CI no puede bloquear un pull request para siempre
  ok   el flujo se dispara con pull_request
  ok   no depende de deployment_status
  ok   hay una rama explícita para 'sin despliegue'
  ok   el paso de medición sólo corre con objetivo
  ok   no hay continue-on-error en el flujo
  ok   el YAML es válido y declara los dos trabajos

10. la sesión de usuario final (Supabase)
  ok   sin credenciales no mide
  ok   nombra cada variable que falta
  ok   la cookie es base64url sin relleno y se decodifica a JSON
  ok   el ejemplo advierte sobre entrecomillar valores con espacios
  ok   el ejemplo documenta el modo supabase

11. el sondeo distingue lo medible de lo que no lo es
  ok   clasifica una página con contenido como medible
  ok   una página mínima NO se confunde con un armazón
  ok   detecta un armazón que hidrata en el cliente
  ok   no propone medir el armazón
  ok   detecta que una ruta exige sesión
  ok   avisa cuántas rutas exigen sesión
  ok   sin url devuelve error de uso (2)

────────────────────────────────────────
55 correctos, 0 fallidos, 2 omitidos
  omitido: commit sin despliegue: salida vacía — requiere gh autenticado
  omitido: commit sin despliegue: no es un error de rendimiento — requiere gh autenticado
verify-pack: el pack se comporta como se documenta.
