✖ H05-R1 rejects canonical output missing accepted-before identity before permit, spend or effects (1336.304316ms)
✖ H05-R1 rejects canonical output outside adopted scope before permit, spend or effects (1284.864018ms)
✖ H05-R1 rejects derived target omitted from accepted context before permit, spend or effects (1512.856586ms)
✖ H05-R1 rejects derived source and target outside adopted context before permit, spend or effects (1403.581867ms)
ℹ tests 4
ℹ suites 0
ℹ pass 0
ℹ fail 4
ℹ cancelled 0
ℹ skipped 0
ℹ todo 0
ℹ duration_ms 5844.566079

✖ failing tests:

test at ../../../../tmp/tmp.uIusf8yb1U/tests/capabilities.test.mjs:140:3
✖ H05-R1 rejects canonical output missing accepted-before identity before permit, spend or effects (1336.304316ms)
  AssertionError [ERR_ASSERTION]: Expected values to be strictly equal:
  + actual - expected
  
  + 'EFFECT_VERIFIED'
  - 'POLICY'
  
      at TestContext.<anonymous> (file:///tmp/tmp.uIusf8yb1U/tests/capabilities.test.mjs:153:10)
      at Test.runInAsyncScope (node:async_hooks:227:14)
      at Test.run (node:internal/test_runner/test:1382:25)
      at Test.start (node:internal/test_runner/test:1242:17)
      at startSubtestAfterBootstrap (node:internal/test_runner/harness:387:17) {
    generatedMessage: true,
    code: 'ERR_ASSERTION',
    actual: 'EFFECT_VERIFIED',
    expected: 'POLICY',
    operator: 'strictEqual',
    diff: 'simple'
  }

test at ../../../../tmp/tmp.uIusf8yb1U/tests/capabilities.test.mjs:140:3
✖ H05-R1 rejects canonical output outside adopted scope before permit, spend or effects (1284.864018ms)
  AssertionError [ERR_ASSERTION]: Expected values to be strictly equal:
  + actual - expected
  
  + 'EFFECT_VERIFIED'
  - 'POLICY'
  
      at TestContext.<anonymous> (file:///tmp/tmp.uIusf8yb1U/tests/capabilities.test.mjs:153:10)
      at Test.runInAsyncScope (node:async_hooks:227:14)
      at Test.run (node:internal/test_runner/test:1382:25)
      at Test.processPendingSubtests (node:internal/test_runner/test:960:18)
      at Test.postRun (node:internal/test_runner/test:1522:19)
      at Test.run (node:internal/test_runner/test:1447:12)
      at async startSubtestAfterBootstrap (node:internal/test_runner/harness:387:3) {
    generatedMessage: true,
    code: 'ERR_ASSERTION',
    actual: 'EFFECT_VERIFIED',
    expected: 'POLICY',
    operator: 'strictEqual',
    diff: 'simple'
  }

test at ../../../../tmp/tmp.uIusf8yb1U/tests/capabilities.test.mjs:140:3
✖ H05-R1 rejects derived target omitted from accepted context before permit, spend or effects (1512.856586ms)
  AssertionError [ERR_ASSERTION]: Expected values to be strictly equal:
  + actual - expected
  
  + 'EFFECT_VERIFIED'
  - 'POLICY'
  
      at TestContext.<anonymous> (file:///tmp/tmp.uIusf8yb1U/tests/capabilities.test.mjs:153:10)
      at Test.runInAsyncScope (node:async_hooks:227:14)
      at Test.run (node:internal/test_runner/test:1382:25)
      at Test.processPendingSubtests (node:internal/test_runner/test:960:18)
      at Test.postRun (node:internal/test_runner/test:1522:19)
      at Test.run (node:internal/test_runner/test:1447:12)
      at async Test.processPendingSubtests (node:internal/test_runner/test:960:7) {
    generatedMessage: true,
    code: 'ERR_ASSERTION',
    actual: 'EFFECT_VERIFIED',
    expected: 'POLICY',
    operator: 'strictEqual',
    diff: 'simple'
  }

test at ../../../../tmp/tmp.uIusf8yb1U/tests/capabilities.test.mjs:140:3
✖ H05-R1 rejects derived source and target outside adopted context before permit, spend or effects (1403.581867ms)
  AssertionError [ERR_ASSERTION]: Expected values to be strictly equal:
  + actual - expected
  
  + 'EFFECT_VERIFIED'
  - 'POLICY'
  
      at TestContext.<anonymous> (file:///tmp/tmp.uIusf8yb1U/tests/capabilities.test.mjs:153:10)
      at Test.runInAsyncScope (node:async_hooks:227:14)
      at Test.run (node:internal/test_runner/test:1382:25)
      at Test.processPendingSubtests (node:internal/test_runner/test:960:18)
      at Test.postRun (node:internal/test_runner/test:1522:19)
      at Test.run (node:internal/test_runner/test:1447:12)
      at async Test.processPendingSubtests (node:internal/test_runner/test:960:7) {
    generatedMessage: true,
    code: 'ERR_ASSERTION',
    actual: 'EFFECT_VERIFIED',
    expected: 'POLICY',
    operator: 'strictEqual',
    diff: 'simple'
  }
