✖ H05-R1 rejects canonical output missing accepted-before identity before permit, spend or effects (1369.489766ms)
✖ H05-R1 rejects canonical output outside adopted scope before permit, spend or effects (1303.583538ms)
✖ H05-R1 rejects derived target omitted from accepted context before permit, spend or effects (1438.687191ms)
✖ H05-R1 rejects derived source and target outside adopted context before permit, spend or effects (1504.630719ms)
ℹ tests 4
ℹ suites 0
ℹ pass 0
ℹ fail 4
ℹ cancelled 0
ℹ skipped 0
ℹ todo 0
ℹ duration_ms 5990.099173

✖ failing tests:

test at packs/autonomy/repo-template/scripts/quality-orchestrator/tests/capabilities.test.mjs:140:3
✖ H05-R1 rejects canonical output missing accepted-before identity before permit, spend or effects (1369.489766ms)
  AssertionError [ERR_ASSERTION]: Expected values to be strictly equal:
  + actual - expected
  
  + 'EFFECT_VERIFIED'
  - 'POLICY'
  
      at TestContext.<anonymous> (file:///workspace/scratch/adce1c53b293/harness-kit/packs/autonomy/repo-template/scripts/quality-orchestrator/tests/capabilities.test.mjs:153:10)
      at Test.runInAsyncScope (node:async_hooks:227:14)
      at Test.run (node:internal/test_runner/test:1382:25)
      at Test.start (node:internal/test_runner/test:1242:17)
      at startSubtestAfterBootstrap (node:internal/test_runner/harness:387:17) {
    generatedMessage: true,
    code: 'ERR_ASSERTION',
    actual: 'EFFECT_VERIFIED',
    expected: 'POLICY',
    operator: 'strictEqual',
    diff: 'simple'
  }

test at packs/autonomy/repo-template/scripts/quality-orchestrator/tests/capabilities.test.mjs:140:3
✖ H05-R1 rejects canonical output outside adopted scope before permit, spend or effects (1303.583538ms)
  AssertionError [ERR_ASSERTION]: Expected values to be strictly equal:
  + actual - expected
  
  + 'EFFECT_VERIFIED'
  - 'POLICY'
  
      at TestContext.<anonymous> (file:///workspace/scratch/adce1c53b293/harness-kit/packs/autonomy/repo-template/scripts/quality-orchestrator/tests/capabilities.test.mjs:153:10)
      at Test.runInAsyncScope (node:async_hooks:227:14)
      at Test.run (node:internal/test_runner/test:1382:25)
      at Test.processPendingSubtests (node:internal/test_runner/test:960:18)
      at Test.postRun (node:internal/test_runner/test:1522:19)
      at Test.run (node:internal/test_runner/test:1447:12)
      at async startSubtestAfterBootstrap (node:internal/test_runner/harness:387:3) {
    generatedMessage: true,
    code: 'ERR_ASSERTION',
    actual: 'EFFECT_VERIFIED',
    expected: 'POLICY',
    operator: 'strictEqual',
    diff: 'simple'
  }

test at packs/autonomy/repo-template/scripts/quality-orchestrator/tests/capabilities.test.mjs:140:3
✖ H05-R1 rejects derived target omitted from accepted context before permit, spend or effects (1438.687191ms)
  AssertionError [ERR_ASSERTION]: Expected values to be strictly equal:
  + actual - expected
  
  + 'EFFECT_VERIFIED'
  - 'POLICY'
  
      at TestContext.<anonymous> (file:///workspace/scratch/adce1c53b293/harness-kit/packs/autonomy/repo-template/scripts/quality-orchestrator/tests/capabilities.test.mjs:153:10)
      at Test.runInAsyncScope (node:async_hooks:227:14)
      at Test.run (node:internal/test_runner/test:1382:25)
      at Test.processPendingSubtests (node:internal/test_runner/test:960:18)
      at Test.postRun (node:internal/test_runner/test:1522:19)
      at Test.run (node:internal/test_runner/test:1447:12)
      at async Test.processPendingSubtests (node:internal/test_runner/test:960:7) {
    generatedMessage: true,
    code: 'ERR_ASSERTION',
    actual: 'EFFECT_VERIFIED',
    expected: 'POLICY',
    operator: 'strictEqual',
    diff: 'simple'
  }

test at packs/autonomy/repo-template/scripts/quality-orchestrator/tests/capabilities.test.mjs:140:3
✖ H05-R1 rejects derived source and target outside adopted context before permit, spend or effects (1504.630719ms)
  AssertionError [ERR_ASSERTION]: Expected values to be strictly equal:
  + actual - expected
  
  + 'EFFECT_VERIFIED'
  - 'POLICY'
  
      at TestContext.<anonymous> (file:///workspace/scratch/adce1c53b293/harness-kit/packs/autonomy/repo-template/scripts/quality-orchestrator/tests/capabilities.test.mjs:153:10)
      at Test.runInAsyncScope (node:async_hooks:227:14)
      at Test.run (node:internal/test_runner/test:1382:25)
      at Test.processPendingSubtests (node:internal/test_runner/test:960:18)
      at Test.postRun (node:internal/test_runner/test:1522:19)
      at Test.run (node:internal/test_runner/test:1447:12)
      at async Test.processPendingSubtests (node:internal/test_runner/test:960:7) {
    generatedMessage: true,
    code: 'ERR_ASSERTION',
    actual: 'EFFECT_VERIFIED',
    expected: 'POLICY',
    operator: 'strictEqual',
    diff: 'simple'
  }
