✖ closed event contract forbids caller actor, arbitrary PASS and budget configuration (44.029377ms)
✖ stale run cannot reserve against changed current workspace bytes (18.242721ms)
ℹ tests 2
ℹ suites 0
ℹ pass 0
ℹ fail 2
ℹ cancelled 0
ℹ skipped 0
ℹ todo 0
ℹ duration_ms 227.813831

✖ failing tests:

test at ../../../../tmp/tmp.NoPovhWeFJ/tests/journal.test.mjs:126:1
✖ closed event contract forbids caller actor, arbitrary PASS and budget configuration (44.029377ms)
  AssertionError [ERR_ASSERTION]: Expected values to be strictly equal:
  + actual - expected
  
  + 'APPENDED'
  - 'POLICY'
  
      at TestContext.<anonymous> (file:///tmp/tmp.NoPovhWeFJ/tests/journal.test.mjs:128:392)
      at Test.runInAsyncScope (node:async_hooks:227:14)
      at Test.run (node:internal/test_runner/test:1382:25)
      at Test.start (node:internal/test_runner/test:1242:17)
      at startSubtestAfterBootstrap (node:internal/test_runner/harness:387:17) {
    generatedMessage: true,
    code: 'ERR_ASSERTION',
    actual: 'APPENDED',
    expected: 'POLICY',
    operator: 'strictEqual',
    diff: 'simple'
  }

test at ../../../../tmp/tmp.NoPovhWeFJ/tests/journal.test.mjs:147:1
✖ stale run cannot reserve against changed current workspace bytes (18.242721ms)
  AssertionError [ERR_ASSERTION]: Expected values to be strictly equal:
  + actual - expected
  
  + 'APPENDED'
  - 'BLOCKED_BY_STALE_RUN'
  
      at TestContext.<anonymous> (file:///tmp/tmp.NoPovhWeFJ/tests/journal.test.mjs:149:10)
      at Test.runInAsyncScope (node:async_hooks:227:14)
      at Test.run (node:internal/test_runner/test:1382:25)
      at Test.processPendingSubtests (node:internal/test_runner/test:960:18) {
    generatedMessage: true,
    code: 'ERR_ASSERTION',
    actual: 'APPENDED',
    expected: 'BLOCKED_BY_STALE_RUN',
    operator: 'strictEqual',
    diff: 'simple'
  }
