✖ journal appends exclusively and replay is deterministic local diagnostic (11.132505ms)
✖ idempotency returns original event while changed inputs and stale CAS block (3.469348ms)
✖ replay rejects alter damage (1.930343ms)
✖ replay rejects omit damage (1.761313ms)
✖ replay rejects reorder damage (2.093805ms)
✖ replay rejects partial damage (1.974208ms)
✖ replay rejects object damage (1.646624ms)
✖ head index is reconstructed from complete log after interrupted publication (1.843585ms)
✖ exclusive existing object is verified before reuse (2.108437ms)
✖ an existing ownership lock never expires into permission (1.956221ms)
✖ signed latest checkpoint authenticates exact chain and stale signed prefix is rejected (1.692652ms)
✖ checkpoint rejects signature (2.476911ms)
✖ checkpoint rejects repository (1.220344ms)
✖ checkpoint rejects runtime (1.26508ms)
✖ checkpoint rejects kind (1.633724ms)
✖ checkpoint rejects role (1.330837ms)
✖ checkpoint rejects head (1.341753ms)
✖ checkpoint rejects extra (1.513297ms)
✖ witness is fetched on every strong replay; unavailable freshness does not fall back (1.607375ms)
✖ fresh mechanical run preserves terminal verdict, acceptance, lineage and objective budget (1.599023ms)
✖ fresh run rejects semantic (1.497393ms)
✖ fresh run rejects missing (1.745229ms)
✖ fresh run rejects foreign (1.377726ms)
✖ fresh run rejects stale-authority (1.445687ms)
✖ fresh run rejects caller-summary (1.372499ms)
✖ incomplete intent cannot be blindly repeated or resolved by candidate evidence (2.212981ms)
✖ closed event contract forbids caller actor, arbitrary PASS and budget configuration (1.389964ms)
✖ legacy bytes and receipts are retained without retroactive PASS and projection is read-only (1.376054ms)
✖ adopted v2 marker blocks legacy direct writer before layer effects in source and scaffold (32.784943ms)
ℹ tests 29
ℹ suites 0
ℹ pass 0
ℹ fail 29
ℹ cancelled 0
ℹ skipped 0
ℹ todo 0
ℹ duration_ms 258.582767

✖ failing tests:

test at packs/autonomy/repo-template/scripts/quality-orchestrator/tests/journal.test.mjs:41:1
✖ journal appends exclusively and replay is deterministic local diagnostic (11.132505ms)
  TypeError: r.loadAuthority is not a function
      at context (file:///workspace/scratch/adce1c53b293/harness-kit/packs/autonomy/repo-template/scripts/quality-orchestrator/tests/journal.test.mjs:23:23)
      at setup (file:///workspace/scratch/adce1c53b293/harness-kit/packs/autonomy/repo-template/scripts/quality-orchestrator/tests/journal.test.mjs:27:13)
      at TestContext.<anonymous> (file:///workspace/scratch/adce1c53b293/harness-kit/packs/autonomy/repo-template/scripts/quality-orchestrator/tests/journal.test.mjs:42:11)
      at Test.runInAsyncScope (node:async_hooks:227:14)
      at Test.run (node:internal/test_runner/test:1382:25)
      at Test.start (node:internal/test_runner/test:1242:17)
      at startSubtestAfterBootstrap (node:internal/test_runner/harness:387:17)

test at packs/autonomy/repo-template/scripts/quality-orchestrator/tests/journal.test.mjs:47:1
✖ idempotency returns original event while changed inputs and stale CAS block (3.469348ms)
  TypeError: r.loadAuthority is not a function
      at context (file:///workspace/scratch/adce1c53b293/harness-kit/packs/autonomy/repo-template/scripts/quality-orchestrator/tests/journal.test.mjs:23:23)
      at setup (file:///workspace/scratch/adce1c53b293/harness-kit/packs/autonomy/repo-template/scripts/quality-orchestrator/tests/journal.test.mjs:27:13)
      at TestContext.<anonymous> (file:///workspace/scratch/adce1c53b293/harness-kit/packs/autonomy/repo-template/scripts/quality-orchestrator/tests/journal.test.mjs:48:11)
      at Test.runInAsyncScope (node:async_hooks:227:14)
      at Test.run (node:internal/test_runner/test:1382:25)
      at Test.processPendingSubtests (node:internal/test_runner/test:960:18)
      at Test.postRun (node:internal/test_runner/test:1522:19)
      at Test.run (node:internal/test_runner/test:1447:12)
      at async startSubtestAfterBootstrap (node:internal/test_runner/harness:387:3)

test at packs/autonomy/repo-template/scripts/quality-orchestrator/tests/journal.test.mjs:55:68
✖ replay rejects alter damage (1.930343ms)
  TypeError: r.loadAuthority is not a function
      at context (file:///workspace/scratch/adce1c53b293/harness-kit/packs/autonomy/repo-template/scripts/quality-orchestrator/tests/journal.test.mjs:23:23)
      at setup (file:///workspace/scratch/adce1c53b293/harness-kit/packs/autonomy/repo-template/scripts/quality-orchestrator/tests/journal.test.mjs:27:13)
      at TestContext.<anonymous> (file:///workspace/scratch/adce1c53b293/harness-kit/packs/autonomy/repo-template/scripts/quality-orchestrator/tests/journal.test.mjs:56:11)
      at Test.runInAsyncScope (node:async_hooks:227:14)
      at Test.run (node:internal/test_runner/test:1382:25)
      at Test.processPendingSubtests (node:internal/test_runner/test:960:18)
      at Test.postRun (node:internal/test_runner/test:1522:19)
      at Test.run (node:internal/test_runner/test:1447:12)
      at async Test.processPendingSubtests (node:internal/test_runner/test:960:7)

test at packs/autonomy/repo-template/scripts/quality-orchestrator/tests/journal.test.mjs:55:68
✖ replay rejects omit damage (1.761313ms)
  TypeError: r.loadAuthority is not a function
      at context (file:///workspace/scratch/adce1c53b293/harness-kit/packs/autonomy/repo-template/scripts/quality-orchestrator/tests/journal.test.mjs:23:23)
      at setup (file:///workspace/scratch/adce1c53b293/harness-kit/packs/autonomy/repo-template/scripts/quality-orchestrator/tests/journal.test.mjs:27:13)
      at TestContext.<anonymous> (file:///workspace/scratch/adce1c53b293/harness-kit/packs/autonomy/repo-template/scripts/quality-orchestrator/tests/journal.test.mjs:56:11)
      at Test.runInAsyncScope (node:async_hooks:227:14)
      at Test.run (node:internal/test_runner/test:1382:25)
      at Test.processPendingSubtests (node:internal/test_runner/test:960:18)
      at Test.postRun (node:internal/test_runner/test:1522:19)
      at Test.run (node:internal/test_runner/test:1447:12)
      at async Test.processPendingSubtests (node:internal/test_runner/test:960:7)

test at packs/autonomy/repo-template/scripts/quality-orchestrator/tests/journal.test.mjs:55:68
✖ replay rejects reorder damage (2.093805ms)
  TypeError: r.loadAuthority is not a function
      at context (file:///workspace/scratch/adce1c53b293/harness-kit/packs/autonomy/repo-template/scripts/quality-orchestrator/tests/journal.test.mjs:23:23)
      at setup (file:///workspace/scratch/adce1c53b293/harness-kit/packs/autonomy/repo-template/scripts/quality-orchestrator/tests/journal.test.mjs:27:13)
      at TestContext.<anonymous> (file:///workspace/scratch/adce1c53b293/harness-kit/packs/autonomy/repo-template/scripts/quality-orchestrator/tests/journal.test.mjs:56:11)
      at Test.runInAsyncScope (node:async_hooks:227:14)
      at Test.run (node:internal/test_runner/test:1382:25)
      at Test.processPendingSubtests (node:internal/test_runner/test:960:18)
      at Test.postRun (node:internal/test_runner/test:1522:19)
      at Test.run (node:internal/test_runner/test:1447:12)
      at async Test.processPendingSubtests (node:internal/test_runner/test:960:7)

test at packs/autonomy/repo-template/scripts/quality-orchestrator/tests/journal.test.mjs:55:68
✖ replay rejects partial damage (1.974208ms)
  TypeError: r.loadAuthority is not a function
      at context (file:///workspace/scratch/adce1c53b293/harness-kit/packs/autonomy/repo-template/scripts/quality-orchestrator/tests/journal.test.mjs:23:23)
      at setup (file:///workspace/scratch/adce1c53b293/harness-kit/packs/autonomy/repo-template/scripts/quality-orchestrator/tests/journal.test.mjs:27:13)
      at TestContext.<anonymous> (file:///workspace/scratch/adce1c53b293/harness-kit/packs/autonomy/repo-template/scripts/quality-orchestrator/tests/journal.test.mjs:56:11)
      at Test.runInAsyncScope (node:async_hooks:227:14)
      at Test.run (node:internal/test_runner/test:1382:25)
      at Test.processPendingSubtests (node:internal/test_runner/test:960:18)
      at Test.postRun (node:internal/test_runner/test:1522:19)
      at Test.run (node:internal/test_runner/test:1447:12)
      at async Test.processPendingSubtests (node:internal/test_runner/test:960:7)

test at packs/autonomy/repo-template/scripts/quality-orchestrator/tests/journal.test.mjs:55:68
✖ replay rejects object damage (1.646624ms)
  TypeError: r.loadAuthority is not a function
      at context (file:///workspace/scratch/adce1c53b293/harness-kit/packs/autonomy/repo-template/scripts/quality-orchestrator/tests/journal.test.mjs:23:23)
      at setup (file:///workspace/scratch/adce1c53b293/harness-kit/packs/autonomy/repo-template/scripts/quality-orchestrator/tests/journal.test.mjs:27:13)
      at TestContext.<anonymous> (file:///workspace/scratch/adce1c53b293/harness-kit/packs/autonomy/repo-template/scripts/quality-orchestrator/tests/journal.test.mjs:56:11)
      at Test.runInAsyncScope (node:async_hooks:227:14)
      at Test.run (node:internal/test_runner/test:1382:25)
      at Test.processPendingSubtests (node:internal/test_runner/test:960:18)
      at Test.postRun (node:internal/test_runner/test:1522:19)
      at Test.run (node:internal/test_runner/test:1447:12)
      at async Test.processPendingSubtests (node:internal/test_runner/test:960:7)

test at packs/autonomy/repo-template/scripts/quality-orchestrator/tests/journal.test.mjs:65:1
✖ head index is reconstructed from complete log after interrupted publication (1.843585ms)
  TypeError: r.loadAuthority is not a function
      at context (file:///workspace/scratch/adce1c53b293/harness-kit/packs/autonomy/repo-template/scripts/quality-orchestrator/tests/journal.test.mjs:23:23)
      at setup (file:///workspace/scratch/adce1c53b293/harness-kit/packs/autonomy/repo-template/scripts/quality-orchestrator/tests/journal.test.mjs:27:13)
      at TestContext.<anonymous> (file:///workspace/scratch/adce1c53b293/harness-kit/packs/autonomy/repo-template/scripts/quality-orchestrator/tests/journal.test.mjs:66:11)
      at Test.runInAsyncScope (node:async_hooks:227:14)
      at Test.run (node:internal/test_runner/test:1382:25)
      at Test.processPendingSubtests (node:internal/test_runner/test:960:18)
      at Test.postRun (node:internal/test_runner/test:1522:19)
      at Test.run (node:internal/test_runner/test:1447:12)
      at async Test.processPendingSubtests (node:internal/test_runner/test:960:7)

test at packs/autonomy/repo-template/scripts/quality-orchestrator/tests/journal.test.mjs:72:1
✖ exclusive existing object is verified before reuse (2.108437ms)
  TypeError: r.loadAuthority is not a function
      at context (file:///workspace/scratch/adce1c53b293/harness-kit/packs/autonomy/repo-template/scripts/quality-orchestrator/tests/journal.test.mjs:23:23)
      at setup (file:///workspace/scratch/adce1c53b293/harness-kit/packs/autonomy/repo-template/scripts/quality-orchestrator/tests/journal.test.mjs:27:13)
      at TestContext.<anonymous> (file:///workspace/scratch/adce1c53b293/harness-kit/packs/autonomy/repo-template/scripts/quality-orchestrator/tests/journal.test.mjs:73:11)
      at Test.runInAsyncScope (node:async_hooks:227:14)
      at Test.run (node:internal/test_runner/test:1382:25)
      at Test.processPendingSubtests (node:internal/test_runner/test:960:18)
      at Test.postRun (node:internal/test_runner/test:1522:19)
      at Test.run (node:internal/test_runner/test:1447:12)
      at async Test.processPendingSubtests (node:internal/test_runner/test:960:7)

test at packs/autonomy/repo-template/scripts/quality-orchestrator/tests/journal.test.mjs:77:1
✖ an existing ownership lock never expires into permission (1.956221ms)
  TypeError: r.loadAuthority is not a function
      at context (file:///workspace/scratch/adce1c53b293/harness-kit/packs/autonomy/repo-template/scripts/quality-orchestrator/tests/journal.test.mjs:23:23)
      at setup (file:///workspace/scratch/adce1c53b293/harness-kit/packs/autonomy/repo-template/scripts/quality-orchestrator/tests/journal.test.mjs:27:13)
      at TestContext.<anonymous> (file:///workspace/scratch/adce1c53b293/harness-kit/packs/autonomy/repo-template/scripts/quality-orchestrator/tests/journal.test.mjs:78:11)
      at Test.runInAsyncScope (node:async_hooks:227:14)
      at Test.run (node:internal/test_runner/test:1382:25)
      at Test.processPendingSubtests (node:internal/test_runner/test:960:18)
      at Test.postRun (node:internal/test_runner/test:1522:19)
      at Test.run (node:internal/test_runner/test:1447:12)
      at async Test.processPendingSubtests (node:internal/test_runner/test:960:7)

test at packs/autonomy/repo-template/scripts/quality-orchestrator/tests/journal.test.mjs:82:1
✖ signed latest checkpoint authenticates exact chain and stale signed prefix is rejected (1.692652ms)
  TypeError: r.loadAuthority is not a function
      at context (file:///workspace/scratch/adce1c53b293/harness-kit/packs/autonomy/repo-template/scripts/quality-orchestrator/tests/journal.test.mjs:23:23)
      at setup (file:///workspace/scratch/adce1c53b293/harness-kit/packs/autonomy/repo-template/scripts/quality-orchestrator/tests/journal.test.mjs:27:13)
      at TestContext.<anonymous> (file:///workspace/scratch/adce1c53b293/harness-kit/packs/autonomy/repo-template/scripts/quality-orchestrator/tests/journal.test.mjs:83:11)
      at Test.runInAsyncScope (node:async_hooks:227:14)
      at Test.run (node:internal/test_runner/test:1382:25)
      at Test.processPendingSubtests (node:internal/test_runner/test:960:18)
      at Test.postRun (node:internal/test_runner/test:1522:19)
      at Test.run (node:internal/test_runner/test:1447:12)
      at async Test.processPendingSubtests (node:internal/test_runner/test:960:7)

test at packs/autonomy/repo-template/scripts/quality-orchestrator/tests/journal.test.mjs:88:85
✖ checkpoint rejects signature (2.476911ms)
  TypeError: r.loadAuthority is not a function
      at context (file:///workspace/scratch/adce1c53b293/harness-kit/packs/autonomy/repo-template/scripts/quality-orchestrator/tests/journal.test.mjs:23:23)
      at setup (file:///workspace/scratch/adce1c53b293/harness-kit/packs/autonomy/repo-template/scripts/quality-orchestrator/tests/journal.test.mjs:27:13)
      at TestContext.<anonymous> (file:///workspace/scratch/adce1c53b293/harness-kit/packs/autonomy/repo-template/scripts/quality-orchestrator/tests/journal.test.mjs:89:11)
      at Test.runInAsyncScope (node:async_hooks:227:14)
      at Test.run (node:internal/test_runner/test:1382:25)
      at Test.processPendingSubtests (node:internal/test_runner/test:960:18)
      at Test.postRun (node:internal/test_runner/test:1522:19)
      at Test.run (node:internal/test_runner/test:1447:12)
      at async Test.processPendingSubtests (node:internal/test_runner/test:960:7)

test at packs/autonomy/repo-template/scripts/quality-orchestrator/tests/journal.test.mjs:88:85
✖ checkpoint rejects repository (1.220344ms)
  TypeError: r.loadAuthority is not a function
      at context (file:///workspace/scratch/adce1c53b293/harness-kit/packs/autonomy/repo-template/scripts/quality-orchestrator/tests/journal.test.mjs:23:23)
      at setup (file:///workspace/scratch/adce1c53b293/harness-kit/packs/autonomy/repo-template/scripts/quality-orchestrator/tests/journal.test.mjs:27:13)
      at TestContext.<anonymous> (file:///workspace/scratch/adce1c53b293/harness-kit/packs/autonomy/repo-template/scripts/quality-orchestrator/tests/journal.test.mjs:89:11)
      at Test.runInAsyncScope (node:async_hooks:227:14)
      at Test.run (node:internal/test_runner/test:1382:25)
      at Test.processPendingSubtests (node:internal/test_runner/test:960:18)
      at Test.postRun (node:internal/test_runner/test:1522:19)
      at Test.run (node:internal/test_runner/test:1447:12)
      at async Test.processPendingSubtests (node:internal/test_runner/test:960:7)

test at packs/autonomy/repo-template/scripts/quality-orchestrator/tests/journal.test.mjs:88:85
✖ checkpoint rejects runtime (1.26508ms)
  TypeError: r.loadAuthority is not a function
      at context (file:///workspace/scratch/adce1c53b293/harness-kit/packs/autonomy/repo-template/scripts/quality-orchestrator/tests/journal.test.mjs:23:23)
      at setup (file:///workspace/scratch/adce1c53b293/harness-kit/packs/autonomy/repo-template/scripts/quality-orchestrator/tests/journal.test.mjs:27:13)
      at TestContext.<anonymous> (file:///workspace/scratch/adce1c53b293/harness-kit/packs/autonomy/repo-template/scripts/quality-orchestrator/tests/journal.test.mjs:89:11)
      at Test.runInAsyncScope (node:async_hooks:227:14)
      at Test.run (node:internal/test_runner/test:1382:25)
      at Test.processPendingSubtests (node:internal/test_runner/test:960:18)
      at Test.postRun (node:internal/test_runner/test:1522:19)
      at Test.run (node:internal/test_runner/test:1447:12)
      at async Test.processPendingSubtests (node:internal/test_runner/test:960:7)

test at packs/autonomy/repo-template/scripts/quality-orchestrator/tests/journal.test.mjs:88:85
✖ checkpoint rejects kind (1.633724ms)
  TypeError: r.loadAuthority is not a function
      at context (file:///workspace/scratch/adce1c53b293/harness-kit/packs/autonomy/repo-template/scripts/quality-orchestrator/tests/journal.test.mjs:23:23)
      at setup (file:///workspace/scratch/adce1c53b293/harness-kit/packs/autonomy/repo-template/scripts/quality-orchestrator/tests/journal.test.mjs:27:13)
      at TestContext.<anonymous> (file:///workspace/scratch/adce1c53b293/harness-kit/packs/autonomy/repo-template/scripts/quality-orchestrator/tests/journal.test.mjs:89:11)
      at Test.runInAsyncScope (node:async_hooks:227:14)
      at Test.run (node:internal/test_runner/test:1382:25)
      at Test.processPendingSubtests (node:internal/test_runner/test:960:18)
      at Test.postRun (node:internal/test_runner/test:1522:19)
      at Test.run (node:internal/test_runner/test:1447:12)
      at async Test.processPendingSubtests (node:internal/test_runner/test:960:7)

test at packs/autonomy/repo-template/scripts/quality-orchestrator/tests/journal.test.mjs:88:85
✖ checkpoint rejects role (1.330837ms)
  TypeError: r.loadAuthority is not a function
      at context (file:///workspace/scratch/adce1c53b293/harness-kit/packs/autonomy/repo-template/scripts/quality-orchestrator/tests/journal.test.mjs:23:23)
      at setup (file:///workspace/scratch/adce1c53b293/harness-kit/packs/autonomy/repo-template/scripts/quality-orchestrator/tests/journal.test.mjs:27:13)
      at TestContext.<anonymous> (file:///workspace/scratch/adce1c53b293/harness-kit/packs/autonomy/repo-template/scripts/quality-orchestrator/tests/journal.test.mjs:89:11)
      at Test.runInAsyncScope (node:async_hooks:227:14)
      at Test.run (node:internal/test_runner/test:1382:25)
      at Test.processPendingSubtests (node:internal/test_runner/test:960:18)
      at Test.postRun (node:internal/test_runner/test:1522:19)
      at Test.run (node:internal/test_runner/test:1447:12)
      at async Test.processPendingSubtests (node:internal/test_runner/test:960:7)

test at packs/autonomy/repo-template/scripts/quality-orchestrator/tests/journal.test.mjs:88:85
✖ checkpoint rejects head (1.341753ms)
  TypeError: r.loadAuthority is not a function
      at context (file:///workspace/scratch/adce1c53b293/harness-kit/packs/autonomy/repo-template/scripts/quality-orchestrator/tests/journal.test.mjs:23:23)
      at setup (file:///workspace/scratch/adce1c53b293/harness-kit/packs/autonomy/repo-template/scripts/quality-orchestrator/tests/journal.test.mjs:27:13)
      at TestContext.<anonymous> (file:///workspace/scratch/adce1c53b293/harness-kit/packs/autonomy/repo-template/scripts/quality-orchestrator/tests/journal.test.mjs:89:11)
      at Test.runInAsyncScope (node:async_hooks:227:14)
      at Test.run (node:internal/test_runner/test:1382:25)
      at Test.processPendingSubtests (node:internal/test_runner/test:960:18)
      at Test.postRun (node:internal/test_runner/test:1522:19)
      at Test.run (node:internal/test_runner/test:1447:12)
      at async Test.processPendingSubtests (node:internal/test_runner/test:960:7)

test at packs/autonomy/repo-template/scripts/quality-orchestrator/tests/journal.test.mjs:88:85
✖ checkpoint rejects extra (1.513297ms)
  TypeError: r.loadAuthority is not a function
      at context (file:///workspace/scratch/adce1c53b293/harness-kit/packs/autonomy/repo-template/scripts/quality-orchestrator/tests/journal.test.mjs:23:23)
      at setup (file:///workspace/scratch/adce1c53b293/harness-kit/packs/autonomy/repo-template/scripts/quality-orchestrator/tests/journal.test.mjs:27:13)
      at TestContext.<anonymous> (file:///workspace/scratch/adce1c53b293/harness-kit/packs/autonomy/repo-template/scripts/quality-orchestrator/tests/journal.test.mjs:89:11)
      at Test.runInAsyncScope (node:async_hooks:227:14)
      at Test.run (node:internal/test_runner/test:1382:25)
      at Test.processPendingSubtests (node:internal/test_runner/test:960:18)
      at Test.postRun (node:internal/test_runner/test:1522:19)
      at Test.run (node:internal/test_runner/test:1447:12)
      at async Test.processPendingSubtests (node:internal/test_runner/test:960:7)

test at packs/autonomy/repo-template/scripts/quality-orchestrator/tests/journal.test.mjs:99:1
✖ witness is fetched on every strong replay; unavailable freshness does not fall back (1.607375ms)
  TypeError: r.loadAuthority is not a function
      at context (file:///workspace/scratch/adce1c53b293/harness-kit/packs/autonomy/repo-template/scripts/quality-orchestrator/tests/journal.test.mjs:23:23)
      at setup (file:///workspace/scratch/adce1c53b293/harness-kit/packs/autonomy/repo-template/scripts/quality-orchestrator/tests/journal.test.mjs:27:13)
      at TestContext.<anonymous> (file:///workspace/scratch/adce1c53b293/harness-kit/packs/autonomy/repo-template/scripts/quality-orchestrator/tests/journal.test.mjs:100:23)
      at Test.runInAsyncScope (node:async_hooks:227:14)
      at Test.run (node:internal/test_runner/test:1382:25)
      at Test.processPendingSubtests (node:internal/test_runner/test:960:18)
      at Test.postRun (node:internal/test_runner/test:1522:19)
      at Test.run (node:internal/test_runner/test:1447:12)
      at async Test.processPendingSubtests (node:internal/test_runner/test:960:7)

test at packs/autonomy/repo-template/scripts/quality-orchestrator/tests/journal.test.mjs:103:1
✖ fresh mechanical run preserves terminal verdict, acceptance, lineage and objective budget (1.599023ms)
  TypeError: r.loadAuthority is not a function
      at context (file:///workspace/scratch/adce1c53b293/harness-kit/packs/autonomy/repo-template/scripts/quality-orchestrator/tests/journal.test.mjs:23:23)
      at setup (file:///workspace/scratch/adce1c53b293/harness-kit/packs/autonomy/repo-template/scripts/quality-orchestrator/tests/journal.test.mjs:27:13)
      at TestContext.<anonymous> (file:///workspace/scratch/adce1c53b293/harness-kit/packs/autonomy/repo-template/scripts/quality-orchestrator/tests/journal.test.mjs:104:11)
      at Test.runInAsyncScope (node:async_hooks:227:14)
      at Test.run (node:internal/test_runner/test:1382:25)
      at Test.processPendingSubtests (node:internal/test_runner/test:960:18)
      at Test.postRun (node:internal/test_runner/test:1522:19)
      at Test.run (node:internal/test_runner/test:1447:12)
      at async Test.processPendingSubtests (node:internal/test_runner/test:960:7)

test at packs/autonomy/repo-template/scripts/quality-orchestrator/tests/journal.test.mjs:112:87
✖ fresh run rejects semantic (1.497393ms)
  TypeError: r.loadAuthority is not a function
      at context (file:///workspace/scratch/adce1c53b293/harness-kit/packs/autonomy/repo-template/scripts/quality-orchestrator/tests/journal.test.mjs:23:23)
      at setup (file:///workspace/scratch/adce1c53b293/harness-kit/packs/autonomy/repo-template/scripts/quality-orchestrator/tests/journal.test.mjs:27:13)
      at TestContext.<anonymous> (file:///workspace/scratch/adce1c53b293/harness-kit/packs/autonomy/repo-template/scripts/quality-orchestrator/tests/journal.test.mjs:113:11)
      at Test.runInAsyncScope (node:async_hooks:227:14)
      at Test.run (node:internal/test_runner/test:1382:25)
      at Test.processPendingSubtests (node:internal/test_runner/test:960:18)
      at Test.postRun (node:internal/test_runner/test:1522:19)
      at Test.run (node:internal/test_runner/test:1447:12)
      at async Test.processPendingSubtests (node:internal/test_runner/test:960:7)

test at packs/autonomy/repo-template/scripts/quality-orchestrator/tests/journal.test.mjs:112:87
✖ fresh run rejects missing (1.745229ms)
  TypeError: r.loadAuthority is not a function
      at context (file:///workspace/scratch/adce1c53b293/harness-kit/packs/autonomy/repo-template/scripts/quality-orchestrator/tests/journal.test.mjs:23:23)
      at setup (file:///workspace/scratch/adce1c53b293/harness-kit/packs/autonomy/repo-template/scripts/quality-orchestrator/tests/journal.test.mjs:27:13)
      at TestContext.<anonymous> (file:///workspace/scratch/adce1c53b293/harness-kit/packs/autonomy/repo-template/scripts/quality-orchestrator/tests/journal.test.mjs:113:11)
      at Test.runInAsyncScope (node:async_hooks:227:14)
      at Test.run (node:internal/test_runner/test:1382:25)
      at Test.processPendingSubtests (node:internal/test_runner/test:960:18)
      at Test.postRun (node:internal/test_runner/test:1522:19)
      at Test.run (node:internal/test_runner/test:1447:12)
      at async Test.processPendingSubtests (node:internal/test_runner/test:960:7)

test at packs/autonomy/repo-template/scripts/quality-orchestrator/tests/journal.test.mjs:112:87
✖ fresh run rejects foreign (1.377726ms)
  TypeError: r.loadAuthority is not a function
      at context (file:///workspace/scratch/adce1c53b293/harness-kit/packs/autonomy/repo-template/scripts/quality-orchestrator/tests/journal.test.mjs:23:23)
      at setup (file:///workspace/scratch/adce1c53b293/harness-kit/packs/autonomy/repo-template/scripts/quality-orchestrator/tests/journal.test.mjs:27:13)
      at TestContext.<anonymous> (file:///workspace/scratch/adce1c53b293/harness-kit/packs/autonomy/repo-template/scripts/quality-orchestrator/tests/journal.test.mjs:113:11)
      at Test.runInAsyncScope (node:async_hooks:227:14)
      at Test.run (node:internal/test_runner/test:1382:25)
      at Test.processPendingSubtests (node:internal/test_runner/test:960:18)
      at Test.postRun (node:internal/test_runner/test:1522:19)
      at Test.run (node:internal/test_runner/test:1447:12)
      at async Test.processPendingSubtests (node:internal/test_runner/test:960:7)

test at packs/autonomy/repo-template/scripts/quality-orchestrator/tests/journal.test.mjs:112:87
✖ fresh run rejects stale-authority (1.445687ms)
  TypeError: r.loadAuthority is not a function
      at context (file:///workspace/scratch/adce1c53b293/harness-kit/packs/autonomy/repo-template/scripts/quality-orchestrator/tests/journal.test.mjs:23:23)
      at setup (file:///workspace/scratch/adce1c53b293/harness-kit/packs/autonomy/repo-template/scripts/quality-orchestrator/tests/journal.test.mjs:27:13)
      at TestContext.<anonymous> (file:///workspace/scratch/adce1c53b293/harness-kit/packs/autonomy/repo-template/scripts/quality-orchestrator/tests/journal.test.mjs:113:11)
      at Test.runInAsyncScope (node:async_hooks:227:14)
      at Test.run (node:internal/test_runner/test:1382:25)
      at Test.processPendingSubtests (node:internal/test_runner/test:960:18)
      at Test.postRun (node:internal/test_runner/test:1522:19)
      at Test.run (node:internal/test_runner/test:1447:12)
      at async Test.processPendingSubtests (node:internal/test_runner/test:960:7)

test at packs/autonomy/repo-template/scripts/quality-orchestrator/tests/journal.test.mjs:112:87
✖ fresh run rejects caller-summary (1.372499ms)
  TypeError: r.loadAuthority is not a function
      at context (file:///workspace/scratch/adce1c53b293/harness-kit/packs/autonomy/repo-template/scripts/quality-orchestrator/tests/journal.test.mjs:23:23)
      at setup (file:///workspace/scratch/adce1c53b293/harness-kit/packs/autonomy/repo-template/scripts/quality-orchestrator/tests/journal.test.mjs:27:13)
      at TestContext.<anonymous> (file:///workspace/scratch/adce1c53b293/harness-kit/packs/autonomy/repo-template/scripts/quality-orchestrator/tests/journal.test.mjs:113:11)
      at Test.runInAsyncScope (node:async_hooks:227:14)
      at Test.run (node:internal/test_runner/test:1382:25)
      at Test.processPendingSubtests (node:internal/test_runner/test:960:18)
      at Test.postRun (node:internal/test_runner/test:1522:19)
      at Test.run (node:internal/test_runner/test:1447:12)
      at async Test.processPendingSubtests (node:internal/test_runner/test:960:7)

test at packs/autonomy/repo-template/scripts/quality-orchestrator/tests/journal.test.mjs:119:1
✖ incomplete intent cannot be blindly repeated or resolved by candidate evidence (2.212981ms)
  TypeError: r.loadAuthority is not a function
      at context (file:///workspace/scratch/adce1c53b293/harness-kit/packs/autonomy/repo-template/scripts/quality-orchestrator/tests/journal.test.mjs:23:23)
      at setup (file:///workspace/scratch/adce1c53b293/harness-kit/packs/autonomy/repo-template/scripts/quality-orchestrator/tests/journal.test.mjs:27:13)
      at TestContext.<anonymous> (file:///workspace/scratch/adce1c53b293/harness-kit/packs/autonomy/repo-template/scripts/quality-orchestrator/tests/journal.test.mjs:120:11)
      at Test.runInAsyncScope (node:async_hooks:227:14)
      at Test.run (node:internal/test_runner/test:1382:25)
      at Test.processPendingSubtests (node:internal/test_runner/test:960:18)
      at Test.postRun (node:internal/test_runner/test:1522:19)
      at Test.run (node:internal/test_runner/test:1447:12)
      at async Test.processPendingSubtests (node:internal/test_runner/test:960:7)

test at packs/autonomy/repo-template/scripts/quality-orchestrator/tests/journal.test.mjs:126:1
✖ closed event contract forbids caller actor, arbitrary PASS and budget configuration (1.389964ms)
  TypeError: r.loadAuthority is not a function
      at context (file:///workspace/scratch/adce1c53b293/harness-kit/packs/autonomy/repo-template/scripts/quality-orchestrator/tests/journal.test.mjs:23:23)
      at setup (file:///workspace/scratch/adce1c53b293/harness-kit/packs/autonomy/repo-template/scripts/quality-orchestrator/tests/journal.test.mjs:27:13)
      at TestContext.<anonymous> (file:///workspace/scratch/adce1c53b293/harness-kit/packs/autonomy/repo-template/scripts/quality-orchestrator/tests/journal.test.mjs:127:11)
      at Test.runInAsyncScope (node:async_hooks:227:14)
      at Test.run (node:internal/test_runner/test:1382:25)
      at Test.processPendingSubtests (node:internal/test_runner/test:960:18)
      at Test.postRun (node:internal/test_runner/test:1522:19)
      at Test.run (node:internal/test_runner/test:1447:12)
      at async Test.processPendingSubtests (node:internal/test_runner/test:960:7)

test at packs/autonomy/repo-template/scripts/quality-orchestrator/tests/journal.test.mjs:131:1
✖ legacy bytes and receipts are retained without retroactive PASS and projection is read-only (1.376054ms)
  TypeError: r.loadAuthority is not a function
      at context (file:///workspace/scratch/adce1c53b293/harness-kit/packs/autonomy/repo-template/scripts/quality-orchestrator/tests/journal.test.mjs:23:23)
      at setup (file:///workspace/scratch/adce1c53b293/harness-kit/packs/autonomy/repo-template/scripts/quality-orchestrator/tests/journal.test.mjs:27:13)
      at TestContext.<anonymous> (file:///workspace/scratch/adce1c53b293/harness-kit/packs/autonomy/repo-template/scripts/quality-orchestrator/tests/journal.test.mjs:132:11)
      at Test.runInAsyncScope (node:async_hooks:227:14)
      at Test.run (node:internal/test_runner/test:1382:25)
      at Test.processPendingSubtests (node:internal/test_runner/test:960:18)
      at Test.postRun (node:internal/test_runner/test:1522:19)
      at Test.run (node:internal/test_runner/test:1447:12)
      at async Test.processPendingSubtests (node:internal/test_runner/test:960:7)

test at packs/autonomy/repo-template/scripts/quality-orchestrator/tests/journal.test.mjs:137:1
✖ adopted v2 marker blocks legacy direct writer before layer effects in source and scaffold (32.784943ms)
  AssertionError [ERR_ASSERTION]: Expected values to be strictly equal:
  
  1 !== 67
  
      at TestContext.<anonymous> (file:///workspace/scratch/adce1c53b293/harness-kit/packs/autonomy/repo-template/scripts/quality-orchestrator/tests/journal.test.mjs:141:105)
      at Test.runInAsyncScope (node:async_hooks:227:14)
      at Test.run (node:internal/test_runner/test:1382:25)
      at Test.processPendingSubtests (node:internal/test_runner/test:960:18)
      at Test.postRun (node:internal/test_runner/test:1522:19)
      at Test.run (node:internal/test_runner/test:1447:12)
      at async Test.processPendingSubtests (node:internal/test_runner/test:960:7) {
    generatedMessage: true,
    code: 'ERR_ASSERTION',
    actual: 1,
    expected: 67,
    operator: 'strictEqual',
    diff: 'simple'
  }
