✖ local PR preparation reads base objects from a linked worktree common Git directory (20506.960279ms)
ℹ tests 1
ℹ suites 0
ℹ pass 0
ℹ fail 1
ℹ cancelled 0
ℹ skipped 0
ℹ todo 0
ℹ duration_ms 20955.496619

✖ failing tests:

test at tests/product-linked-worktree.test.mjs:7:1
✖ local PR preparation reads base objects from a linked worktree common Git directory (20506.960279ms)
  AssertionError [ERR_ASSERTION]: {"status":"POLICY","reason":"ENOENT: no such file or directory, lstat '/tmp/product-correction-EqTMyA/repository/.git/worktrees/source/objects'"}
  + actual - expected
  
  + undefined
  - 'HANDOFF_PREPARED'
  
      at TestContext.<anonymous> (file:///tmp/closure-product-red-net2qa9l/runtime/tests/product-linked-worktree.test.mjs:16:9)
      at process.processTicksAndRejections (node:internal/process/task_queues:104:5)
      at async Test.run (node:internal/test_runner/test:1389:7)
      at async startSubtestAfterBootstrap (node:internal/test_runner/harness:387:3) {
    generatedMessage: false,
    code: 'ERR_ASSERTION',
    actual: undefined,
    expected: 'HANDOFF_PREPARED',
    operator: 'strictEqual',
    diff: 'simple'
  }
