✖ canonical preparation validates dependent frozen documents before any effect (473.63482ms)
✖ generic target reconciliation cannot substitute a supervised capability receipt (reopen=false) (1297.463313ms)
✖ generic target reconciliation cannot substitute a supervised capability receipt (reopen=true) (1315.397149ms)
ℹ tests 3
ℹ suites 0
ℹ pass 0
ℹ fail 3
ℹ cancelled 0
ℹ skipped 0
ℹ todo 0
ℹ duration_ms 3393.223127

✖ failing tests:

test at ../../../../tmp/tmp.oQgUD84mrP/tests/capabilities.test.mjs:84:1
✖ canonical preparation validates dependent frozen documents before any effect (473.63482ms)
  AssertionError [ERR_ASSERTION]: Expected values to be strictly equal:
  + actual - expected
  
  + 'CAPABILITY_DESCRIBED'
  - 'POLICY'
  
      at TestContext.<anonymous> (file:///tmp/tmp.oQgUD84mrP/tests/capabilities.test.mjs:86:10)
      at Test.runInAsyncScope (node:async_hooks:227:14)
      at Test.run (node:internal/test_runner/test:1382:25)
      at Test.start (node:internal/test_runner/test:1242:17)
      at startSubtestAfterBootstrap (node:internal/test_runner/harness:387:17) {
    generatedMessage: true,
    code: 'ERR_ASSERTION',
    actual: 'CAPABILITY_DESCRIBED',
    expected: 'POLICY',
    operator: 'strictEqual',
    diff: 'simple'
  }

test at ../../../../tmp/tmp.oQgUD84mrP/tests/capabilities.test.mjs:125:34
✖ generic target reconciliation cannot substitute a supervised capability receipt (reopen=false) (1297.463313ms)
  AssertionError [ERR_ASSERTION]: Expected values to be strictly equal:
  + actual - expected
  
  + 'APPENDED'
  - 'POLICY'
  
      at TestContext.<anonymous> (file:///tmp/tmp.oQgUD84mrP/tests/capabilities.test.mjs:131:10)
      at Test.runInAsyncScope (node:async_hooks:227:14)
      at Test.run (node:internal/test_runner/test:1382:25)
      at Test.processPendingSubtests (node:internal/test_runner/test:960:18)
      at Test.postRun (node:internal/test_runner/test:1522:19)
      at node:internal/test_runner/test:1285:31
      at node:internal/process/task_queues:151:7
      at AsyncResource.runInAsyncScope (node:async_hooks:227:14)
      at AsyncResource.runMicrotask (node:internal/process/task_queues:148:8) {
    generatedMessage: true,
    code: 'ERR_ASSERTION',
    actual: 'APPENDED',
    expected: 'POLICY',
    operator: 'strictEqual',
    diff: 'simple'
  }

test at ../../../../tmp/tmp.oQgUD84mrP/tests/capabilities.test.mjs:125:34
✖ generic target reconciliation cannot substitute a supervised capability receipt (reopen=true) (1315.397149ms)
  AssertionError [ERR_ASSERTION]: Expected values to be strictly equal:
  + actual - expected
  
  + 'APPENDED'
  - 'POLICY'
  
      at TestContext.<anonymous> (file:///tmp/tmp.oQgUD84mrP/tests/capabilities.test.mjs:131:10)
      at Test.runInAsyncScope (node:async_hooks:227:14)
      at Test.run (node:internal/test_runner/test:1382:25)
      at Test.processPendingSubtests (node:internal/test_runner/test:960:18)
      at Test.postRun (node:internal/test_runner/test:1522:19)
      at Test.run (node:internal/test_runner/test:1447:12)
      at async Test.processPendingSubtests (node:internal/test_runner/test:960:7) {
    generatedMessage: true,
    code: 'ERR_ASSERTION',
    actual: 'APPENDED',
    expected: 'POLICY',
    operator: 'strictEqual',
    diff: 'simple'
  }
