✖ generic target reconciliation cannot substitute a supervised capability receipt (1431.392635ms)
ℹ tests 1
ℹ suites 0
ℹ pass 0
ℹ fail 1
ℹ cancelled 0
ℹ skipped 0
ℹ todo 0
ℹ duration_ms 1761.254253

✖ failing tests:

test at packs/autonomy/repo-template/scripts/quality-orchestrator/tests/capabilities.test.mjs:124:1
✖ generic target reconciliation cannot substitute a supervised capability receipt (1431.392635ms)
  AssertionError [ERR_ASSERTION]: Expected values to be strictly equal:
  + actual - expected
  
  + 'APPENDED'
  - 'POLICY'
  
      at TestContext.<anonymous> (file:///workspace/scratch/adce1c53b293/harness-kit/packs/autonomy/repo-template/scripts/quality-orchestrator/tests/capabilities.test.mjs:129:10)
      at Test.runInAsyncScope (node:async_hooks:227:14)
      at Test.run (node:internal/test_runner/test:1382:25)
      at Test.start (node:internal/test_runner/test:1242:17)
      at startSubtestAfterBootstrap (node:internal/test_runner/harness:387:17) {
    generatedMessage: true,
    code: 'ERR_ASSERTION',
    actual: 'APPENDED',
    expected: 'POLICY',
    operator: 'strictEqual',
    diff: 'simple'
  }
