2026-09-06T03:38:48.3608956Z Current runner version: '2.337.0'
2026-09-06T03:38:48.3626747Z ##[group]Runner Image Provisioner
2026-09-06T03:38:48.3627419Z Hosted Compute Agent
2026-09-06T03:38:48.3627837Z Version: 20260828.587
2026-09-06T03:38:48.3628305Z Commit: abac92662cab4cc7352de4f9f9d2e2419aad9c29
2026-09-06T03:38:48.3628810Z Build Date: 2026-08-28T16:44:25Z
2026-09-06T03:38:48.3629286Z Worker ID: {20914b9a-1e49-4da0-9795-81f72c1eb3ee}
2026-09-06T03:38:48.3629798Z Azure Region: centralus
2026-09-06T03:38:48.3630198Z ##[endgroup]
2026-09-06T03:38:48.3631477Z ##[group]Operating System
2026-09-06T03:38:48.3631917Z Ubuntu
2026-09-06T03:38:48.3632286Z 24.04.4
2026-09-06T03:38:48.3632676Z LTS
2026-09-06T03:38:48.3633393Z ##[endgroup]
2026-09-06T03:38:48.3633785Z ##[group]Runner Image
2026-09-06T03:38:48.3634236Z Image: ubuntu-24.04
2026-09-06T03:38:48.3634648Z Version: 20260831.293.1
2026-09-06T03:38:48.3635571Z Included Software: https://github.com/actions/runner-images/blob/ubuntu24/20260831.293/images/ubuntu/Ubuntu2404-Readme.md
2026-09-06T03:38:48.3636623Z Image Release: https://github.com/actions/runner-images/releases/tag/ubuntu24%2F20260831.293
2026-09-06T03:38:48.3637290Z ##[endgroup]
2026-09-06T03:38:48.3638098Z ##[group]GITHUB_TOKEN Permissions
2026-09-06T03:38:48.3639971Z Contents: read
2026-09-06T03:38:48.3640380Z Metadata: read
2026-09-06T03:38:48.3640789Z ##[endgroup]
2026-09-06T03:38:48.3642401Z Secret source: Actions
2026-09-06T03:38:48.3643320Z Prepare workflow directory
2026-09-06T03:38:48.6050151Z Prepare all required actions
2026-09-06T03:38:48.6088774Z Getting action download info
2026-09-06T03:38:48.7922509Z Download action repository 'actions/checkout@3d3c42e5aac5ba805825da76410c181273ba90b1' (SHA:3d3c42e5aac5ba805825da76410c181273ba90b1)
2026-09-06T03:38:48.9919610Z Complete job name: Required quality
2026-09-06T03:38:49.0414053Z ##[group]Run set -euo pipefail
2026-09-06T03:38:49.0414686Z [36;1mset -euo pipefail[0m
2026-09-06T03:38:49.0415109Z [36;1mcase "$EVENT_NAME" in[0m
2026-09-06T03:38:49.0415719Z [36;1m  pull_request) head_sha=$PR_HEAD_SHA; base_sha=$PR_BASE_SHA ;;[0m
2026-09-06T03:38:49.0416458Z [36;1m  merge_group)  head_sha=$MG_HEAD_SHA; base_sha=$MG_BASE_SHA ;;[0m
2026-09-06T03:38:49.0417165Z [36;1m  *) printf 'UNKNOWN: unsupported event: %s\n' "$EVENT_NAME" >&2; exit 1 ;;[0m
2026-09-06T03:38:49.0417805Z [36;1mesac[0m
2026-09-06T03:38:49.0418210Z [36;1mif [[ ! "$head_sha" =~ ^[0-9a-f]{40}$ ]]; then[0m
2026-09-06T03:38:49.0418863Z [36;1m  printf 'UNKNOWN: invalid head SHA: %s\n' "$head_sha" >&2; exit 1[0m
2026-09-06T03:38:49.0419420Z [36;1mfi[0m
2026-09-06T03:38:49.0419824Z [36;1mif [[ ! "$base_sha" =~ ^[0-9a-f]{40}$ ]]; then[0m
2026-09-06T03:38:49.0420432Z [36;1m  printf 'UNKNOWN: invalid base SHA: %s\n' "$base_sha" >&2; exit 1[0m
2026-09-06T03:38:49.0420990Z [36;1mfi[0m
2026-09-06T03:38:49.0421455Z [36;1m{[0m
2026-09-06T03:38:49.0421921Z [36;1m  printf 'head_sha=%s\n' "$head_sha"[0m
2026-09-06T03:38:49.0422451Z [36;1m  printf 'base_sha=%s\n' "$base_sha"[0m
2026-09-06T03:38:49.0423304Z [36;1m} >> "$GITHUB_OUTPUT"[0m
2026-09-06T03:38:49.0447363Z shell: /usr/bin/bash --noprofile --norc -e -o pipefail {0}
2026-09-06T03:38:49.0448062Z env:
2026-09-06T03:38:49.0448519Z   EVENT_NAME: pull_request
2026-09-06T03:38:49.0448985Z   PR_HEAD_SHA: 65c0c6976520ca53b878224e081d042a62853db4
2026-09-06T03:38:49.0449555Z   PR_BASE_SHA: 88ea1e6c45faf5b5db9e29935eef6e25e50f633b
2026-09-06T03:38:49.0450057Z   MG_HEAD_SHA: 
2026-09-06T03:38:49.0450425Z   MG_BASE_SHA: 
2026-09-06T03:38:49.0450797Z ##[endgroup]
2026-09-06T03:38:49.0760292Z ##[group]Run actions/checkout@3d3c42e5aac5ba805825da76410c181273ba90b1
2026-09-06T03:38:49.0760982Z with:
2026-09-06T03:38:49.0761421Z   ref: 65c0c6976520ca53b878224e081d042a62853db4
2026-09-06T03:38:49.0761899Z   path: head
2026-09-06T03:38:49.0762253Z   fetch-depth: 0
2026-09-06T03:38:49.0762676Z   persist-credentials: false
2026-09-06T03:38:49.0763497Z   repository: gonzalezulises/harness-kit
2026-09-06T03:38:49.0766449Z   token: ***
2026-09-06T03:38:49.0766814Z   ssh-strict: true
2026-09-06T03:38:49.0767643Z   ssh-user: git
2026-09-06T03:38:49.0768005Z   clean: true
2026-09-06T03:38:49.0768400Z   sparse-checkout-cone-mode: true
2026-09-06T03:38:49.0768845Z   fetch-tags: false
2026-09-06T03:38:49.0769208Z   show-progress: true
2026-09-06T03:38:49.0769584Z   lfs: false
2026-09-06T03:38:49.0769935Z   submodules: false
2026-09-06T03:38:49.0770340Z   set-safe-directory: true
2026-09-06T03:38:49.0770764Z   allow-unsafe-pr-checkout: false
2026-09-06T03:38:49.0771178Z ##[endgroup]
2026-09-06T03:38:49.1714828Z Syncing repository: gonzalezulises/harness-kit
2026-09-06T03:38:49.1718264Z ##[group]Getting Git version info
2026-09-06T03:38:49.1720518Z Working directory is '/home/runner/work/harness-kit/harness-kit/head'
2026-09-06T03:38:49.1764211Z [command]/usr/bin/git version
2026-09-06T03:38:49.1765198Z git version 2.55.0
2026-09-06T03:38:49.1768022Z ##[endgroup]
2026-09-06T03:38:49.1774226Z Temporarily overriding HOME='/home/runner/work/_temp/1b514aea-06a9-4c5f-91c3-c267d4b0d85e' before making global git config changes
2026-09-06T03:38:49.1775850Z Adding repository directory to the temporary git global config as a safe directory
2026-09-06T03:38:49.1777306Z [command]/usr/bin/git config --global --add safe.directory /home/runner/work/harness-kit/harness-kit/head
2026-09-06T03:38:49.1852530Z ##[group]Determining repository object format
2026-09-06T03:38:49.1854393Z ##[endgroup]
2026-09-06T03:38:49.1856535Z ##[group]Initializing the repository
2026-09-06T03:38:49.1857645Z [command]/usr/bin/git init /home/runner/work/harness-kit/harness-kit/head
2026-09-06T03:38:49.1935691Z hint: Using 'master' as the name for the initial branch. This default branch name
2026-09-06T03:38:49.1937380Z hint: will change to "main" in Git 3.0. To configure the initial branch name
2026-09-06T03:38:49.1940808Z hint: to use in all of your new repositories, which will suppress this warning,
2026-09-06T03:38:49.1943944Z hint: call:
2026-09-06T03:38:49.1944540Z hint:
2026-09-06T03:38:49.1945227Z hint: 	git config --global init.defaultBranch <name>
2026-09-06T03:38:49.1946022Z hint:
2026-09-06T03:38:49.1946804Z hint: Names commonly chosen instead of 'master' are 'main', 'trunk' and
2026-09-06T03:38:49.1947850Z hint: 'development'. The just-created branch can be renamed via this command:
2026-09-06T03:38:49.1948655Z hint:
2026-09-06T03:38:49.1949122Z hint: 	git branch -m <name>
2026-09-06T03:38:49.1949685Z hint:
2026-09-06T03:38:49.1950459Z hint: Disable this message with "git config set advice.defaultBranchName false"
2026-09-06T03:38:49.1951583Z Initialized empty Git repository in /home/runner/work/harness-kit/harness-kit/head/.git/
2026-09-06T03:38:49.1964734Z [command]/usr/bin/git remote add origin https://github.com/gonzalezulises/harness-kit
2026-09-06T03:38:49.2051818Z ##[endgroup]
2026-09-06T03:38:49.2053028Z ##[group]Disabling automatic garbage collection
2026-09-06T03:38:49.2094413Z [command]/usr/bin/git config --local gc.auto 0
2026-09-06T03:38:49.2098921Z ##[endgroup]
2026-09-06T03:38:49.2099754Z ##[group]Setting up auth
2026-09-06T03:38:49.2103666Z Removing SSH command configuration
2026-09-06T03:38:49.2104523Z [command]/usr/bin/git config --local --name-only --get-regexp core\.sshCommand
2026-09-06T03:38:49.2107033Z [command]/usr/bin/git submodule foreach --recursive sh -c "git config --local --name-only --get-regexp 'core\.sshCommand' && git config --local --unset-all 'core.sshCommand' || :"
2026-09-06T03:38:49.2459877Z Removing HTTP extra header
2026-09-06T03:38:49.2465414Z [command]/usr/bin/git config --local --name-only --get-regexp http\.https\:\/\/github\.com\/\.extraheader
2026-09-06T03:38:49.2546833Z [command]/usr/bin/git submodule foreach --recursive sh -c "git config --local --name-only --get-regexp 'http\.https\:\/\/github\.com\/\.extraheader' && git config --local --unset-all 'http.https://github.com/.extraheader' || :"
2026-09-06T03:38:49.2681579Z Removing includeIf entries pointing to credentials config files
2026-09-06T03:38:49.2685154Z [command]/usr/bin/git config --local --name-only --get-regexp ^includeIf\.gitdir:
2026-09-06T03:38:49.2706759Z [command]/usr/bin/git submodule foreach --recursive git config --local --show-origin --name-only --get-regexp remote.origin.url
2026-09-06T03:38:49.2850055Z [command]/usr/bin/git config --file /home/runner/work/_temp/git-credentials-5a9abc4d-c830-4837-89df-71f06ad04bb8.config http.https://github.com/.extraheader AUTHORIZATION: basic ***
2026-09-06T03:38:49.2876264Z [command]/usr/bin/git config --local includeIf.gitdir:/home/runner/work/harness-kit/harness-kit/head/.git.path /home/runner/work/_temp/git-credentials-5a9abc4d-c830-4837-89df-71f06ad04bb8.config
2026-09-06T03:38:49.2896928Z [command]/usr/bin/git config --local includeIf.gitdir:/home/runner/work/harness-kit/harness-kit/head/.git/worktrees/*.path /home/runner/work/_temp/git-credentials-5a9abc4d-c830-4837-89df-71f06ad04bb8.config
2026-09-06T03:38:49.2921500Z [command]/usr/bin/git config --local includeIf.gitdir:/github/workspace/head/.git.path /github/runner_temp/git-credentials-5a9abc4d-c830-4837-89df-71f06ad04bb8.config
2026-09-06T03:38:49.2950821Z [command]/usr/bin/git config --local includeIf.gitdir:/github/workspace/head/.git/worktrees/*.path /github/runner_temp/git-credentials-5a9abc4d-c830-4837-89df-71f06ad04bb8.config
2026-09-06T03:38:49.2966688Z ##[endgroup]
2026-09-06T03:38:49.2967686Z ##[group]Fetching the repository
2026-09-06T03:38:49.2970672Z [command]/usr/bin/git -c protocol.version=2 fetch --no-tags --prune --no-recurse-submodules origin +refs/heads/*:refs/remotes/origin/* +refs/tags/*:refs/tags/*
2026-09-06T03:38:50.8429045Z From https://github.com/gonzalezulises/harness-kit
2026-09-06T03:38:50.8434505Z  * [new branch]      chore/release-please   -> origin/chore/release-please
2026-09-06T03:38:50.8436005Z  * [new branch]      chore/ship-env-example -> origin/chore/ship-env-example
2026-09-06T03:38:50.8437657Z  * [new branch]      dependabot/github_actions/actions/checkout-7 -> origin/dependabot/github_actions/actions/checkout-7
2026-09-06T03:38:50.8439819Z  * [new branch]      dependabot/github_actions/googleapis/release-please-action-5 -> origin/dependabot/github_actions/googleapis/release-please-action-5
2026-09-06T03:38:50.8441819Z  * [new branch]      docs/release-please-blocker -> origin/docs/release-please-blocker
2026-09-06T03:38:50.8443554Z  * [new branch]      feat/sentry-full-surface -> origin/feat/sentry-full-surface
2026-09-06T03:38:50.8445402Z  * [new branch]      feat/sentry-observability-pack -> origin/feat/sentry-observability-pack
2026-09-06T03:38:50.8447287Z  * [new branch]      feat/sentry-to-github-issues -> origin/feat/sentry-to-github-issues
2026-09-06T03:38:50.8448920Z  * [new branch]      fix/secret-fixture-scanner-noise -> origin/fix/secret-fixture-scanner-noise
2026-09-06T03:38:50.8450612Z  * [new branch]      fix/sentry-pack-security-hardening -> origin/fix/sentry-pack-security-hardening
2026-09-06T03:38:50.8452321Z  * [new branch]      fix/status-version-stamp -> origin/fix/status-version-stamp
2026-09-06T03:38:50.8454077Z  * [new branch]      main                   -> origin/main
2026-09-06T03:38:50.8456031Z  * [new branch]      release-please--branches--main--components--harness-kit -> origin/release-please--branches--main--components--harness-kit
2026-09-06T03:38:50.8458306Z  * [new branch]      review/harness-hardening-autonomy -> origin/review/harness-hardening-autonomy
2026-09-06T03:38:50.8459786Z  * [new tag]         v2.2.0                 -> v2.2.0
2026-09-06T03:38:50.8460938Z  * [new tag]         v2.2.1                 -> v2.2.1
2026-09-06T03:38:50.8462431Z  * [new tag]         v2.2.2                 -> v2.2.2
2026-09-06T03:38:50.8464191Z  * [new tag]         v2.2.3                 -> v2.2.3
2026-09-06T03:38:50.8465365Z  * [new tag]         v2.2.4                 -> v2.2.4
2026-09-06T03:38:50.8466611Z  * [new tag]         v2.2.5                 -> v2.2.5
2026-09-06T03:38:50.8471361Z [command]/usr/bin/git rev-parse --verify --quiet 65c0c6976520ca53b878224e081d042a62853db4^{object}
2026-09-06T03:38:50.8473828Z 65c0c6976520ca53b878224e081d042a62853db4
2026-09-06T03:38:50.8478508Z ##[endgroup]
2026-09-06T03:38:50.8480483Z ##[group]Determining the checkout info
2026-09-06T03:38:50.8496189Z ##[endgroup]
2026-09-06T03:38:50.8497686Z [command]/usr/bin/git sparse-checkout disable
2026-09-06T03:38:50.8530721Z [command]/usr/bin/git config --local --unset-all extensions.worktreeConfig
2026-09-06T03:38:50.8553823Z ##[group]Checking out the ref
2026-09-06T03:38:50.8555877Z [command]/usr/bin/git checkout --progress --force 65c0c6976520ca53b878224e081d042a62853db4
2026-09-06T03:38:50.8969068Z Note: switching to '65c0c6976520ca53b878224e081d042a62853db4'.
2026-09-06T03:38:50.8970450Z 
2026-09-06T03:38:50.8971279Z You are in 'detached HEAD' state. You can look around, make experimental
2026-09-06T03:38:50.8973431Z changes and commit them, and you can discard any commits you make in this
2026-09-06T03:38:50.8975267Z state without impacting any branches by switching back to a branch.
2026-09-06T03:38:50.8976263Z 
2026-09-06T03:38:50.8977069Z If you want to create a new branch to retain commits you create, you may
2026-09-06T03:38:50.8978675Z do so (now or later) by using -c with the switch command. Example:
2026-09-06T03:38:50.8979929Z 
2026-09-06T03:38:50.8980505Z   git switch -c <new-branch-name>
2026-09-06T03:38:50.8981331Z 
2026-09-06T03:38:50.8981885Z Or undo this operation with:
2026-09-06T03:38:50.8982471Z 
2026-09-06T03:38:50.8983243Z   git switch -
2026-09-06T03:38:50.8983906Z 
2026-09-06T03:38:50.8984702Z Turn off this advice by setting config variable advice.detachedHead to false
2026-09-06T03:38:50.8985706Z 
2026-09-06T03:38:50.8986944Z HEAD is now at 65c0c69 feat(autonomy): require execution provenance for release obligations
2026-09-06T03:38:50.8990521Z ##[endgroup]
2026-09-06T03:38:50.9012529Z [command]/usr/bin/git log -1 --format=%H
2026-09-06T03:38:50.9030587Z 65c0c6976520ca53b878224e081d042a62853db4
2026-09-06T03:38:50.9040136Z ##[group]Removing auth
2026-09-06T03:38:50.9041410Z Removing SSH command configuration
2026-09-06T03:38:50.9043522Z [command]/usr/bin/git config --local --name-only --get-regexp core\.sshCommand
2026-09-06T03:38:50.9065687Z [command]/usr/bin/git submodule foreach --recursive sh -c "git config --local --name-only --get-regexp 'core\.sshCommand' && git config --local --unset-all 'core.sshCommand' || :"
2026-09-06T03:38:50.9242216Z Removing HTTP extra header
2026-09-06T03:38:50.9244182Z [command]/usr/bin/git config --local --name-only --get-regexp http\.https\:\/\/github\.com\/\.extraheader
2026-09-06T03:38:50.9250334Z [command]/usr/bin/git submodule foreach --recursive sh -c "git config --local --name-only --get-regexp 'http\.https\:\/\/github\.com\/\.extraheader' && git config --local --unset-all 'http.https://github.com/.extraheader' || :"
2026-09-06T03:38:50.9380825Z Removing includeIf entries pointing to credentials config files
2026-09-06T03:38:50.9382554Z [command]/usr/bin/git config --local --name-only --get-regexp ^includeIf\.gitdir:
2026-09-06T03:38:50.9400130Z includeif.gitdir:/home/runner/work/harness-kit/harness-kit/head/.git.path
2026-09-06T03:38:50.9411959Z includeif.gitdir:/home/runner/work/harness-kit/harness-kit/head/.git/worktrees/*.path
2026-09-06T03:38:50.9414103Z includeif.gitdir:/github/workspace/head/.git.path
2026-09-06T03:38:50.9415614Z includeif.gitdir:/github/workspace/head/.git/worktrees/*.path
2026-09-06T03:38:50.9421161Z [command]/usr/bin/git config --local --get-all includeif.gitdir:/home/runner/work/harness-kit/harness-kit/head/.git.path
2026-09-06T03:38:50.9425101Z /home/runner/work/_temp/git-credentials-5a9abc4d-c830-4837-89df-71f06ad04bb8.config
2026-09-06T03:38:50.9443568Z [command]/usr/bin/git config --local --unset includeif.gitdir:/home/runner/work/harness-kit/harness-kit/head/.git.path \/home\/runner\/work\/_temp\/git\-credentials\-5a9abc4d\-c830\-4837\-89df\-71f06ad04bb8\.config
2026-09-06T03:38:50.9465347Z [command]/usr/bin/git config --local --get-all includeif.gitdir:/home/runner/work/harness-kit/harness-kit/head/.git/worktrees/*.path
2026-09-06T03:38:50.9479916Z /home/runner/work/_temp/git-credentials-5a9abc4d-c830-4837-89df-71f06ad04bb8.config
2026-09-06T03:38:50.9487017Z [command]/usr/bin/git config --local --unset includeif.gitdir:/home/runner/work/harness-kit/harness-kit/head/.git/worktrees/*.path \/home\/runner\/work\/_temp\/git\-credentials\-5a9abc4d\-c830\-4837\-89df\-71f06ad04bb8\.config
2026-09-06T03:38:50.9509698Z [command]/usr/bin/git config --local --get-all includeif.gitdir:/github/workspace/head/.git.path
2026-09-06T03:38:50.9531098Z /github/runner_temp/git-credentials-5a9abc4d-c830-4837-89df-71f06ad04bb8.config
2026-09-06T03:38:50.9538745Z [command]/usr/bin/git config --local --unset includeif.gitdir:/github/workspace/head/.git.path \/github\/runner_temp\/git\-credentials\-5a9abc4d\-c830\-4837\-89df\-71f06ad04bb8\.config
2026-09-06T03:38:50.9574768Z [command]/usr/bin/git config --local --get-all includeif.gitdir:/github/workspace/head/.git/worktrees/*.path
2026-09-06T03:38:50.9588225Z /github/runner_temp/git-credentials-5a9abc4d-c830-4837-89df-71f06ad04bb8.config
2026-09-06T03:38:50.9593822Z [command]/usr/bin/git config --local --unset includeif.gitdir:/github/workspace/head/.git/worktrees/*.path \/github\/runner_temp\/git\-credentials\-5a9abc4d\-c830\-4837\-89df\-71f06ad04bb8\.config
2026-09-06T03:38:50.9628991Z [command]/usr/bin/git submodule foreach --recursive git config --local --show-origin --name-only --get-regexp remote.origin.url
2026-09-06T03:38:50.9825723Z Removing credentials config '/home/runner/work/_temp/git-credentials-5a9abc4d-c830-4837-89df-71f06ad04bb8.config'
2026-09-06T03:38:50.9829294Z ##[endgroup]
2026-09-06T03:38:51.0051770Z ##[group]Run actions/checkout@3d3c42e5aac5ba805825da76410c181273ba90b1
2026-09-06T03:38:51.0052844Z with:
2026-09-06T03:38:51.0053490Z   ref: 88ea1e6c45faf5b5db9e29935eef6e25e50f633b
2026-09-06T03:38:51.0054313Z   path: base
2026-09-06T03:38:51.0054850Z   fetch-depth: 0
2026-09-06T03:38:51.0055479Z   persist-credentials: false
2026-09-06T03:38:51.0056184Z   repository: gonzalezulises/harness-kit
2026-09-06T03:38:51.0062481Z   token: ***
2026-09-06T03:38:51.0063161Z   ssh-strict: true
2026-09-06T03:38:51.0063700Z   ssh-user: git
2026-09-06T03:38:51.0064236Z   clean: true
2026-09-06T03:38:51.0064792Z   sparse-checkout-cone-mode: true
2026-09-06T03:38:51.0065476Z   fetch-tags: false
2026-09-06T03:38:51.0066123Z   show-progress: true
2026-09-06T03:38:51.0066709Z   lfs: false
2026-09-06T03:38:51.0067232Z   submodules: false
2026-09-06T03:38:51.0067828Z   set-safe-directory: true
2026-09-06T03:38:51.0068500Z   allow-unsafe-pr-checkout: false
2026-09-06T03:38:51.0069243Z ##[endgroup]
2026-09-06T03:38:51.0794545Z Syncing repository: gonzalezulises/harness-kit
2026-09-06T03:38:51.0808962Z ##[group]Getting Git version info
2026-09-06T03:38:51.0813995Z Working directory is '/home/runner/work/harness-kit/harness-kit/base'
2026-09-06T03:38:51.0855389Z [command]/usr/bin/git version
2026-09-06T03:38:51.0937361Z git version 2.55.0
2026-09-06T03:38:51.0969147Z ##[endgroup]
2026-09-06T03:38:51.0979657Z Temporarily overriding HOME='/home/runner/work/_temp/5236b91d-419c-441f-8f2a-a2730f3731ee' before making global git config changes
2026-09-06T03:38:51.0985400Z Adding repository directory to the temporary git global config as a safe directory
2026-09-06T03:38:51.0997500Z [command]/usr/bin/git config --global --add safe.directory /home/runner/work/harness-kit/harness-kit/base
2026-09-06T03:38:51.1077554Z ##[group]Determining repository object format
2026-09-06T03:38:51.1101496Z ##[endgroup]
2026-09-06T03:38:51.1118730Z ##[group]Initializing the repository
2026-09-06T03:38:51.1134331Z [command]/usr/bin/git init /home/runner/work/harness-kit/harness-kit/base
2026-09-06T03:38:51.1144153Z hint: Using 'master' as the name for the initial branch. This default branch name
2026-09-06T03:38:51.1148038Z hint: will change to "main" in Git 3.0. To configure the initial branch name
2026-09-06T03:38:51.1150378Z hint: to use in all of your new repositories, which will suppress this warning,
2026-09-06T03:38:51.1154706Z hint: call:
2026-09-06T03:38:51.1155705Z hint:
2026-09-06T03:38:51.1156686Z hint: 	git config --global init.defaultBranch <name>
2026-09-06T03:38:51.1158090Z hint:
2026-09-06T03:38:51.1159221Z hint: Names commonly chosen instead of 'master' are 'main', 'trunk' and
2026-09-06T03:38:51.1161007Z hint: 'development'. The just-created branch can be renamed via this command:
2026-09-06T03:38:51.1162617Z hint:
2026-09-06T03:38:51.1163799Z hint: 	git branch -m <name>
2026-09-06T03:38:51.1164691Z hint:
2026-09-06T03:38:51.1165938Z hint: Disable this message with "git config set advice.defaultBranchName false"
2026-09-06T03:38:51.1168013Z Initialized empty Git repository in /home/runner/work/harness-kit/harness-kit/base/.git/
2026-09-06T03:38:51.1171618Z [command]/usr/bin/git remote add origin https://github.com/gonzalezulises/harness-kit
2026-09-06T03:38:51.1175252Z ##[endgroup]
2026-09-06T03:38:51.1176571Z ##[group]Disabling automatic garbage collection
2026-09-06T03:38:51.1177888Z [command]/usr/bin/git config --local gc.auto 0
2026-09-06T03:38:51.1219890Z ##[endgroup]
2026-09-06T03:38:51.1223667Z ##[group]Setting up auth
2026-09-06T03:38:51.1243991Z Removing SSH command configuration
2026-09-06T03:38:51.1264220Z [command]/usr/bin/git config --local --name-only --get-regexp core\.sshCommand
2026-09-06T03:38:51.1287817Z [command]/usr/bin/git submodule foreach --recursive sh -c "git config --local --name-only --get-regexp 'core\.sshCommand' && git config --local --unset-all 'core.sshCommand' || :"
2026-09-06T03:38:51.1474930Z Removing HTTP extra header
2026-09-06T03:38:51.1485107Z [command]/usr/bin/git config --local --name-only --get-regexp http\.https\:\/\/github\.com\/\.extraheader
2026-09-06T03:38:51.1496126Z [command]/usr/bin/git submodule foreach --recursive sh -c "git config --local --name-only --get-regexp 'http\.https\:\/\/github\.com\/\.extraheader' && git config --local --unset-all 'http.https://github.com/.extraheader' || :"
2026-09-06T03:38:51.1760079Z Removing includeIf entries pointing to credentials config files
2026-09-06T03:38:51.1784311Z [command]/usr/bin/git config --local --name-only --get-regexp ^includeIf\.gitdir:
2026-09-06T03:38:51.1824865Z [command]/usr/bin/git submodule foreach --recursive git config --local --show-origin --name-only --get-regexp remote.origin.url
2026-09-06T03:38:51.1946233Z [command]/usr/bin/git config --file /home/runner/work/_temp/git-credentials-b4de6b43-dd3d-40ef-86e2-15367fba57ba.config http.https://github.com/.extraheader AUTHORIZATION: basic ***
2026-09-06T03:38:51.1959184Z [command]/usr/bin/git config --local includeIf.gitdir:/home/runner/work/harness-kit/harness-kit/base/.git.path /home/runner/work/_temp/git-credentials-b4de6b43-dd3d-40ef-86e2-15367fba57ba.config
2026-09-06T03:38:51.1981863Z [command]/usr/bin/git config --local includeIf.gitdir:/home/runner/work/harness-kit/harness-kit/base/.git/worktrees/*.path /home/runner/work/_temp/git-credentials-b4de6b43-dd3d-40ef-86e2-15367fba57ba.config
2026-09-06T03:38:51.2004894Z [command]/usr/bin/git config --local includeIf.gitdir:/github/workspace/base/.git.path /github/runner_temp/git-credentials-b4de6b43-dd3d-40ef-86e2-15367fba57ba.config
2026-09-06T03:38:51.2029582Z [command]/usr/bin/git config --local includeIf.gitdir:/github/workspace/base/.git/worktrees/*.path /github/runner_temp/git-credentials-b4de6b43-dd3d-40ef-86e2-15367fba57ba.config
2026-09-06T03:38:51.2054181Z ##[endgroup]
2026-09-06T03:38:51.2055666Z ##[group]Fetching the repository
2026-09-06T03:38:51.2058992Z [command]/usr/bin/git -c protocol.version=2 fetch --no-tags --prune --no-recurse-submodules origin +refs/heads/*:refs/remotes/origin/* +refs/tags/*:refs/tags/*
2026-09-06T03:38:52.3123348Z From https://github.com/gonzalezulises/harness-kit
2026-09-06T03:38:52.3124585Z  * [new branch]      chore/release-please   -> origin/chore/release-please
2026-09-06T03:38:52.3125423Z  * [new branch]      chore/ship-env-example -> origin/chore/ship-env-example
2026-09-06T03:38:52.3126290Z  * [new branch]      dependabot/github_actions/actions/checkout-7 -> origin/dependabot/github_actions/actions/checkout-7
2026-09-06T03:38:52.3127299Z  * [new branch]      dependabot/github_actions/googleapis/release-please-action-5 -> origin/dependabot/github_actions/googleapis/release-please-action-5
2026-09-06T03:38:52.3128526Z  * [new branch]      docs/release-please-blocker -> origin/docs/release-please-blocker
2026-09-06T03:38:52.3129260Z  * [new branch]      feat/sentry-full-surface -> origin/feat/sentry-full-surface
2026-09-06T03:38:52.3130010Z  * [new branch]      feat/sentry-observability-pack -> origin/feat/sentry-observability-pack
2026-09-06T03:38:52.3130824Z  * [new branch]      feat/sentry-to-github-issues -> origin/feat/sentry-to-github-issues
2026-09-06T03:38:52.3131584Z  * [new branch]      fix/secret-fixture-scanner-noise -> origin/fix/secret-fixture-scanner-noise
2026-09-06T03:38:52.3132641Z  * [new branch]      fix/sentry-pack-security-hardening -> origin/fix/sentry-pack-security-hardening
2026-09-06T03:38:52.3133751Z  * [new branch]      fix/status-version-stamp -> origin/fix/status-version-stamp
2026-09-06T03:38:52.3134582Z  * [new branch]      main                   -> origin/main
2026-09-06T03:38:52.3135459Z  * [new branch]      release-please--branches--main--components--harness-kit -> origin/release-please--branches--main--components--harness-kit
2026-09-06T03:38:52.3136454Z  * [new branch]      review/harness-hardening-autonomy -> origin/review/harness-hardening-autonomy
2026-09-06T03:38:52.3137169Z  * [new tag]         v2.2.0                 -> v2.2.0
2026-09-06T03:38:52.3137690Z  * [new tag]         v2.2.1                 -> v2.2.1
2026-09-06T03:38:52.3138506Z  * [new tag]         v2.2.2                 -> v2.2.2
2026-09-06T03:38:52.3139063Z  * [new tag]         v2.2.3                 -> v2.2.3
2026-09-06T03:38:52.3139595Z  * [new tag]         v2.2.4                 -> v2.2.4
2026-09-06T03:38:52.3140153Z  * [new tag]         v2.2.5                 -> v2.2.5
2026-09-06T03:38:52.3141825Z [command]/usr/bin/git rev-parse --verify --quiet 88ea1e6c45faf5b5db9e29935eef6e25e50f633b^{object}
2026-09-06T03:38:52.3182222Z 88ea1e6c45faf5b5db9e29935eef6e25e50f633b
2026-09-06T03:38:52.3200374Z ##[endgroup]
2026-09-06T03:38:52.3200993Z ##[group]Determining the checkout info
2026-09-06T03:38:52.3203827Z ##[endgroup]
2026-09-06T03:38:52.3204634Z [command]/usr/bin/git sparse-checkout disable
2026-09-06T03:38:52.3254099Z [command]/usr/bin/git config --local --unset-all extensions.worktreeConfig
2026-09-06T03:38:52.3288367Z ##[group]Checking out the ref
2026-09-06T03:38:52.3303770Z [command]/usr/bin/git checkout --progress --force 88ea1e6c45faf5b5db9e29935eef6e25e50f633b
2026-09-06T03:38:52.3413751Z Note: switching to '88ea1e6c45faf5b5db9e29935eef6e25e50f633b'.
2026-09-06T03:38:52.3420176Z 
2026-09-06T03:38:52.3425438Z You are in 'detached HEAD' state. You can look around, make experimental
2026-09-06T03:38:52.3453652Z changes and commit them, and you can discard any commits you make in this
2026-09-06T03:38:52.3454412Z state without impacting any branches by switching back to a branch.
2026-09-06T03:38:52.3473201Z 
2026-09-06T03:38:52.3473582Z If you want to create a new branch to retain commits you create, you may
2026-09-06T03:38:52.3474187Z do so (now or later) by using -c with the switch command. Example:
2026-09-06T03:38:52.3474476Z 
2026-09-06T03:38:52.3474713Z   git switch -c <new-branch-name>
2026-09-06T03:38:52.3474947Z 
2026-09-06T03:38:52.3475094Z Or undo this operation with:
2026-09-06T03:38:52.3475256Z 
2026-09-06T03:38:52.3475394Z   git switch -
2026-09-06T03:38:52.3475563Z 
2026-09-06T03:38:52.3475816Z Turn off this advice by setting config variable advice.detachedHead to false
2026-09-06T03:38:52.3476149Z 
2026-09-06T03:38:52.3476375Z HEAD is now at 88ea1e6 feat(gates): an oracle must carry proof it can fail (#32)
2026-09-06T03:38:52.3477683Z ##[endgroup]
2026-09-06T03:38:52.3486047Z [command]/usr/bin/git log -1 --format=%H
2026-09-06T03:38:52.3486552Z 88ea1e6c45faf5b5db9e29935eef6e25e50f633b
2026-09-06T03:38:52.3488106Z ##[group]Removing auth
2026-09-06T03:38:52.3488711Z Removing SSH command configuration
2026-09-06T03:38:52.3489252Z [command]/usr/bin/git config --local --name-only --get-regexp core\.sshCommand
2026-09-06T03:38:52.3506171Z [command]/usr/bin/git submodule foreach --recursive sh -c "git config --local --name-only --get-regexp 'core\.sshCommand' && git config --local --unset-all 'core.sshCommand' || :"
2026-09-06T03:38:52.3654959Z Removing HTTP extra header
2026-09-06T03:38:52.3655662Z [command]/usr/bin/git config --local --name-only --get-regexp http\.https\:\/\/github\.com\/\.extraheader
2026-09-06T03:38:52.3684274Z [command]/usr/bin/git submodule foreach --recursive sh -c "git config --local --name-only --get-regexp 'http\.https\:\/\/github\.com\/\.extraheader' && git config --local --unset-all 'http.https://github.com/.extraheader' || :"
2026-09-06T03:38:52.3821509Z Removing includeIf entries pointing to credentials config files
2026-09-06T03:38:52.3823915Z [command]/usr/bin/git config --local --name-only --get-regexp ^includeIf\.gitdir:
2026-09-06T03:38:52.3839629Z includeif.gitdir:/home/runner/work/harness-kit/harness-kit/base/.git.path
2026-09-06T03:38:52.3842263Z includeif.gitdir:/home/runner/work/harness-kit/harness-kit/base/.git/worktrees/*.path
2026-09-06T03:38:52.3843338Z includeif.gitdir:/github/workspace/base/.git.path
2026-09-06T03:38:52.3843923Z includeif.gitdir:/github/workspace/base/.git/worktrees/*.path
2026-09-06T03:38:52.3846480Z [command]/usr/bin/git config --local --get-all includeif.gitdir:/home/runner/work/harness-kit/harness-kit/base/.git.path
2026-09-06T03:38:52.3863838Z /home/runner/work/_temp/git-credentials-b4de6b43-dd3d-40ef-86e2-15367fba57ba.config
2026-09-06T03:38:52.3869533Z [command]/usr/bin/git config --local --unset includeif.gitdir:/home/runner/work/harness-kit/harness-kit/base/.git.path \/home\/runner\/work\/_temp\/git\-credentials\-b4de6b43\-dd3d\-40ef\-86e2\-15367fba57ba\.config
2026-09-06T03:38:52.3896550Z [command]/usr/bin/git config --local --get-all includeif.gitdir:/home/runner/work/harness-kit/harness-kit/base/.git/worktrees/*.path
2026-09-06T03:38:52.3911868Z /home/runner/work/_temp/git-credentials-b4de6b43-dd3d-40ef-86e2-15367fba57ba.config
2026-09-06T03:38:52.3923468Z [command]/usr/bin/git config --local --unset includeif.gitdir:/home/runner/work/harness-kit/harness-kit/base/.git/worktrees/*.path \/home\/runner\/work\/_temp\/git\-credentials\-b4de6b43\-dd3d\-40ef\-86e2\-15367fba57ba\.config
2026-09-06T03:38:52.3943096Z [command]/usr/bin/git config --local --get-all includeif.gitdir:/github/workspace/base/.git.path
2026-09-06T03:38:52.3963280Z /github/runner_temp/git-credentials-b4de6b43-dd3d-40ef-86e2-15367fba57ba.config
2026-09-06T03:38:52.3969793Z [command]/usr/bin/git config --local --unset includeif.gitdir:/github/workspace/base/.git.path \/github\/runner_temp\/git\-credentials\-b4de6b43\-dd3d\-40ef\-86e2\-15367fba57ba\.config
2026-09-06T03:38:52.4002152Z [command]/usr/bin/git config --local --get-all includeif.gitdir:/github/workspace/base/.git/worktrees/*.path
2026-09-06T03:38:52.4017416Z /github/runner_temp/git-credentials-b4de6b43-dd3d-40ef-86e2-15367fba57ba.config
2026-09-06T03:38:52.4023397Z [command]/usr/bin/git config --local --unset includeif.gitdir:/github/workspace/base/.git/worktrees/*.path \/github\/runner_temp\/git\-credentials\-b4de6b43\-dd3d\-40ef\-86e2\-15367fba57ba\.config
2026-09-06T03:38:52.4045537Z [command]/usr/bin/git submodule foreach --recursive git config --local --show-origin --name-only --get-regexp remote.origin.url
2026-09-06T03:38:52.4185516Z Removing credentials config '/home/runner/work/_temp/git-credentials-b4de6b43-dd3d-40ef-86e2-15367fba57ba.config'
2026-09-06T03:38:52.4192162Z ##[endgroup]
2026-09-06T03:38:52.4278193Z ##[group]Run set -uo pipefail
2026-09-06T03:38:52.4278525Z [36;1mset -uo pipefail[0m
2026-09-06T03:38:52.4278919Z [36;1m# A project that is entirely shell without a shell linter is a project[0m
2026-09-06T03:38:52.4279320Z [36;1m# without a compiler. -S warning is the level the repo is clean at.[0m
2026-09-06T03:38:52.4279633Z [36;1m#[0m
2026-09-06T03:38:52.4279929Z [36;1m# The version is pinned because the runner's preinstalled shellcheck is[0m
2026-09-06T03:38:52.4280410Z [36;1m# older than the one developers have locally, and the two disagree: a[0m
2026-09-06T03:38:52.4280822Z [36;1m# lint that passes on your machine and fails in CI teaches people to[0m
2026-09-06T03:38:52.4281178Z [36;1m# stop reading lint output.[0m
2026-09-06T03:38:52.4281479Z [36;1mSC_VERSION=v0.11.0[0m
2026-09-06T03:38:52.4281976Z [36;1mcurl -fsSL "https://github.com/koalaman/shellcheck/releases/download/${SC_VERSION}/shellcheck-${SC_VERSION}.linux.x86_64.tar.xz" \[0m
2026-09-06T03:38:52.4282534Z [36;1m  | tar -xJf - -C "$RUNNER_TEMP"[0m
2026-09-06T03:38:52.4283133Z [36;1mSHELLCHECK="$RUNNER_TEMP/shellcheck-${SC_VERSION}/shellcheck"[0m
2026-09-06T03:38:52.4283476Z [36;1m"$SHELLCHECK" --version | grep version:[0m
2026-09-06T03:38:52.4283756Z [36;1mset +e[0m
2026-09-06T03:38:52.4284026Z [36;1m"$SHELLCHECK" -S warning bin/*.sh scripts/*.sh tests/*.sh \[0m
2026-09-06T03:38:52.4284365Z [36;1m  templates/full/scripts/*.sh packs/*/verify-pack.sh[0m
2026-09-06T03:38:52.4284733Z [36;1mlint_exit=$?[0m
2026-09-06T03:38:52.4284958Z [36;1mset -e[0m
2026-09-06T03:38:52.4285247Z [36;1mprintf 'lint_exit=%s\n' "$lint_exit" >> "$GITHUB_OUTPUT"[0m
2026-09-06T03:38:52.4285565Z [36;1m[ "$lint_exit" -eq 0 ] || exit "$lint_exit"[0m
2026-09-06T03:38:52.4285844Z [36;1m: > "$RUNNER_TEMP/lint-observed-zero"[0m
2026-09-06T03:38:52.4307570Z shell: /usr/bin/bash --noprofile --norc -e -o pipefail {0}
2026-09-06T03:38:52.4307920Z ##[endgroup]
2026-09-06T03:38:52.8135934Z version: 0.11.0
2026-09-06T03:38:55.7234849Z ##[group]Run set -uo pipefail
2026-09-06T03:38:55.7235232Z [36;1mset -uo pipefail[0m
2026-09-06T03:38:55.7235484Z [36;1mset +e[0m
2026-09-06T03:38:55.7235717Z [36;1mbash packs/gherkin/verify-pack.sh[0m
2026-09-06T03:38:55.7236011Z [36;1mgherkin_exit=$?[0m
2026-09-06T03:38:55.7236237Z [36;1mset -e[0m
2026-09-06T03:38:55.7236511Z [36;1mprintf 'gherkin_exit=%s\n' "$gherkin_exit" >> "$GITHUB_OUTPUT"[0m
2026-09-06T03:38:55.7236869Z [36;1m[ "$gherkin_exit" -eq 0 ] || exit "$gherkin_exit"[0m
2026-09-06T03:38:55.7237226Z [36;1m: > "$RUNNER_TEMP/gherkin-observed-zero"[0m
2026-09-06T03:38:55.7256688Z shell: /usr/bin/bash --noprofile --norc -e -o pipefail {0}
2026-09-06T03:38:55.7257096Z ##[endgroup]
2026-09-06T03:38:55.7325174Z Gherkin pack — failure matrix
2026-09-06T03:38:55.7325650Z 
2026-09-06T03:38:55.9906946Z   ok   valid run passes (exit 0)
2026-09-06T03:38:56.0124522Z   ok   valid run passes with a matching --expect (exit 0)
2026-09-06T03:38:56.0334049Z   ok   zero execution blocks (exit 2)
2026-09-06T03:38:56.0533516Z   ok   executing fewer scenarios than declared blocks (exit 2)
2026-09-06T03:38:56.0742378Z   ok   FAILED blocks (exit 1)
2026-09-06T03:38:56.0964089Z   ok   UNDEFINED blocks (exit 1)
2026-09-06T03:38:56.1146135Z   ok   AMBIGUOUS blocks (exit 1)
2026-09-06T03:38:56.1365178Z   ok   PENDING blocks (exit 1)
2026-09-06T03:38:56.1561727Z   ok   SKIPPED blocks (exit 1)
2026-09-06T03:38:56.1788191Z   ok   duplicate scenario id blocks (exit 1)
2026-09-06T03:38:56.2022631Z   ok   malformed report blocks (exit 3)
2026-09-06T03:38:56.2312534Z   ok   truncated report blocks (exit 3)
2026-09-06T03:38:56.2540712Z   ok   missing report blocks (exit 3)
2026-09-06T03:38:56.2750982Z   ok   --expect rejects a non-numeric argument (exit 64)
2026-09-06T03:38:56.3003461Z   ok   validator runs inside a "type": "module" repo
2026-09-06T03:38:56.3004028Z 
2026-09-06T03:38:56.3005303Z ────────────────────────────────────────
2026-09-06T03:38:56.3012082Z 15 passed, 0 failed
2026-09-06T03:38:56.3012638Z Every failure mode blocks.
2026-09-06T03:38:56.3080590Z ##[group]Run set -euo pipefail
2026-09-06T03:38:56.3081069Z [36;1mset -euo pipefail[0m
2026-09-06T03:38:56.3081649Z [36;1m# Same version the pack's documented findings were measured against.[0m
2026-09-06T03:38:56.3082203Z [36;1mK6_VERSION=v2.1.0[0m
2026-09-06T03:38:56.3083225Z [36;1mcurl -fsSL "https://github.com/grafana/k6/releases/download/${K6_VERSION}/k6-${K6_VERSION}-linux-amd64.tar.gz" \[0m
2026-09-06T03:38:56.3084151Z [36;1m  | tar -xzf - -C "$RUNNER_TEMP"[0m
2026-09-06T03:38:56.3084712Z [36;1msudo install "$RUNNER_TEMP/k6-${K6_VERSION}-linux-amd64/k6" /usr/local/bin/k6[0m
2026-09-06T03:38:56.3085350Z [36;1mk6 version[0m
2026-09-06T03:38:56.3121574Z shell: /usr/bin/bash --noprofile --norc -e -o pipefail {0}
2026-09-06T03:38:56.3122119Z ##[endgroup]
2026-09-06T03:38:57.1044112Z k6 v2.1.0 (commit/83a87a41e2, go1.26.4, linux/amd64)
2026-09-06T03:38:57.1089687Z ##[group]Run set -euo pipefail
2026-09-06T03:38:57.1090170Z [36;1mset -euo pipefail[0m
2026-09-06T03:38:57.1090623Z [36;1m# An old protected judge cannot certify a new contract. Adoption is explicit.[0m
2026-09-06T03:38:57.1091272Z [36;1mpython3 - "$GITHUB_WORKSPACE/base/.harness/judge-contract.json" <<'PYCONTRACT'[0m
2026-09-06T03:38:57.1091809Z [36;1mimport json,sys[0m
2026-09-06T03:38:57.1092339Z [36;1mexpected={"schema_version":1,"interfaces":["target-root-v1","installation-profile-v1","match-argv-v1"]}[0m
2026-09-06T03:38:57.1093155Z [36;1mtry:[0m
2026-09-06T03:38:57.1093619Z [36;1m    with open(sys.argv[1]) as stream: actual=json.load(stream)[0m
2026-09-06T03:38:57.1094033Z [36;1m    assert actual == expected[0m
2026-09-06T03:38:57.1094470Z [36;1mexcept (OSError,ValueError,AssertionError):[0m
2026-09-06T03:38:57.1095031Z [36;1m    sys.exit("ADOPTION_REQUIRED: protected base lacks the required judge contract; no head fallback")[0m
2026-09-06T03:38:57.1095640Z [36;1mPYCONTRACT[0m
2026-09-06T03:38:57.1096027Z [36;1mbash "$GITHUB_WORKSPACE/base/scripts/setup-oracles.sh"[0m
2026-09-06T03:38:57.1096570Z [36;1mecho "$GITHUB_WORKSPACE/base/.harness/tools/oracles-venv/bin" >> "$GITHUB_PATH"[0m
2026-09-06T03:38:57.1097176Z [36;1mexport PATH="$GITHUB_WORKSPACE/base/.harness/tools/oracles-venv/bin:$PATH"[0m
2026-09-06T03:38:57.1097933Z [36;1mbash "$GITHUB_WORKSPACE/base/scripts/run-gates.sh" quick --target "$GITHUB_WORKSPACE/head"[0m
2026-09-06T03:38:57.1098530Z [36;1m: > "$RUNNER_TEMP/gates-observed-zero"[0m
2026-09-06T03:38:57.1123874Z shell: /usr/bin/bash --noprofile --norc -e -o pipefail {0}
2026-09-06T03:38:57.1124346Z env:
2026-09-06T03:38:57.1124686Z   ROUTES_BASE: 88ea1e6c45faf5b5db9e29935eef6e25e50f633b
2026-09-06T03:38:57.1125162Z   DELIVERY_BASE: 88ea1e6c45faf5b5db9e29935eef6e25e50f633b
2026-09-06T03:38:57.1125585Z ##[endgroup]
2026-09-06T03:38:57.1349508Z ADOPTION_REQUIRED: protected base lacks the required judge contract; no head fallback
2026-09-06T03:38:57.1385322Z ##[error]Process completed with exit code 1.
2026-09-06T03:38:57.1453292Z ##[group]Run set -eu
2026-09-06T03:38:57.1453636Z [36;1mset -eu[0m
2026-09-06T03:38:57.1453854Z [36;1m[0m
2026-09-06T03:38:57.1454127Z [36;1m# Fail-closed: success needs both observed zeros AND both sentinels.[0m
2026-09-06T03:38:57.1454524Z [36;1m# Missing, skipped, cancelled and not-executed all land here as blocked.[0m
2026-09-06T03:38:57.1454866Z [36;1mconclusion=blocked[0m
2026-09-06T03:38:57.1455213Z [36;1mif [ "$GATES_OUTCOME" = success ] && [ -f "$RUNNER_TEMP/gates-observed-zero" ] &&[0m
2026-09-06T03:38:57.1455632Z [36;1m   [ "$LINT_OUTCOME" = success ] && [ "$GHERKIN_OUTCOME" = success ] &&[0m
2026-09-06T03:38:57.1455958Z [36;1m   [ -f "$RUNNER_TEMP/lint-observed-zero" ] &&[0m
2026-09-06T03:38:57.1456261Z [36;1m   [ -f "$RUNNER_TEMP/gherkin-observed-zero" ] &&[0m
2026-09-06T03:38:57.1456574Z [36;1m   [ "$CHECK_OUTCOME" = success ] && [ "${CHECK_EXIT:-}" = 0 ] &&[0m
2026-09-06T03:38:57.1456984Z [36;1m   [ "$CLAIMS_OUTCOME" = success ] && [ "${CLAIMS_EXIT:-}" = 0 ] &&[0m
2026-09-06T03:38:57.1457342Z [36;1m   [ "$DECISIONS_OUTCOME" = success ] && [ "${DECISIONS_EXIT:-}" = 0 ] &&[0m
2026-09-06T03:38:57.1457691Z [36;1m   [ -f "$RUNNER_TEMP/check-observed-zero" ] &&[0m
2026-09-06T03:38:57.1457974Z [36;1m   [ -f "$RUNNER_TEMP/claims-observed-zero" ] &&[0m
2026-09-06T03:38:57.1458280Z [36;1m   [ -f "$RUNNER_TEMP/decisions-observed-zero" ]; then[0m
2026-09-06T03:38:57.1458574Z [36;1m  conclusion=success[0m
2026-09-06T03:38:57.1458789Z [36;1mfi[0m
2026-09-06T03:38:57.1459070Z [36;1m[0m
2026-09-06T03:38:57.1459249Z [36;1m{[0m
2026-09-06T03:38:57.1459445Z [36;1m  printf '%s\n' '## Required quality'[0m
2026-09-06T03:38:57.1459744Z [36;1m  printf '%s\n' '| field | value |'[0m
2026-09-06T03:38:57.1460003Z [36;1m  printf '%s\n' '|---|---|'[0m
2026-09-06T03:38:57.1460265Z [36;1m  printf '| head_sha | `%s` |\n' "$HEAD_SHA"[0m
2026-09-06T03:38:57.1460528Z [36;1m  printf '| base_sha | `%s` |\n' "$BASE_SHA"[0m
2026-09-06T03:38:57.1460814Z [36;1m  printf '| protected live gates | `%s` |\n' "$GATES_OUTCOME"[0m
2026-09-06T03:38:57.1461161Z [36;1m  printf '| judge_sha | `%s` |\n' "$BASE_SHA"[0m
2026-09-06T03:38:57.1461443Z [36;1m  printf '| workflow_sha | `%s` |\n' "$WORKFLOW_SHA"[0m
2026-09-06T03:38:57.1461760Z [36;1m  printf '| run | `%s` (attempt %s) |\n' "$RUN_ID" "$RUN_ATTEMPT"[0m
2026-09-06T03:38:57.1462095Z [36;1m  printf '| shellcheck | `%s` |\n' "$LINT_OUTCOME"[0m
2026-09-06T03:38:57.1462387Z [36;1m  printf '| gherkin pack | `%s` |\n' "$GHERKIN_OUTCOME"[0m
2026-09-06T03:38:57.1462969Z [36;1m  printf '| make check | `%s` (exit `%s`) |\n' "$CHECK_OUTCOME" "${CHECK_EXIT:-none}"[0m
2026-09-06T03:38:57.1463404Z [36;1m  printf '| verify-claims | `%s` (exit `%s`) |\n' "$CLAIMS_OUTCOME" "${CLAIMS_EXIT:-none}"[0m
2026-09-06T03:38:57.1463847Z [36;1m  printf '| verify-decisions | `%s` (exit `%s`) |\n' "$DECISIONS_OUTCOME" "${DECISIONS_EXIT:-none}"[0m
2026-09-06T03:38:57.1464228Z [36;1m  printf '| conclusion | `%s` |\n' "$conclusion"[0m
2026-09-06T03:38:57.1464514Z [36;1m} >> "$GITHUB_STEP_SUMMARY"[0m
2026-09-06T03:38:57.1464779Z [36;1m[0m
2026-09-06T03:38:57.1464984Z [36;1mif [ "$conclusion" != success ]; then[0m
2026-09-06T03:38:57.1465311Z [36;1m  printf 'Required quality conclusion is non-success: %s\n' "$conclusion" >&2[0m
2026-09-06T03:38:57.1465678Z [36;1m  exit 1[0m
2026-09-06T03:38:57.1465871Z [36;1mfi[0m
2026-09-06T03:38:57.1481436Z shell: /usr/bin/bash --noprofile --norc -e -o pipefail {0}
2026-09-06T03:38:57.1481741Z env:
2026-09-06T03:38:57.1481993Z   BASE_SHA: 88ea1e6c45faf5b5db9e29935eef6e25e50f633b
2026-09-06T03:38:57.1482312Z   HEAD_SHA: 65c0c6976520ca53b878224e081d042a62853db4
2026-09-06T03:38:57.1482587Z   GATES_OUTCOME: failure
2026-09-06T03:38:57.1483031Z   CHECK_OUTCOME: skipped
2026-09-06T03:38:57.1483249Z   CHECK_EXIT: 
2026-09-06T03:38:57.1483451Z   LINT_OUTCOME: success
2026-09-06T03:38:57.1483683Z   GHERKIN_OUTCOME: success
2026-09-06T03:38:57.1483921Z   CLAIMS_OUTCOME: skipped
2026-09-06T03:38:57.1484235Z   CLAIMS_EXIT: 
2026-09-06T03:38:57.1484433Z   DECISIONS_OUTCOME: skipped
2026-09-06T03:38:57.1484671Z   DECISIONS_EXIT: 
2026-09-06T03:38:57.1484890Z   RUN_ID: 34009511454
2026-09-06T03:38:57.1485123Z   RUN_ATTEMPT: 1
2026-09-06T03:38:57.1485364Z   WORKFLOW_SHA: 2e3e77fec2da4d8ff7be3d90b1de601675dfce47
2026-09-06T03:38:57.1485618Z ##[endgroup]
2026-09-06T03:38:57.1518243Z Required quality conclusion is non-success: blocked
2026-09-06T03:38:57.1520669Z ##[error]Process completed with exit code 1.
2026-09-06T03:38:57.1614794Z Post job cleanup.
2026-09-06T03:38:57.2279871Z [command]/usr/bin/git version
2026-09-06T03:38:57.2328980Z git version 2.55.0
2026-09-06T03:38:57.2358360Z Temporarily overriding HOME='/home/runner/work/_temp/45e5eb78-00a2-48fb-bdcd-54c608e33315' before making global git config changes
2026-09-06T03:38:57.2359373Z Adding repository directory to the temporary git global config as a safe directory
2026-09-06T03:38:57.2362161Z [command]/usr/bin/git config --global --add safe.directory /home/runner/work/harness-kit/harness-kit/base
2026-09-06T03:38:57.2417893Z Removing SSH command configuration
2026-09-06T03:38:57.2419098Z [command]/usr/bin/git config --local --name-only --get-regexp core\.sshCommand
2026-09-06T03:38:57.2484467Z [command]/usr/bin/git submodule foreach --recursive sh -c "git config --local --name-only --get-regexp 'core\.sshCommand' && git config --local --unset-all 'core.sshCommand' || :"
2026-09-06T03:38:57.2752110Z Removing HTTP extra header
2026-09-06T03:38:57.2753327Z [command]/usr/bin/git config --local --name-only --get-regexp http\.https\:\/\/github\.com\/\.extraheader
2026-09-06T03:38:57.2775422Z [command]/usr/bin/git submodule foreach --recursive sh -c "git config --local --name-only --get-regexp 'http\.https\:\/\/github\.com\/\.extraheader' && git config --local --unset-all 'http.https://github.com/.extraheader' || :"
2026-09-06T03:38:57.3019821Z Removing includeIf entries pointing to credentials config files
2026-09-06T03:38:57.3043061Z [command]/usr/bin/git config --local --name-only --get-regexp ^includeIf\.gitdir:
2026-09-06T03:38:57.3083759Z [command]/usr/bin/git submodule foreach --recursive git config --local --show-origin --name-only --get-regexp remote.origin.url
2026-09-06T03:38:57.3336898Z Post job cleanup.
2026-09-06T03:38:57.4179949Z [command]/usr/bin/git version
2026-09-06T03:38:57.4230881Z git version 2.55.0
2026-09-06T03:38:57.4322419Z Temporarily overriding HOME='/home/runner/work/_temp/fe050cca-57f2-4788-821c-514ccd1584d2' before making global git config changes
2026-09-06T03:38:57.4345690Z Adding repository directory to the temporary git global config as a safe directory
2026-09-06T03:38:57.4364193Z [command]/usr/bin/git config --global --add safe.directory /home/runner/work/harness-kit/harness-kit/head
2026-09-06T03:38:57.4402673Z Removing SSH command configuration
2026-09-06T03:38:57.4403527Z [command]/usr/bin/git config --local --name-only --get-regexp core\.sshCommand
2026-09-06T03:38:57.4405238Z [command]/usr/bin/git submodule foreach --recursive sh -c "git config --local --name-only --get-regexp 'core\.sshCommand' && git config --local --unset-all 'core.sshCommand' || :"
2026-09-06T03:38:57.4594251Z Removing HTTP extra header
2026-09-06T03:38:57.4607428Z [command]/usr/bin/git config --local --name-only --get-regexp http\.https\:\/\/github\.com\/\.extraheader
2026-09-06T03:38:57.4656873Z [command]/usr/bin/git submodule foreach --recursive sh -c "git config --local --name-only --get-regexp 'http\.https\:\/\/github\.com\/\.extraheader' && git config --local --unset-all 'http.https://github.com/.extraheader' || :"
2026-09-06T03:38:57.4864502Z Removing includeIf entries pointing to credentials config files
2026-09-06T03:38:57.4865405Z [command]/usr/bin/git config --local --name-only --get-regexp ^includeIf\.gitdir:
2026-09-06T03:38:57.4924654Z [command]/usr/bin/git submodule foreach --recursive git config --local --show-origin --name-only --get-regexp remote.origin.url
2026-09-06T03:38:57.5237214Z Cleaning up orphan processes
