bash scripts/run-gates.sh quick
── gates · aggregate quick · profile v1/kit
  decisions-append-only    PASS (0.0s, exit 0)
  agent-notes-tree         FAIL (0.2s, exit 1)
BAD_LIFECYCLE — active/bug-fix/2026-09-07-v1-acknowledgement-custody.md ('active' not in: proposed implemented rejected)

1 Agent Note violation(s).

  arch-boundaries          PASS (0.7s, exit 0)
  makefile-gates           PASS (0.1s, exit 0)
  version-sync             PASS (0.0s, exit 0)
  delivery-doc             PASS (0.0s, exit 0)
  context-routes           PASS (0.1s, exit 0)
  oracles-falsifiable      FAIL (0.2s, exit 1)
  local RED receipt consistent: AC-F24-protected-ci; a local receipt is not independent authority
  local RED receipt consistent: AC-F24; a local receipt is not independent authority
  local RED receipt consistent: AC-FR01-literal-filename; a local receipt is not independent authority
  local RED receipt consistent: AC-H01; a local receipt is not independent authority
  local RED receipt consistent: AC-H02; a local receipt is not independent authority
  local RED receipt consistent: AC-H03; a local receipt is not independent authority
  local RED receipt consistent: AC-H04; a local receipt is not independent authority
  local RED receipt consistent: AC-H05; a local receipt is not independent authority
  local RED receipt consistent: AC-H06-authority; a local receipt is not independent authority
  local RED receipt consistent: AC-H06; a local receipt is not independent authority
  local RED receipt consistent: AC-H07; a local receipt is not independent authority
  local RED receipt consistent: AC-H08; a local receipt is not independent authority
  local RED receipt consistent: AC-P0-PRODUCT-LOOP; a local receipt is not independent authority
  local RED receipt consistent: AC-closure-request-binding; a local receipt is not independent authority
  local RED receipt consistent: AC-closure-supervisor; a local receipt is not independent authority
  local RED receipt consistent: AC-product-closure; a local receipt is not independent authority
  ok       TEST_READY         AC-F24-protected-ci
  ok       TEST_READY         AC-F24
  ok       TEST_READY         AC-FR01-literal-filename
  ok       TEST_READY         AC-H01
  ok       TEST_READY         AC-H02
  ok       TEST_READY         AC-H03
  ok       TEST_READY         AC-H04
  ok       TEST_READY         AC-H05
  ok       TEST_READY         AC-H06-authority
  ok       TEST_READY         AC-H06
  ok       TEST_READY         AC-H07
  ok       TEST_READY         AC-H08
  ok       TEST_READY         AC-P0-PRODUCT-LOOP
  ok       TEST_READY         AC-closure-request-binding
  ok       TEST_READY         AC-closure-supervisor
  FINDING  TEST_READY         AC-product-ack-publication
  ok       TEST_READY         AC-product-closure

oracles: AC-product-ack-publication invalid or stale RED receipt
    · invalid receipt fields

An oracle records what would prove the code wrong. Weakening it to go green
removes the only thing standing between a plausible answer and a shipped one.

── 6 pass · 2 blocking · 0 not applicable
Only PASS satisfies a gate. A non-PASS state was not verified.
make: *** [Makefile:25: check] Error 1
