{"current":{"status":"VERIFIED_APPROVAL","version":1,"issuer":"owner","issuerRole":"owner","keyId":"key","kind":"bounded-grant","receiptId":"forged","repositoryId":"probe","subjectDigest":"aaaaaaaaaaaaaaaaaaaaaaaaaaaaaaaaaaaaaaaaaaaaaaaaaaaaaaaaaaaaaaaa","scopeDigest":"aaaaaaaaaaaaaaaaaaaaaaaaaaaaaaaaaaaaaaaaaaaaaaaaaaaaaaaaaaaaaaaa","authorityDigest":"aaaaaaaaaaaaaaaaaaaaaaaaaaaaaaaaaaaaaaaaaaaaaaaaaaaaaaaaaaaaaaaa","issuedAt":0,"expiresAt":2000,"revocationEpoch":0,"decision":"approve"},"recorded":{"status":"VERIFIED_RECORDED_APPROVAL","version":1,"issuer":"owner","issuerRole":"owner","keyId":"key","kind":"bounded-grant","receiptId":"forged","repositoryId":"probe","subjectDigest":"aaaaaaaaaaaaaaaaaaaaaaaaaaaaaaaaaaaaaaaaaaaaaaaaaaaaaaaaaaaaaaaa","scopeDigest":"aaaaaaaaaaaaaaaaaaaaaaaaaaaaaaaaaaaaaaaaaaaaaaaaaaaaaaaaaaaaaaaa","authorityDigest":"aaaaaaaaaaaaaaaaaaaaaaaaaaaaaaaaaaaaaaaaaaaaaaaaaaaaaaaaaaaaaaaa","issuedAt":0,"expiresAt":2000,"revocationEpoch":0,"decision":"approve","signature":"AAAAAAAAAAAAAAAAAAAAAAAAAAAAAAAAAAAAAAAAAAAAAAAAAAAAAAAAAAAAAAAAAAAAAAAAAAAAAAAAAAAAAA=="}}
node:internal/modules/run_main:107
    triggerUncaughtException(
    ^

AssertionError [ERR_ASSERTION]: zero signature must be rejected
+ actual - expected

+ undefined
- 'BLOCKED_BY_INVALID_SIGNATURE'

    at file:///workspace/scratch/adce1c53b293/h06-signature-probe.mjs:11:8
    at ModuleJob.run (node:internal/modules/esm/module_job:439:25)
    at async node:internal/modules/esm/loader:643:26
    at async asyncRunEntryPointWithESMLoader (node:internal/modules/run_main:101:5) {
  generatedMessage: false,
  code: 'ERR_ASSERTION',
  actual: undefined,
  expected: 'BLOCKED_BY_INVALID_SIGNATURE',
  operator: 'strictEqual',
  diff: 'simple'
}

Node.js v24.19.0
