test_arch_filters_compile_in_whole_document_preflight (__main__.ReviewRoundOneRegressions.test_arch_filters_compile_in_whole_document_preflight) ... FAIL
test_arch_rule_requires_explicit_exit_contract (__main__.ReviewRoundOneRegressions.test_arch_rule_requires_explicit_exit_contract) ... ok
test_budgeted_first_run_remains_valid (__main__.ReviewRoundOneRegressions.test_budgeted_first_run_remains_valid) ... ok
test_decision_append_requires_real_line_boundary (__main__.ReviewRoundOneRegressions.test_decision_append_requires_real_line_boundary) ... FAIL
test_decision_comparison_preserves_exact_newline_bytes (__main__.ReviewRoundOneRegressions.test_decision_comparison_preserves_exact_newline_bytes) ... ok
test_decision_slug_collision_cannot_discard_entry (__main__.ReviewRoundOneRegressions.test_decision_slug_collision_cannot_discard_entry) ... ok
test_duplicate_arch_keys_reject_before_effects (__main__.ReviewRoundOneRegressions.test_duplicate_arch_keys_reject_before_effects) ... ok
test_duplicate_claim_authority_keys_reject_before_effects (__main__.ReviewRoundOneRegressions.test_duplicate_claim_authority_keys_reject_before_effects) ... ok
test_duplicate_claim_head_keys_reject_before_effects (__main__.ReviewRoundOneRegressions.test_duplicate_claim_head_keys_reject_before_effects) ... ok
test_duplicate_feature_keys_reject_before_effects (__main__.ReviewRoundOneRegressions.test_duplicate_feature_keys_reject_before_effects) ... ok
test_inconsistent_ledger_rejects_before_claim_authority_effects (__main__.ReviewRoundOneRegressions.test_inconsistent_ledger_rejects_before_claim_authority_effects) ... FAIL
test_inconsistent_ledger_rejects_before_claim_head_effects (__main__.ReviewRoundOneRegressions.test_inconsistent_ledger_rejects_before_claim_head_effects) ... FAIL
test_inconsistent_ledger_rejects_before_feature_effects (__main__.ReviewRoundOneRegressions.test_inconsistent_ledger_rejects_before_feature_effects) ... FAIL
test_invalid_arch_filter_cannot_hide_behind_no_match (__main__.ReviewRoundOneRegressions.test_invalid_arch_filter_cannot_hide_behind_no_match) ... FAIL
test_nul_arch_command_rejects_before_effects (__main__.ReviewRoundOneRegressions.test_nul_arch_command_rejects_before_effects) ... ok
test_nul_claim_command_rejects_before_effects (__main__.ReviewRoundOneRegressions.test_nul_claim_command_rejects_before_effects) ... ok
test_nul_feature_command_rejects_before_effects (__main__.ReviewRoundOneRegressions.test_nul_feature_command_rejects_before_effects) ... ok
test_partial_and_null_claim_ledgers_reject_before_effects (__main__.ReviewRoundOneRegressions.test_partial_and_null_claim_ledgers_reject_before_effects) ... ok
test_partial_and_null_ledgers_reject_before_effects (__main__.ReviewRoundOneRegressions.test_partial_and_null_ledgers_reject_before_effects) ... ok
test_recorded_attempt_requires_recovery_authority (__main__.ReviewRoundOneRegressions.test_recorded_attempt_requires_recovery_authority) ... ok
test_02_empty_command_must_not_execute_repair_text (h01_review_regressions.RegressionTests.test_02_empty_command_must_not_execute_repair_text) ... ok
test_03_claim_parse_failures_must_not_approve_empty_or_partial_claims (h01_review_regressions.RegressionTests.test_03_claim_parse_failures_must_not_approve_empty_or_partial_claims) ... ok
test_04_claims_require_the_explicit_authority_baseline (h01_review_regressions.RegressionTests.test_04_claims_require_the_explicit_authority_baseline) ... ok
test_05_cached_success_must_not_survive_changed_verification_inputs (h01_review_regressions.RegressionTests.test_05_cached_success_must_not_survive_changed_verification_inputs) ... 