test_backup_is_exclusive (__main__.Regressions.test_backup_is_exclusive) ... ok
test_candidate_profile_cannot_downgrade_base (__main__.Regressions.test_candidate_profile_cannot_downgrade_base) ... ok
test_explicit_missing_delivery_source_blocks_with_default_absence_allowed (__main__.Regressions.test_explicit_missing_delivery_source_blocks_with_default_absence_allowed) ... 
  test_explicit_missing_delivery_source_blocks_with_default_absence_allowed (__main__.Regressions.test_explicit_missing_delivery_source_blocks_with_default_absence_allowed) (source='custom-release-guide.md') ... FAIL
  test_explicit_missing_delivery_source_blocks_with_default_absence_allowed (__main__.Regressions.test_explicit_missing_delivery_source_blocks_with_default_absence_allowed) (source='unreadable-directory') ... FAIL
test_formatter_nonzero_blocks (__main__.Regressions.test_formatter_nonzero_blocks) ... ok
test_full_aggregate_terminates_without_recursion (__main__.Regressions.test_full_aggregate_terminates_without_recursion) ... ok
test_full_scaffold_live_quick (__main__.Regressions.test_full_scaffold_live_quick) ... ok
test_incomplete_ruleset_detail_is_not_known_absence (__main__.Regressions.test_incomplete_ruleset_detail_is_not_known_absence) ... ok
test_integrated_check_declares_live_quick (__main__.Regressions.test_integrated_check_declares_live_quick) ... ok
test_integrated_gate_blocks_live_candidate (__main__.Regressions.test_integrated_gate_blocks_live_candidate) ... ok
test_live_profile_cannot_be_absent (__main__.Regressions.test_live_profile_cannot_be_absent) ... ok
test_oracle_current_bytes_are_checked (__main__.Regressions.test_oracle_current_bytes_are_checked) ... ok
test_oracle_duplicate_keys_rejected (__main__.Regressions.test_oracle_duplicate_keys_rejected) ... ok
test_oracle_standard_multiline_and_alias_contract (__main__.Regressions.test_oracle_standard_multiline_and_alias_contract) ... ok
test_pack_ports_are_os_assigned (__main__.Regressions.test_pack_ports_are_os_assigned) ... ok
test_partial_index_handles_names_modes_and_formatter_failure (__main__.Regressions.test_partial_index_handles_names_modes_and_formatter_failure) ... ok
test_partial_index_preserves_unstaged_bytes (__main__.Regressions.test_partial_index_preserves_unstaged_bytes) ... ok
test_protected_judge_checks_target_and_preserves_source (__main__.Regressions.test_protected_judge_checks_target_and_preserves_source) ... ok
test_protected_oracle_ignores_candidate_interpreter_and_imports (__main__.Regressions.test_protected_oracle_ignores_candidate_interpreter_and_imports) ... ok
test_protected_workflow_keeps_candidate_source (__main__.Regressions.test_protected_workflow_keeps_candidate_source) ... ok
test_receipt_binds_current_bytes_and_rejects_tampering (__main__.Regressions.test_receipt_binds_current_bytes_and_rejects_tampering) ... ok
test_repair_prose_is_not_command_identity (__main__.Regressions.test_repair_prose_is_not_command_identity) ... ok
test_setup_ignores_cwd_and_pythonpath_for_pip_and_final_import (__main__.Regressions.test_setup_ignores_cwd_and_pythonpath_for_pip_and_final_import) ... 
  test_setup_ignores_cwd_and_pythonpath_for_pip_and_final_import (__main__.Regressions.test_setup_ignores_cwd_and_pythonpath_for_pip_and_final_import) (channel='cwd', phase='pip') ... FAIL
  test_setup_ignores_cwd_and_pythonpath_for_pip_and_final_import (__main__.Regressions.test_setup_ignores_cwd_and_pythonpath_for_pip_and_final_import) (channel='cwd', phase='yaml') ... FAIL
  test_setup_ignores_cwd_and_pythonpath_for_pip_and_final_import (__main__.Regressions.test_setup_ignores_cwd_and_pythonpath_for_pip_and_final_import) (channel='PYTHONPATH', phase='pip') ... FAIL
  test_setup_ignores_cwd_and_pythonpath_for_pip_and_final_import (__main__.Regressions.test_setup_ignores_cwd_and_pythonpath_for_pip_and_final_import) (channel='PYTHONPATH', phase='yaml') ... FAIL
test_staged_symlink_cannot_escape_formatter_snapshot (__main__.Regressions.test_staged_symlink_cannot_escape_formatter_snapshot) ... ok
test_status_api_failure_is_indeterminate (__main__.Regressions.test_status_api_failure_is_indeterminate) ... ok
test_status_distinguishes_remote_api_failure (__main__.Regressions.test_status_distinguishes_remote_api_failure) ... ok
test_status_requires_observed_local_check (__main__.Regressions.test_status_requires_observed_local_check) ... ok
test_status_timeout_terminates_owned_descendants_only (__main__.Regressions.test_status_timeout_terminates_owned_descendants_only) ... 
  test_status_timeout_terminates_owned_descendants_only (__main__.Regressions.test_status_timeout_terminates_owned_descendants_only) (ignore_term=False) ... FAIL
  test_status_timeout_terminates_owned_descendants_only (__main__.Regressions.test_status_timeout_terminates_owned_descendants_only) (ignore_term=True) ... FAIL
test_strict_command_and_environment_identity_still_blocks (__main__.Regressions.test_strict_command_and_environment_identity_still_blocks) ... ok
test_system_temp_alias_is_resolved_before_snapshot_checks (__main__.Regressions.test_system_temp_alias_is_resolved_before_snapshot_checks) ... ok
test_workspace_context_route (__main__.Regressions.test_workspace_context_route) ... ok

======================================================================
FAIL: test_explicit_missing_delivery_source_blocks_with_default_absence_allowed (__main__.Regressions.test_explicit_missing_delivery_source_blocks_with_default_absence_allowed) (source='custom-release-guide.md')
----------------------------------------------------------------------
Traceback (most recent call last):
  File "/workspace/scratch/adce1c53b293/harness-kit/tests/h02-hardening-regressions.py", line 356, in test_explicit_missing_delivery_source_blocks_with_default_absence_allowed
    self.assertNotEqual(result.returncode,0,result.stdout+result.stderr)
AssertionError: 0 == 0 : verify-delivery-doc: no declared runbook at custom-release-guide.md


======================================================================
FAIL: test_explicit_missing_delivery_source_blocks_with_default_absence_allowed (__main__.Regressions.test_explicit_missing_delivery_source_blocks_with_default_absence_allowed) (source='unreadable-directory')
----------------------------------------------------------------------
Traceback (most recent call last):
  File "/workspace/scratch/adce1c53b293/harness-kit/tests/h02-hardening-regressions.py", line 356, in test_explicit_missing_delivery_source_blocks_with_default_absence_allowed
    self.assertNotEqual(result.returncode,0,result.stdout+result.stderr)
AssertionError: 0 == 0 : verify-delivery-doc: no declared runbook at unreadable-directory


======================================================================
FAIL: test_setup_ignores_cwd_and_pythonpath_for_pip_and_final_import (__main__.Regressions.test_setup_ignores_cwd_and_pythonpath_for_pip_and_final_import) (channel='cwd', phase='pip')
----------------------------------------------------------------------
Traceback (most recent call last):
  File "/workspace/scratch/adce1c53b293/harness-kit/tests/h02-hardening-regressions.py", line 318, in test_setup_ignores_cwd_and_pythonpath_for_pip_and_final_import
    self.assertFalse(marker.exists(),'setup executed a project-supplied '+phase+' module via '+channel)
AssertionError: True is not false : setup executed a project-supplied pip module via cwd

======================================================================
FAIL: test_setup_ignores_cwd_and_pythonpath_for_pip_and_final_import (__main__.Regressions.test_setup_ignores_cwd_and_pythonpath_for_pip_and_final_import) (channel='cwd', phase='yaml')
----------------------------------------------------------------------
Traceback (most recent call last):
  File "/workspace/scratch/adce1c53b293/harness-kit/tests/h02-hardening-regressions.py", line 318, in test_setup_ignores_cwd_and_pythonpath_for_pip_and_final_import
    self.assertFalse(marker.exists(),'setup executed a project-supplied '+phase+' module via '+channel)
AssertionError: True is not false : setup executed a project-supplied yaml module via cwd

======================================================================
FAIL: test_setup_ignores_cwd_and_pythonpath_for_pip_and_final_import (__main__.Regressions.test_setup_ignores_cwd_and_pythonpath_for_pip_and_final_import) (channel='PYTHONPATH', phase='pip')
----------------------------------------------------------------------
Traceback (most recent call last):
  File "/workspace/scratch/adce1c53b293/harness-kit/tests/h02-hardening-regressions.py", line 318, in test_setup_ignores_cwd_and_pythonpath_for_pip_and_final_import
    self.assertFalse(marker.exists(),'setup executed a project-supplied '+phase+' module via '+channel)
AssertionError: True is not false : setup executed a project-supplied pip module via PYTHONPATH

======================================================================
FAIL: test_setup_ignores_cwd_and_pythonpath_for_pip_and_final_import (__main__.Regressions.test_setup_ignores_cwd_and_pythonpath_for_pip_and_final_import) (channel='PYTHONPATH', phase='yaml')
----------------------------------------------------------------------
Traceback (most recent call last):
  File "/workspace/scratch/adce1c53b293/harness-kit/tests/h02-hardening-regressions.py", line 318, in test_setup_ignores_cwd_and_pythonpath_for_pip_and_final_import
    self.assertFalse(marker.exists(),'setup executed a project-supplied '+phase+' module via '+channel)
AssertionError: True is not false : setup executed a project-supplied yaml module via PYTHONPATH

======================================================================
FAIL: test_status_timeout_terminates_owned_descendants_only (__main__.Regressions.test_status_timeout_terminates_owned_descendants_only) (ignore_term=False)
----------------------------------------------------------------------
Traceback (most recent call last):
  File "/workspace/scratch/adce1c53b293/harness-kit/tests/h02-hardening-regressions.py", line 344, in test_status_timeout_terminates_owned_descendants_only
    self.assertFalse((self.root/late).exists(),'owned child continued mutating after timeout')
AssertionError: True is not false : owned child continued mutating after timeout

======================================================================
FAIL: test_status_timeout_terminates_owned_descendants_only (__main__.Regressions.test_status_timeout_terminates_owned_descendants_only) (ignore_term=True)
----------------------------------------------------------------------
Traceback (most recent call last):
  File "/workspace/scratch/adce1c53b293/harness-kit/tests/h02-hardening-regressions.py", line 344, in test_status_timeout_terminates_owned_descendants_only
    self.assertFalse((self.root/late).exists(),'owned child continued mutating after timeout')
AssertionError: True is not false : owned child continued mutating after timeout

----------------------------------------------------------------------
Ran 30 tests in 18.987s

FAILED (failures=8)
