✖ prototype-shaped filename remains covered by primary manifest (1189.722374ms)
✔ prototype-shaped filename remains covered by shadow manifest (1143.12166ms)
ℹ tests 2
ℹ suites 0
ℹ pass 1
ℹ fail 1
ℹ cancelled 0
ℹ skipped 0
ℹ todo 0
ℹ duration_ms 2661.307238

✖ failing tests:

test at docs/implementation/2026-09-05-harness-hardening/h07/prototype-red-source/tests/review.test.mjs:83:41
✖ prototype-shaped filename remains covered by primary manifest (1189.722374ms)
  AssertionError [ERR_ASSERTION]: Expected values to be strictly equal:
  + actual - expected
  
  + 'REVIEW_SHADOW_BUILT'
  - 'POLICY'
  
      at TestContext.<anonymous> (file:///workspace/scratch/adce1c53b293/harness-kit/docs/implementation/2026-09-05-harness-hardening/h07/prototype-red-source/tests/review.test.mjs:86:108)
      at Test.runInAsyncScope (node:async_hooks:227:14)
      at Test.run (node:internal/test_runner/test:1382:25)
      at Test.start (node:internal/test_runner/test:1242:17)
      at startSubtestAfterBootstrap (node:internal/test_runner/harness:387:17) {
    generatedMessage: true,
    code: 'ERR_ASSERTION',
    actual: 'REVIEW_SHADOW_BUILT',
    expected: 'POLICY',
    operator: 'strictEqual',
    diff: 'simple'
  }
